ARM Linker, 5.03 [Build 76] [MDK-ARM Lite]

==============================================================================

Section Cross References

    main.o(i.PB_Config) refers to stm32f429i_discovery.o(i.STM_EVAL_PBInit) for STM_EVAL_PBInit
    main.o(i.RTC_Config) refers to stm32f4xx_rcc.o(i.RCC_APB1PeriphClockCmd) for RCC_APB1PeriphClockCmd
    main.o(i.RTC_Config) refers to stm32f4xx_pwr.o(i.PWR_BackupAccessCmd) for PWR_BackupAccessCmd
    main.o(i.RTC_Config) refers to stm32f4xx_rcc.o(i.RCC_LSEConfig) for RCC_LSEConfig
    main.o(i.RTC_Config) refers to stm32f4xx_rcc.o(i.RCC_GetFlagStatus) for RCC_GetFlagStatus
    main.o(i.RTC_Config) refers to stm32f4xx_rcc.o(i.RCC_RTCCLKConfig) for RCC_RTCCLKConfig
    main.o(i.RTC_Config) refers to stm32f4xx_rcc.o(i.RCC_RTCCLKCmd) for RCC_RTCCLKCmd
    main.o(i.RTC_Config) refers to stm32f4xx_rtc.o(i.RTC_WaitForSynchro) for RTC_WaitForSynchro
    main.o(i.RTC_Config) refers to stm32f4xx_rtc.o(i.RTC_Init) for RTC_Init
    main.o(i.RTC_Config) refers to stm32f4xx_rtc.o(i.RTC_SetTime) for RTC_SetTime
    main.o(i.RTC_Config) refers to stm32f4xx_rtc.o(i.RTC_SetDate) for RTC_SetDate
    main.o(i.RTC_Config) refers to stm32f4xx_rtc.o(i.RTC_WakeUpClockConfig) for RTC_WakeUpClockConfig
    main.o(i.RTC_Config) refers to stm32f4xx_rtc.o(i.RTC_SetWakeUpCounter) for RTC_SetWakeUpCounter
    main.o(i.RTC_Config) refers to stm32f4xx_rtc.o(i.RTC_ITConfig) for RTC_ITConfig
    main.o(i.RTC_Config) refers to stm32f4xx_rtc.o(i.RTC_WakeUpCmd) for RTC_WakeUpCmd
    main.o(i.RTC_Config) refers to stm32f4xx_rcc.o(i.RCC_AHB1PeriphClockCmd) for RCC_AHB1PeriphClockCmd
    main.o(i.RTC_Config) refers to main.o(.bss) for RTC_InitStructure
    main.o(i.RTC_Config) refers to main.o(.data) for RTC_TimeStructure
    main.o(i.main) refers to main.o(i.PB_Config) for PB_Config
    main.o(i.main) refers to stm32f429i_discovery_lcd.o(i.LCD_Init) for LCD_Init
    main.o(i.main) refers to stm32f429i_discovery_lcd.o(i.LCD_LayerInit) for LCD_LayerInit
    main.o(i.main) refers to stm32f4xx_ltdc.o(i.LTDC_Cmd) for LTDC_Cmd
    main.o(i.main) refers to stm32f429i_discovery_lcd.o(i.LCD_SetLayer) for LCD_SetLayer
    main.o(i.main) refers to main.o(i.RTC_Config) for RTC_Config
    main.o(i.main) refers to main.o(i.ExtPB_Config) for ExtPB_Config
    main.o(i.main) refers to stm32f429i_discovery_lcd.o(i.LCD_Clear) for LCD_Clear
    main.o(i.main) refers to stm32f4xx_rtc.o(i.RTC_GetTime) for RTC_GetTime
    main.o(i.main) refers to printf1.o(i.__0sprintf$1) for __2sprintf
    main.o(i.main) refers to stm32f429i_discovery_lcd.o(i.LCD_GetFont) for LCD_GetFont
    main.o(i.main) refers to stm32f429i_discovery_lcd.o(i.LCD_DisplayStringLine) for LCD_DisplayStringLine
    main.o(i.main) refers to main.o(.data) for RTC_TimeStructure
    main.o(i.main) refers to main.o(.bss) for time
    stm32f4xx_it.o(i.EXTI0_IRQHandler) refers to stm32f4xx_exti.o(i.EXTI_ClearITPendingBit) for EXTI_ClearITPendingBit
    stm32f4xx_it.o(i.EXTI1_IRQHandler) refers to stm32f4xx_exti.o(i.EXTI_ClearITPendingBit) for EXTI_ClearITPendingBit
    system_stm32f4xx.o(i.SystemCoreClockUpdate) refers to system_stm32f4xx.o(.data) for SystemCoreClock
    system_stm32f4xx.o(i.SystemInit) refers to system_stm32f4xx.o(i.SetSysClock) for SetSysClock
    startup_stm32f429_439xx.o(RESET) refers to startup_stm32f429_439xx.o(STACK) for __initial_sp
    startup_stm32f429_439xx.o(RESET) refers to startup_stm32f429_439xx.o(.text) for Reset_Handler
    startup_stm32f429_439xx.o(RESET) refers to stm32f4xx_it.o(i.NMI_Handler) for NMI_Handler
    startup_stm32f429_439xx.o(RESET) refers to stm32f4xx_it.o(i.HardFault_Handler) for HardFault_Handler
    startup_stm32f429_439xx.o(RESET) refers to stm32f4xx_it.o(i.MemManage_Handler) for MemManage_Handler
    startup_stm32f429_439xx.o(RESET) refers to stm32f4xx_it.o(i.BusFault_Handler) for BusFault_Handler
    startup_stm32f429_439xx.o(RESET) refers to stm32f4xx_it.o(i.UsageFault_Handler) for UsageFault_Handler
    startup_stm32f429_439xx.o(RESET) refers to stm32f4xx_it.o(i.SVC_Handler) for SVC_Handler
    startup_stm32f429_439xx.o(RESET) refers to stm32f4xx_it.o(i.DebugMon_Handler) for DebugMon_Handler
    startup_stm32f429_439xx.o(RESET) refers to stm32f4xx_it.o(i.PendSV_Handler) for PendSV_Handler
    startup_stm32f429_439xx.o(RESET) refers to stm32f4xx_it.o(i.SysTick_Handler) for SysTick_Handler
    startup_stm32f429_439xx.o(RESET) refers to stm32f4xx_it.o(i.EXTI0_IRQHandler) for EXTI0_IRQHandler
    startup_stm32f429_439xx.o(RESET) refers to stm32f4xx_it.o(i.EXTI1_IRQHandler) for EXTI1_IRQHandler
    startup_stm32f429_439xx.o(RESET) refers to stm32f4xx_it.o(i.EXTI3_IRQHandler) for EXTI3_IRQHandler
    startup_stm32f429_439xx.o(RESET) refers to stm32f429i_discovery_i2c_ee.o(i.DMA1_Stream2_IRQHandler) for DMA1_Stream2_IRQHandler
    startup_stm32f429_439xx.o(RESET) refers to stm32f429i_discovery_i2c_ee.o(i.DMA1_Stream4_IRQHandler) for DMA1_Stream4_IRQHandler
[...]
    Removing stm32f4xx_rcc.o(i.RCC_AdjustHSICalibrationValue), (24 bytes).
    Removing stm32f4xx_rcc.o(i.RCC_BackupResetCmd), (12 bytes).
    Removing stm32f4xx_rcc.o(i.RCC_ClearFlag), (20 bytes).
    Removing stm32f4xx_rcc.o(i.RCC_ClearITPendingBit), (12 bytes).
    Removing stm32f4xx_rcc.o(i.RCC_ClockSecuritySystemCmd), (12 bytes).
    Removing stm32f4xx_rcc.o(i.RCC_DeInit), (100 bytes).
    Removing stm32f4xx_rcc.o(i.RCC_GetClocksFreq), (232 bytes).
    Removing stm32f4xx_rcc.o(i.RCC_GetITStatus), (24 bytes).
    Removing stm32f4xx_rcc.o(i.RCC_GetSYSCLKSource), (16 bytes).
    Removing stm32f4xx_rcc.o(i.RCC_HCLKConfig), (24 bytes).
    Removing stm32f4xx_rcc.o(i.RCC_HSEConfig), (16 bytes).
    Removing stm32f4xx_rcc.o(i.RCC_HSICmd), (12 bytes).
    Removing stm32f4xx_rcc.o(i.RCC_I2SCLKConfig), (12 bytes).
    Removing stm32f4xx_rcc.o(i.RCC_ITConfig), (32 bytes).
    Removing stm32f4xx_rcc.o(i.RCC_LSICmd), (12 bytes).
    Removing stm32f4xx_rcc.o(i.RCC_MCO1Config), (28 bytes).
    Removing stm32f4xx_rcc.o(i.RCC_MCO2Config), (28 bytes).
    Removing stm32f4xx_rcc.o(i.RCC_PCLK1Config), (24 bytes).
    Removing stm32f4xx_rcc.o(i.RCC_PCLK2Config), (24 bytes).
    Removing stm32f4xx_rcc.o(i.RCC_PLLCmd), (12 bytes).
    Removing stm32f4xx_rcc.o(i.RCC_PLLConfig), (36 bytes).
    Removing stm32f4xx_rcc.o(i.RCC_PLLI2SCmd), (12 bytes).
    Removing stm32f4xx_rcc.o(i.RCC_PLLI2SConfig), (24 bytes).
    Removing stm32f4xx_rcc.o(i.RCC_SAIBlockACLKConfig), (24 bytes).
    Removing stm32f4xx_rcc.o(i.RCC_SAIBlockBCLKConfig), (24 bytes).
    Removing stm32f4xx_rcc.o(i.RCC_SAIPLLI2SClkDivConfig), (28 bytes).
    Removing stm32f4xx_rcc.o(i.RCC_SAIPLLSAIClkDivConfig), (28 bytes).
    Removing stm32f4xx_rcc.o(i.RCC_SYSCLKConfig), (24 bytes).
    Removing stm32f4xx_rcc.o(i.RCC_TIMCLKPresConfig), (12 bytes).
    Removing stm32f4xx_rcc.o(i.RCC_WaitForHSEStartUp), (56 bytes).
    Removing stm32f4xx_rcc.o(.data), (16 bytes).
    Removing stm32f4xx_spi.o(.rev16_text), (4 bytes).
    Removing stm32f4xx_spi.o(.revsh_text), (4 bytes).
    Removing stm32f4xx_spi.o(i.I2S_Cmd), (24 bytes).
    Removing stm32f4xx_spi.o(i.I2S_FullDuplexConfig), (80 bytes).
    Removing stm32f4xx_spi.o(i.I2S_Init), (356 bytes).
    Removing stm32f4xx_spi.o(i.I2S_StructInit), (20 bytes).
    Removing stm32f4xx_spi.o(i.SPI_BiDirectionalLineConfig), (28 bytes).
    Removing stm32f4xx_spi.o(i.SPI_CalculateCRC), (24 bytes).
    Removing stm32f4xx_spi.o(i.SPI_DataSizeConfig), (18 bytes).
    Removing stm32f4xx_spi.o(i.SPI_GetCRC), (16 bytes).
    Removing stm32f4xx_spi.o(i.SPI_GetCRCPolynomial), (6 bytes).
    Removing stm32f4xx_spi.o(i.SPI_I2S_ClearFlag), (6 bytes).
    Removing stm32f4xx_spi.o(i.SPI_I2S_ClearITPendingBit), (20 bytes).
    Removing stm32f4xx_spi.o(i.SPI_I2S_DMACmd), (18 bytes).
    Removing stm32f4xx_spi.o(i.SPI_I2S_GetITStatus), (52 bytes).
    Removing stm32f4xx_spi.o(i.SPI_I2S_ITConfig), (32 bytes).
    Removing stm32f4xx_spi.o(i.SPI_I2S_ReceiveData), (6 bytes).
    Removing stm32f4xx_spi.o(i.SPI_NSSInternalSoftwareConfig), (30 bytes).
    Removing stm32f4xx_spi.o(i.SPI_SSOutputCmd), (24 bytes).
    Removing stm32f4xx_spi.o(i.SPI_StructInit), (24 bytes).
    Removing stm32f4xx_spi.o(i.SPI_TIModeCmd), (24 bytes).
    Removing stm32f4xx_spi.o(i.SPI_TransmitCRC), (10 bytes).
    Removing stm32f4xx_syscfg.o(.rev16_text), (4 bytes).
    Removing stm32f4xx_syscfg.o(.revsh_text), (4 bytes).
    Removing stm32f4xx_syscfg.o(i.SYSCFG_CompensationCellCmd), (12 bytes).
    Removing stm32f4xx_syscfg.o(i.SYSCFG_DeInit), (22 bytes).
    Removing stm32f4xx_syscfg.o(i.SYSCFG_ETH_MediaInterfaceConfig), (12 bytes).
    Removing stm32f4xx_syscfg.o(i.SYSCFG_GetCompensationCellStatus), (24 bytes).
    Removing stm32f4xx_syscfg.o(i.SYSCFG_MemoryRemapConfig), (12 bytes).
    Removing stm32f4xx_syscfg.o(i.SYSCFG_MemorySwappingBank), (12 bytes).
    Removing stm32f4xx_tim.o(.rev16_text), (4 bytes).
    Removing stm32f4xx_tim.o(.revsh_text), (4 bytes).
    Removing stm32f4xx_tim.o(i.TI1_Config), (58 bytes).
    Removing stm32f4xx_tim.o(i.TI2_Config), (80 bytes).
    Removing stm32f4xx_tim.o(i.TI3_Config), (72 bytes).
    Removing stm32f4xx_tim.o(i.TI4_Config), (80 bytes).
    Removing stm32f4xx_tim.o(i.TIM_ARRPreloadConfig), (24 bytes).
    Removing stm32f4xx_tim.o(i.TIM_BDTRConfig), (32 bytes).
    Removing stm32f4xx_tim.o(i.TIM_BDTRStructInit), (18 bytes).
    Removing stm32f4xx_tim.o(i.TIM_CCPreloadControl), (24 bytes).
    Removing stm32f4xx_tim.o(i.TIM_CCxCmd), (30 bytes).
    Removing stm32f4xx_tim.o(i.TIM_CCxNCmd), (30 bytes).
    Removing stm32f4xx_tim.o(i.TIM_ClearFlag), (6 bytes).
    Removing stm32f4xx_tim.o(i.TIM_ClearITPendingBit), (6 bytes).
    Removing stm32f4xx_tim.o(i.TIM_ClearOC1Ref), (18 bytes).
    Removing stm32f4xx_tim.o(i.TIM_ClearOC2Ref), (24 bytes).
    Removing stm32f4xx_tim.o(i.TIM_ClearOC3Ref), (18 bytes).
    Removing stm32f4xx_tim.o(i.TIM_ClearOC4Ref), (24 bytes).
    Removing stm32f4xx_tim.o(i.TIM_Cmd), (24 bytes).
    Removing stm32f4xx_tim.o(i.TIM_CounterModeConfig), (18 bytes).
    Removing stm32f4xx_tim.o(i.TIM_CtrlPWMOutputs), (30 bytes).
    Removing stm32f4xx_tim.o(i.TIM_DMACmd), (18 bytes).
    Removing stm32f4xx_tim.o(i.TIM_DMAConfig), (10 bytes).
    Removing stm32f4xx_tim.o(i.TIM_DeInit), (400 bytes).
    Removing stm32f4xx_tim.o(i.TIM_ETRClockMode1Config), (54 bytes).
    Removing stm32f4xx_tim.o(i.TIM_ETRClockMode2Config), (32 bytes).
    Removing stm32f4xx_tim.o(i.TIM_ETRConfig), (28 bytes).
    Removing stm32f4xx_tim.o(i.TIM_EncoderInterfaceConfig), (66 bytes).
    Removing stm32f4xx_tim.o(i.TIM_ForcedOC1Config), (18 bytes).
    Removing stm32f4xx_tim.o(i.TIM_ForcedOC2Config), (26 bytes).
    Removing stm32f4xx_tim.o(i.TIM_ForcedOC3Config), (18 bytes).
    Removing stm32f4xx_tim.o(i.TIM_ForcedOC4Config), (26 bytes).
    Removing stm32f4xx_tim.o(i.TIM_GenerateEvent), (4 bytes).
    Removing stm32f4xx_tim.o(i.TIM_GetCapture1), (6 bytes).
    Removing stm32f4xx_tim.o(i.TIM_GetCapture2), (6 bytes).
    Removing stm32f4xx_tim.o(i.TIM_GetCapture3), (6 bytes).
    Removing stm32f4xx_tim.o(i.TIM_GetCapture4), (6 bytes).
    Removing stm32f4xx_tim.o(i.TIM_GetCounter), (6 bytes).
    Removing stm32f4xx_tim.o(i.TIM_GetFlagStatus), (18 bytes).
    Removing stm32f4xx_tim.o(i.TIM_GetITStatus), (34 bytes).
    Removing stm32f4xx_tim.o(i.TIM_GetPrescaler), (6 bytes).
    Removing stm32f4xx_tim.o(i.TIM_ICInit), (110 bytes).
    Removing stm32f4xx_tim.o(i.TIM_ICStructInit), (18 bytes).
    Removing stm32f4xx_tim.o(i.TIM_ITConfig), (18 bytes).
    Removing stm32f4xx_tim.o(i.TIM_ITRxExternalClockConfig), (24 bytes).
    Removing stm32f4xx_tim.o(i.TIM_InternalClockConfig), (12 bytes).
    Removing stm32f4xx_tim.o(i.TIM_OC1FastConfig), (18 bytes).
    Removing stm32f4xx_tim.o(i.TIM_OC1Init), (124 bytes).
    Removing stm32f4xx_tim.o(i.TIM_OC1NPolarityConfig), (18 bytes).
    Removing stm32f4xx_tim.o(i.TIM_OC1PolarityConfig), (18 bytes).
    Removing stm32f4xx_tim.o(i.TIM_OC1PreloadConfig), (18 bytes).
    Removing stm32f4xx_tim.o(i.TIM_OC2FastConfig), (26 bytes).
    Removing stm32f4xx_tim.o(i.TIM_OC2Init), (164 bytes).
    Removing stm32f4xx_tim.o(i.TIM_OC2NPolarityConfig), (26 bytes).
    Removing stm32f4xx_tim.o(i.TIM_OC2PolarityConfig), (26 bytes).
    Removing stm32f4xx_tim.o(i.TIM_OC2PreloadConfig), (26 bytes).
    Removing stm32f4xx_tim.o(i.TIM_OC3FastConfig), (18 bytes).
    Removing stm32f4xx_tim.o(i.TIM_OC3Init), (160 bytes).
    Removing stm32f4xx_tim.o(i.TIM_OC3NPolarityConfig), (26 bytes).
    Removing stm32f4xx_tim.o(i.TIM_OC3PolarityConfig), (26 bytes).
    Removing stm32f4xx_tim.o(i.TIM_OC3PreloadConfig), (18 bytes).
    Removing stm32f4xx_tim.o(i.TIM_OC4FastConfig), (26 bytes).
    Removing stm32f4xx_tim.o(i.TIM_OC4Init), (120 bytes).
    Removing stm32f4xx_tim.o(i.TIM_OC4PolarityConfig), (26 bytes).
    Removing stm32f4xx_tim.o(i.TIM_OC4PreloadConfig), (26 bytes).
    Removing stm32f4xx_tim.o(i.TIM_OCStructInit), (20 bytes).
    Removing stm32f4xx_tim.o(i.TIM_PWMIConfig), (124 bytes).
    Removing stm32f4xx_tim.o(i.TIM_PrescalerConfig), (6 bytes).
    Removing stm32f4xx_tim.o(i.TIM_RemapConfig), (6 bytes).
    Removing stm32f4xx_tim.o(i.TIM_SelectCCDMA), (24 bytes).
    Removing stm32f4xx_tim.o(i.TIM_SelectCOM), (24 bytes).
    Removing stm32f4xx_tim.o(i.TIM_SelectHallSensor), (24 bytes).
    Removing stm32f4xx_tim.o(i.TIM_SelectInputTrigger), (18 bytes).
    Removing stm32f4xx_tim.o(i.TIM_SelectMasterSlaveMode), (18 bytes).
    Removing stm32f4xx_tim.o(i.TIM_SelectOCxM), (86 bytes).
    Removing stm32f4xx_tim.o(i.TIM_SelectOnePulseMode), (18 bytes).
    Removing stm32f4xx_tim.o(i.TIM_SelectOutputTrigger), (18 bytes).
    Removing stm32f4xx_tim.o(i.TIM_SelectSlaveMode), (18 bytes).
    Removing stm32f4xx_tim.o(i.TIM_SetAutoreload), (4 bytes).
    Removing stm32f4xx_tim.o(i.TIM_SetClockDivision), (18 bytes).
    Removing stm32f4xx_tim.o(i.TIM_SetCompare1), (4 bytes).
    Removing stm32f4xx_tim.o(i.TIM_SetCompare2), (4 bytes).
    Removing stm32f4xx_tim.o(i.TIM_SetCompare3), (4 bytes).
    Removing stm32f4xx_tim.o(i.TIM_SetCompare4), (4 bytes).
    Removing stm32f4xx_tim.o(i.TIM_SetCounter), (4 bytes).
    Removing stm32f4xx_tim.o(i.TIM_SetIC1Prescaler), (18 bytes).
    Removing stm32f4xx_tim.o(i.TIM_SetIC2Prescaler), (26 bytes).
    Removing stm32f4xx_tim.o(i.TIM_SetIC3Prescaler), (18 bytes).
    Removing stm32f4xx_tim.o(i.TIM_SetIC4Prescaler), (26 bytes).
    Removing stm32f4xx_tim.o(i.TIM_TIxExternalClockConfig), (62 bytes).
    Removing stm32f4xx_tim.o(i.TIM_TimeBaseInit), (132 bytes).
    Removing stm32f4xx_tim.o(i.TIM_TimeBaseStructInit), (18 bytes).
    Removing stm32f4xx_tim.o(i.TIM_UpdateDisableConfig), (24 bytes).
    Removing stm32f4xx_tim.o(i.TIM_UpdateRequestConfig), (24 bytes).
    Removing stm32f4xx_rtc.o(.rev16_text), (4 bytes).
    Removing stm32f4xx_rtc.o(.revsh_text), (4 bytes).
    Removing stm32f4xx_rtc.o(i.RTC_AlarmCmd), (116 bytes).
    Removing stm32f4xx_rtc.o(i.RTC_AlarmStructInit), (22 bytes).
    Removing stm32f4xx_rtc.o(i.RTC_AlarmSubSecondConfig), (52 bytes).
    Removing stm32f4xx_rtc.o(i.RTC_BypassShadowCmd), (60 bytes).
    Removing stm32f4xx_rtc.o(i.RTC_CalibOutputCmd), (60 bytes).
    Removing stm32f4xx_rtc.o(i.RTC_CalibOutputConfig), (48 bytes).
    Removing stm32f4xx_rtc.o(i.RTC_ClearFlag), (28 bytes).
    Removing stm32f4xx_rtc.o(i.RTC_ClearITPendingBit), (32 bytes).
    Removing stm32f4xx_rtc.o(i.RTC_CoarseCalibCmd), (80 bytes).
    Removing stm32f4xx_rtc.o(i.RTC_CoarseCalibConfig), (56 bytes).
    Removing stm32f4xx_rtc.o(i.RTC_DateStructInit), (14 bytes).
    Removing stm32f4xx_rtc.o(i.RTC_DayLightSavingConfig), (56 bytes).
    Removing stm32f4xx_rtc.o(i.RTC_DeInit), (212 bytes).
    Removing stm32f4xx_rtc.o(i.RTC_GetAlarm), (116 bytes).
    Removing stm32f4xx_rtc.o(i.RTC_GetAlarmSubSecond), (36 bytes).
    Removing stm32f4xx_rtc.o(i.RTC_GetDate), (76 bytes).
    Removing stm32f4xx_rtc.o(i.RTC_GetFlagStatus), (40 bytes).
    Removing stm32f4xx_rtc.o(i.RTC_GetITStatus), (64 bytes).
    Removing stm32f4xx_rtc.o(i.RTC_GetStoreOperation), (16 bytes).
    Removing stm32f4xx_rtc.o(i.RTC_GetSubSecond), (20 bytes).
    Removing stm32f4xx_rtc.o(i.RTC_GetTimeStamp), (156 bytes).
    Removing stm32f4xx_rtc.o(i.RTC_GetTimeStampSubSecond), (12 bytes).
    Removing stm32f4xx_rtc.o(i.RTC_GetWakeUpCounter), (12 bytes).
    Removing stm32f4xx_rtc.o(i.RTC_OutputConfig), (56 bytes).
    Removing stm32f4xx_rtc.o(i.RTC_OutputTypeConfig), (28 bytes).
    Removing stm32f4xx_rtc.o(i.RTC_ReadBackupRegister), (32 bytes).
    Removing stm32f4xx_rtc.o(i.RTC_RefClockCmd), (80 bytes).
    Removing stm32f4xx_rtc.o(i.RTC_SetAlarm), (236 bytes).
    Removing stm32f4xx_rtc.o(i.RTC_SmoothCalibConfig), (96 bytes).
    Removing stm32f4xx_rtc.o(i.RTC_StructInit), (14 bytes).
    Removing stm32f4xx_rtc.o(i.RTC_SynchroShiftConfig), (124 bytes).
    Removing stm32f4xx_rtc.o(i.RTC_TamperCmd), (32 bytes).
    Removing stm32f4xx_rtc.o(i.RTC_TamperFilterConfig), (28 bytes).
    Removing stm32f4xx_rtc.o(i.RTC_TamperPinSelection), (28 bytes).
    Removing stm32f4xx_rtc.o(i.RTC_TamperPinsPrechargeDuration), (28 bytes).
    Removing stm32f4xx_rtc.o(i.RTC_TamperPullUpCmd), (36 bytes).
    Removing stm32f4xx_rtc.o(i.RTC_TamperSamplingFreqConfig), (28 bytes).
    Removing stm32f4xx_rtc.o(i.RTC_TamperTriggerConfig), (36 bytes).
    Removing stm32f4xx_rtc.o(i.RTC_TimeStampCmd), (56 bytes).
    Removing stm32f4xx_rtc.o(i.RTC_TimeStampOnTamperDetectionCmd), (36 bytes).
    Removing stm32f4xx_rtc.o(i.RTC_TimeStampPinSelection), (28 bytes).
    Removing stm32f4xx_rtc.o(i.RTC_TimeStructInit), (12 bytes).
    Removing stm32f4xx_rtc.o(i.RTC_WriteBackupRegister), (28 bytes).
    Removing stm32f4xx_rtc.o(i.RTC_WriteProtectionCmd), (28 bytes).
    Removing stm32f4xx_pwr.o(.rev16_text), (4 bytes).
    Removing stm32f4xx_pwr.o(.revsh_text), (4 bytes).
    Removing stm32f4xx_pwr.o(i.PWR_BackupRegulatorCmd), (12 bytes).
    Removing stm32f4xx_pwr.o(i.PWR_ClearFlag), (40 bytes).
    Removing stm32f4xx_pwr.o(i.PWR_DeInit), (22 bytes).
    Removing stm32f4xx_pwr.o(i.PWR_EnterSTANDBYMode), (52 bytes).
    Removing stm32f4xx_pwr.o(i.PWR_EnterSTOPMode), (68 bytes).
    Removing stm32f4xx_pwr.o(i.PWR_EnterUnderDriveSTOPMode), (68 bytes).
    Removing stm32f4xx_pwr.o(i.PWR_FlashPowerDownCmd), (12 bytes).
    Removing stm32f4xx_pwr.o(i.PWR_GetFlagStatus), (24 bytes).
    Removing stm32f4xx_pwr.o(i.PWR_MainRegulatorModeConfig), (24 bytes).
    Removing stm32f4xx_pwr.o(i.PWR_OverDriveCmd), (12 bytes).
    Removing stm32f4xx_pwr.o(i.PWR_OverDriveSWCmd), (12 bytes).
    Removing stm32f4xx_pwr.o(i.PWR_PVDCmd), (12 bytes).
    Removing stm32f4xx_pwr.o(i.PWR_PVDLevelConfig), (24 bytes).
    Removing stm32f4xx_pwr.o(i.PWR_UnderDriveCmd), (36 bytes).
    Removing stm32f4xx_pwr.o(i.PWR_WakeUpPinCmd), (12 bytes).
    Removing stm32f429i_discovery.o(.rev16_text), (4 bytes).
    Removing stm32f429i_discovery.o(.revsh_text), (4 bytes).
    Removing stm32f429i_discovery.o(i.STM_EVAL_LEDInit), (76 bytes).
    Removing stm32f429i_discovery.o(i.STM_EVAL_LEDOff), (24 bytes).
    Removing stm32f429i_discovery.o(i.STM_EVAL_LEDOn), (24 bytes).
    Removing stm32f429i_discovery.o(i.STM_EVAL_LEDToggle), (36 bytes).
    Removing stm32f429i_discovery.o(i.STM_EVAL_PBGetState), (32 bytes).
    Removing stm32f429i_discovery.o(i.sEE_LowLevel_DMAConfig), (64 bytes).
    Removing stm32f429i_discovery.o(i.sEE_LowLevel_DeInit), (156 bytes).
    Removing stm32f429i_discovery.o(i.sEE_LowLevel_Init), (348 bytes).
    Removing stm32f429i_discovery.o(.bss), (60 bytes).
    Removing stm32f429i_discovery_lcd.o(.rev16_text), (4 bytes).
    Removing stm32f429i_discovery_lcd.o(.revsh_text), (4 bytes).
    Removing stm32f429i_discovery_lcd.o(i.LCD_ClearLine), (60 bytes).
    Removing stm32f429i_discovery_lcd.o(i.LCD_ClosedPolyLine), (48 bytes).
    Removing stm32f429i_discovery_lcd.o(i.LCD_ClosedPolyLineRelative), (18 bytes).
    Removing stm32f429i_discovery_lcd.o(i.LCD_DeInit), (544 bytes).
    Removing stm32f429i_discovery_lcd.o(i.LCD_DisplayOff), (10 bytes).
    Removing stm32f429i_discovery_lcd.o(i.LCD_DisplayOn), (10 bytes).
    Removing stm32f429i_discovery_lcd.o(i.LCD_DrawCircle), (204 bytes).
    Removing stm32f429i_discovery_lcd.o(i.LCD_DrawEllipse), (716 bytes).
    Removing stm32f429i_discovery_lcd.o(i.LCD_DrawFullCircle), (146 bytes).
    Removing stm32f429i_discovery_lcd.o(i.LCD_DrawFullEllipse), (512 bytes).
    Removing stm32f429i_discovery_lcd.o(i.LCD_DrawFullRect), (160 bytes).
    Removing stm32f429i_discovery_lcd.o(i.LCD_DrawLine), (168 bytes).
    Removing stm32f429i_discovery_lcd.o(i.LCD_DrawMonoPict), (80 bytes).
    Removing stm32f429i_discovery_lcd.o(i.LCD_DrawRect), (68 bytes).
    Removing stm32f429i_discovery_lcd.o(i.LCD_DrawUniLine), (286 bytes).
    Removing stm32f429i_discovery_lcd.o(i.LCD_FillPolyLine), (432 bytes).
    Removing stm32f429i_discovery_lcd.o(i.LCD_FillTriangle), (296 bytes).
    Removing stm32f429i_discovery_lcd.o(i.LCD_GetColors), (24 bytes).
    Removing stm32f429i_discovery_lcd.o(i.LCD_PolyLine), (68 bytes).
    Removing stm32f429i_discovery_lcd.o(i.LCD_PolyLineRelative), (18 bytes).
    Removing stm32f429i_discovery_lcd.o(i.LCD_PolyLineRelativeClosed), (118 bytes).
    Removing stm32f429i_discovery_lcd.o(i.LCD_ReSetColorKeying), (56 bytes).
    Removing stm32f429i_discovery_lcd.o(i.LCD_SetBackColor), (12 bytes).
    Removing stm32f429i_discovery_lcd.o(i.LCD_SetColorKeying), (76 bytes).
    Removing stm32f429i_discovery_lcd.o(i.LCD_SetColors), (20 bytes).
    Removing stm32f429i_discovery_lcd.o(i.LCD_SetCursor), (28 bytes).
    Removing stm32f429i_discovery_lcd.o(i.LCD_SetDisplayWindow), (100 bytes).
    Removing stm32f429i_discovery_lcd.o(i.LCD_SetTextColor), (12 bytes).
    Removing stm32f429i_discovery_lcd.o(i.LCD_SetTransparency), (48 bytes).
    Removing stm32f429i_discovery_lcd.o(i.LCD_Triangle), (108 bytes).
    Removing stm32f429i_discovery_lcd.o(i.LCD_WindowModeDisable), (18 bytes).
    Removing stm32f429i_discovery_lcd.o(i.LCD_WriteBMP), (332 bytes).
    Removing stm32f429i_discovery_lcd.o(i.PutPixel), (42 bytes).
    Removing stm32f429i_discovery_sdram.o(.rev16_text), (4 bytes).
    Removing stm32f429i_discovery_sdram.o(.revsh_text), (4 bytes).
    Removing stm32f429i_discovery_sdram.o(i.SDRAM_ReadBuffer), (50 bytes).
    Removing stm32f429i_discovery_sdram.o(i.SDRAM_WriteBuffer), (58 bytes).
    Removing stm32f429i_discovery_i2c_ee.o(.rev16_text), (4 bytes).
    Removing stm32f429i_discovery_i2c_ee.o(.revsh_text), (4 bytes).
    Removing stm32f429i_discovery_i2c_ee.o(i.sEE_DeInit), (8 bytes).
    Removing stm32f429i_discovery_i2c_ee.o(i.sEE_Init), (100 bytes).
    Removing stm32f429i_discovery_i2c_ee.o(i.sEE_ReadBuffer), (576 bytes).
    Removing stm32f429i_discovery_i2c_ee.o(i.sEE_WaitEepromStandbyState), (232 bytes).
    Removing stm32f429i_discovery_i2c_ee.o(i.sEE_WriteBuffer), (700 bytes).
    Removing stm32f429i_discovery_i2c_ee.o(i.sEE_WritePage), (304 bytes).
    Removing dadd.o(.text), (334 bytes).
    Removing dmul.o(.text), (228 bytes).
    Removing ddiv.o(.text), (222 bytes).
    Removing dfixul.o(.text), (48 bytes).
    Removing cdrcmple.o(.text), (40 bytes).
    Removing depilogue.o(.text), (190 bytes).

492 unused section(s) (total 25688 bytes) removed from the image.

==============================================================================

Image Symbol Table

    Local Symbols

    Symbol Name                              Value     Ov Type        Size  Object(Section)

    ../clib/microlib/division.c              0x00000000   Number         0  uldiv.o ABSOLUTE
    ../clib/microlib/division.c              0x00000000   Number         0  uidiv.o ABSOLUTE
    ../clib/microlib/init/entry.s            0x00000000   Number         0  entry10b.o ABSOLUTE
    ../clib/microlib/init/entry.s            0x00000000   Number         0  entry8b.o ABSOLUTE
    ../clib/microlib/init/entry.s            0x00000000   Number         0  entry8a.o ABSOLUTE
    ../clib/microlib/init/entry.s            0x00000000   Number         0  entry11a.o ABSOLUTE
    ../clib/microlib/init/entry.s            0x00000000   Number         0  entry7b.o ABSOLUTE
    ../clib/microlib/init/entry.s            0x00000000   Number         0  entry7a.o ABSOLUTE
    ../clib/microlib/init/entry.s            0x00000000   Number         0  entry5.o ABSOLUTE
    ../clib/microlib/init/entry.s            0x00000000   Number         0  entry11b.o ABSOLUTE
    ../clib/microlib/init/entry.s            0x00000000   Number         0  entry2.o ABSOLUTE
    ../clib/microlib/init/entry.s            0x00000000   Number         0  entry9b.o ABSOLUTE
    ../clib/microlib/init/entry.s            0x00000000   Number         0  entry.o ABSOLUTE
    ../clib/microlib/init/entry.s            0x00000000   Number         0  entry10a.o ABSOLUTE
    ../clib/microlib/init/entry.s            0x00000000   Number         0  entry9a.o ABSOLUTE
    ../clib/microlib/longlong.c              0x00000000   Number         0  llsshr.o ABSOLUTE
    ../clib/microlib/longlong.c              0x00000000   Number         0  llushr.o ABSOLUTE
    ../clib/microlib/longlong.c              0x00000000   Number         0  llshl.o ABSOLUTE
    ../clib/microlib/printf/printf.c         0x00000000   Number         0  printf6.o ABSOLUTE
    ../clib/microlib/printf/printf.c         0x00000000   Number         0  printf5.o ABSOLUTE
    ../clib/microlib/printf/printf.c         0x00000000   Number         0  printf4.o ABSOLUTE
    ../clib/microlib/printf/printf.c         0x00000000   Number         0  printf3.o ABSOLUTE
    ../clib/microlib/printf/printf.c         0x00000000   Number         0  printf2.o ABSOLUTE
    ../clib/microlib/printf/printf.c         0x00000000   Number         0  printf7.o ABSOLUTE
    ../clib/microlib/printf/printf.c         0x00000000   Number         0  printf0.o ABSOLUTE
    ../clib/microlib/printf/printf.c         0x00000000   Number         0  printfb.o ABSOLUTE
    ../clib/microlib/printf/printf.c         0x00000000   Number         0  printf1.o ABSOLUTE
    ../clib/microlib/printf/printf.c         0x00000000   Number         0  printfa.o ABSOLUTE
    ../clib/microlib/printf/printf.c         0x00000000   Number         0  printf8.o ABSOLUTE
    ../clib/microlib/printf/stubs.s          0x00000000   Number         0  stubs.o ABSOLUTE
    ../clib/microlib/stdio/fputc.c           0x00000000   Number         0  fputc.o ABSOLUTE
    ../clib/microlib/stdio/semi.s            0x00000000   Number         0  semi.o ABSOLUTE
    ../clib/microlib/stdio/streams.c         0x00000000   Number         0  stdout.o ABSOLUTE
    ../clib/microlib/stubs.s                 0x00000000   Number         0  iusesemip.o ABSOLUTE
    ../clib/microlib/stubs.s                 0x00000000   Number         0  iusefp.o ABSOLUTE
    ../fplib/microlib/fpadd.c                0x00000000   Number         0  dadd.o ABSOLUTE
    ../fplib/microlib/fpdiv.c                0x00000000   Number         0  ddiv.o ABSOLUTE
    ../fplib/microlib/fpepilogue.c           0x00000000   Number         0  depilogue.o ABSOLUTE
    ../fplib/microlib/fpfix.c                0x00000000   Number         0  dfixul.o ABSOLUTE
    ../fplib/microlib/fpmul.c                0x00000000   Number         0  dmul.o ABSOLUTE
    ..\STM32F429I-Discovery_FW_V1.0.1\Libraries\STM32F4xx_StdPeriph_Driver\src\misc.c 0x00000000   Number         0  misc.o ABSOLUTE
    ..\STM32F429I-Discovery_FW_V1.0.1\Libraries\STM32F4xx_StdPeriph_Driver\src\stm32f4xx_adc.c 0x00000000   Number         0  stm32f4xx_adc.o ABSOLUTE
    ..\STM32F429I-Discovery_FW_V1.0.1\Libraries\STM32F4xx_StdPeriph_Driver\src\stm32f4xx_dma.c 0x00000000   Number         0  stm32f4xx_dma.o ABSOLUTE
    ..\STM32F429I-Discovery_FW_V1.0.1\Libraries\STM32F4xx_StdPeriph_Driver\src\stm32f4xx_dma2d.c 0x00000000   Number         0  stm32f4xx_dma2d.o ABSOLUTE
    ..\STM32F429I-Discovery_FW_V1.0.1\Libraries\STM32F4xx_StdPeriph_Driver\src\stm32f4xx_exti.c 0x00000000   Number         0  stm32f4xx_exti.o ABSOLUTE
    ..\STM32F429I-Discovery_FW_V1.0.1\Libraries\STM32F4xx_StdPeriph_Driver\src\stm32f4xx_fmc.c 0x00000000   Number         0  stm32f4xx_fmc.o ABSOLUTE
    ..\STM32F429I-Discovery_FW_V1.0.1\Libraries\STM32F4xx_StdPeriph_Driver\src\stm32f4xx_gpio.c 0x00000000   Number         0  stm32f4xx_gpio.o ABSOLUTE
    ..\STM32F429I-Discovery_FW_V1.0.1\Libraries\STM32F4xx_StdPeriph_Driver\src\stm32f4xx_i2c.c 0x00000000   Number         0  stm32f4xx_i2c.o ABSOLUTE
    ..\STM32F429I-Discovery_FW_V1.0.1\Libraries\STM32F4xx_StdPeriph_Driver\src\stm32f4xx_ltdc.c 0x00000000   Number         0  stm32f4xx_ltdc.o ABSOLUTE
    ..\STM32F429I-Discovery_FW_V1.0.1\Libraries\STM32F4xx_StdPeriph_Driver\src\stm32f4xx_pwr.c 0x00000000   Number         0  stm32f4xx_pwr.o ABSOLUTE
    ..\STM32F429I-Discovery_FW_V1.0.1\Libraries\STM32F4xx_StdPeriph_Driver\src\stm32f4xx_rcc.c 0x00000000   Number         0  stm32f4xx_rcc.o ABSOLUTE
    ..\STM32F429I-Discovery_FW_V1.0.1\Libraries\STM32F4xx_StdPeriph_Driver\src\stm32f4xx_rtc.c 0x00000000   Number         0  stm32f4xx_rtc.o ABSOLUTE
    ..\STM32F429I-Discovery_FW_V1.0.1\Libraries\STM32F4xx_StdPeriph_Driver\src\stm32f4xx_spi.c 0x00000000   Number         0  stm32f4xx_spi.o ABSOLUTE
    ..\STM32F429I-Discovery_FW_V1.0.1\Libraries\STM32F4xx_StdPeriph_Driver\src\stm32f4xx_syscfg.c 0x00000000   Number         0  stm32f4xx_syscfg.o ABSOLUTE
    ..\STM32F429I-Discovery_FW_V1.0.1\Libraries\STM32F4xx_StdPeriph_Driver\src\stm32f4xx_tim.c 0x00000000   Number         0  stm32f4xx_tim.o ABSOLUTE
    ..\STM32F429I-Discovery_FW_V1.0.1\Utilities\STM32F429I-Discovery\stm32f429i_discovery.c 0x00000000   Number         0  stm32f429i_discovery.o ABSOLUTE
    ..\STM32F429I-Discovery_FW_V1.0.1\Utilities\STM32F429I-Discovery\stm32f429i_discovery_i2c_ee.c 0x00000000   Number         0  stm32f429i_discovery_i2c_ee.o ABSOLUTE
    ..\STM32F429I-Discovery_FW_V1.0.1\Utilities\STM32F429I-Discovery\stm32f429i_discovery_lcd.c 0x00000000   Number         0  stm32f429i_discovery_lcd.o ABSOLUTE
    ..\STM32F429I-Discovery_FW_V1.0.1\Utilities\STM32F429I-Discovery\stm32f429i_discovery_sdram.c 0x00000000   Number         0  stm32f429i_discovery_sdram.o ABSOLUTE
    ..\\STM32F429I-Discovery_FW_V1.0.1\\Libraries\\STM32F4xx_StdPeriph_Driver\\src\\misc.c 0x00000000   Number         0  misc.o ABSOLUTE
    ..\\STM32F429I-Discovery_FW_V1.0.1\\Libraries\\STM32F4xx_StdPeriph_Driver\\src\\stm32f4xx_adc.c 0x00000000   Number         0  stm32f4xx_adc.o ABSOLUTE
    ..\\STM32F429I-Discovery_FW_V1.0.1\\Libraries\\STM32F4xx_StdPeriph_Driver\\src\\stm32f4xx_dma.c 0x00000000   Number         0  stm32f4xx_dma.o ABSOLUTE
    ..\\STM32F429I-Discovery_FW_V1.0.1\\Libraries\\STM32F4xx_StdPeriph_Driver\\src\\stm32f4xx_dma2d.c 0x00000000   Number         0  stm32f4xx_dma2d.o ABSOLUTE
    ..\\STM32F429I-Discovery_FW_V1.0.1\\Libraries\\STM32F4xx_StdPeriph_Driver\\src\\stm32f4xx_exti.c 0x00000000   Number         0  stm32f4xx_exti.o ABSOLUTE
    ..\\STM32F429I-Discovery_FW_V1.0.1\\Libraries\\STM32F4xx_StdPeriph_Driver\\src\\stm32f4xx_fmc.c 0x00000000   Number         0  stm32f4xx_fmc.o ABSOLUTE
    ..\\STM32F429I-Discovery_FW_V1.0.1\\Libraries\\STM32F4xx_StdPeriph_Driver\\src\\stm32f4xx_gpio.c 0x00000000   Number         0  stm32f4xx_gpio.o ABSOLUTE
    ..\\STM32F429I-Discovery_FW_V1.0.1\\Libraries\\STM32F4xx_StdPeriph_Driver\\src\\stm32f4xx_i2c.c 0x00000000   Number         0  stm32f4xx_i2c.o ABSOLUTE
    ..\\STM32F429I-Discovery_FW_V1.0.1\\Libraries\\STM32F4xx_StdPeriph_Driver\\src\\stm32f4xx_ltdc.c 0x00000000   Number         0  stm32f4xx_ltdc.o ABSOLUTE
    ..\\STM32F429I-Discovery_FW_V1.0.1\\Libraries\\STM32F4xx_StdPeriph_Driver\\src\\stm32f4xx_pwr.c 0x00000000   Number         0  stm32f4xx_pwr.o ABSOLUTE
    ..\\STM32F429I-Discovery_FW_V1.0.1\\Libraries\\STM32F4xx_StdPeriph_Driver\\src\\stm32f4xx_rcc.c 0x00000000   Number         0  stm32f4xx_rcc.o ABSOLUTE
    ..\\STM32F429I-Discovery_FW_V1.0.1\\Libraries\\STM32F4xx_StdPeriph_Driver\\src\\stm32f4xx_rtc.c 0x00000000   Number         0  stm32f4xx_rtc.o ABSOLUTE
    ..\\STM32F429I-Discovery_FW_V1.0.1\\Libraries\\STM32F4xx_StdPeriph_Driver\\src\\stm32f4xx_spi.c 0x00000000   Number         0  stm32f4xx_spi.o ABSOLUTE
    ..\\STM32F429I-Discovery_FW_V1.0.1\\Libraries\\STM32F4xx_StdPeriph_Driver\\src\\stm32f4xx_syscfg.c 0x00000000   Number         0  stm32f4xx_syscfg.o ABSOLUTE
    ..\\STM32F429I-Discovery_FW_V1.0.1\\Libraries\\STM32F4xx_StdPeriph_Driver\\src\\stm32f4xx_tim.c 0x00000000   Number         0  stm32f4xx_tim.o ABSOLUTE
    ..\\STM32F429I-Discovery_FW_V1.0.1\\Utilities\\STM32F429I-Discovery\\stm32f429i_discovery.c 0x00000000   Number         0  stm32f429i_discovery.o ABSOLUTE
    ..\\STM32F429I-Discovery_FW_V1.0.1\\Utilities\\STM32F429I-Discovery\\stm32f429i_discovery_i2c_ee.c 0x00000000   Number         0  stm32f429i_discovery_i2c_ee.o ABSOLUTE
    ..\\STM32F429I-Discovery_FW_V1.0.1\\Utilities\\STM32F429I-Discovery\\stm32f429i_discovery_lcd.c 0x00000000   Number         0  stm32f429i_discovery_lcd.o ABSOLUTE
    ..\\STM32F429I-Discovery_FW_V1.0.1\\Utilities\\STM32F429I-Discovery\\stm32f429i_discovery_sdram.c 0x00000000   Number         0  stm32f429i_discovery_sdram.o ABSOLUTE
    cdrcmple.s                               0x00000000   Number         0  cdrcmple.o ABSOLUTE
    dc.s                                     0x00000000   Number         0  dc.o ABSOLUTE
    handlers.s                               0x00000000   Number         0  handlers.o ABSOLUTE
    init.s                                   0x00000000   Number         0  init.o ABSOLUTE
    src\\main.c                              0x00000000   Number         0  main.o ABSOLUTE
    src\\stm32f4xx_it.c                      0x00000000   Number         0  stm32f4xx_it.o ABSOLUTE
    src\\system_stm32f4xx.c                  0x00000000   Number         0  system_stm32f4xx.o ABSOLUTE
    src\main.c                               0x00000000   Number         0  main.o ABSOLUTE
    src\stm32f4xx_it.c                       0x00000000   Number         0  stm32f4xx_it.o ABSOLUTE
    src\system_stm32f4xx.c                   0x00000000   Number         0  system_stm32f4xx.o ABSOLUTE
    startup_stm32f429_439xx.s                0x00000000   Number         0  startup_stm32f429_439xx.o ABSOLUTE
    RESET                                    0x08000000   Section      428  startup_stm32f429_439xx.o(RESET)
    .ARM.Collect$$$$00000000                 0x080001ac   Section        0  entry.o(.ARM.Collect$$$$00000000)
    .ARM.Collect$$$$00000001                 0x080001ac   Section        4  entry2.o(.ARM.Collect$$$$00000001)
    .ARM.Collect$$$$00000004                 0x080001b0   Section        4  entry5.o(.ARM.Collect$$$$00000004)
    .ARM.Collect$$$$00000008                 0x080001b4   Section        0  entry7b.o(.ARM.Collect$$$$00000008)
    .ARM.Collect$$$$0000000A                 0x080001b4   Section        0  entry8b.o(.ARM.Collect$$$$0000000A)
    .ARM.Collect$$$$0000000B                 0x080001b4   Section        8  entry9a.o(.ARM.Collect$$$$0000000B)
    .ARM.Collect$$$$0000000D                 0x080001bc   Section        0  entry10a.o(.ARM.Collect$$$$0000000D)
    .ARM.Collect$$$$0000000F                 0x080001bc   Section        0  entry11a.o(.ARM.Collect$$$$0000000F)
    .ARM.Collect$$$$00002712                 0x080001bc   Section        4  entry2.o(.ARM.Collect$$$$00002712)
    __lit__00000000                          0x080001bc   Data           4  entry2.o(.ARM.Collect$$$$00002712)
    .text                                    0x080001c0   Section       36  startup_stm32f429_439xx.o(.text)
    $v0                                      0x080001c0   Number         0  startup_stm32f429_439xx.o(.text)
    .text                                    0x080001e4   Section        0  uidiv.o(.text)
    .text                                    0x08000210   Section       36  init.o(.text)
    i.BusFault_Handler                       0x08000234   Section        0  stm32f4xx_it.o(i.BusFault_Handler)
    i.DMA1_Stream2_IRQHandler                0x08000238   Section        0  stm32f429i_discovery_i2c_ee.o(i.DMA1_Stream2_IRQHandler)
    i.DMA1_Stream4_IRQHandler                0x08000278   Section        0  stm32f429i_discovery_i2c_ee.o(i.DMA1_Stream4_IRQHandler)
    i.DMA_ClearFlag                          0x080002e4   Section        0  stm32f4xx_dma.o(i.DMA_ClearFlag)
    i.DMA_Cmd                                0x08000318   Section        0  stm32f4xx_dma.o(i.DMA_Cmd)
    i.DMA_GetFlagStatus                      0x08000330   Section        0  stm32f4xx_dma.o(i.DMA_GetFlagStatus)
    i.DebugMon_Handler                       0x08000370   Section        0  stm32f4xx_it.o(i.DebugMon_Handler)
    i.EXTI0_IRQHandler                       0x08000372   Section        0  stm32f4xx_it.o(i.EXTI0_IRQHandler)
    i.EXTI1_IRQHandler                       0x0800037c   Section        0  stm32f4xx_it.o(i.EXTI1_IRQHandler)
    i.EXTI3_IRQHandler                       0x08000386   Section        0  stm32f4xx_it.o(i.EXTI3_IRQHandler)
    i.EXTI_ClearITPendingBit                 0x08000388   Section        0  stm32f4xx_exti.o(i.EXTI_ClearITPendingBit)
    i.EXTI_Init                              0x08000394   Section        0  stm32f4xx_exti.o(i.EXTI_Init)
    i.ExtPB_Config                           0x08000428   Section        0  main.o(i.ExtPB_Config)
    i.FMC_GetFlagStatus                      0x0800042c   Section        0  stm32f4xx_fmc.o(i.FMC_GetFlagStatus)
    i.FMC_SDRAMCmdConfig                     0x08000478   Section        0  stm32f4xx_fmc.o(i.FMC_SDRAMCmdConfig)
    i.FMC_SDRAMInit                          0x08000498   Section        0  stm32f4xx_fmc.o(i.FMC_SDRAMInit)
    i.FMC_SetRefreshCount                    0x08000594   Section        0  stm32f4xx_fmc.o(i.FMC_SetRefreshCount)
    i.GPIO_Init                              0x080005ac   Section        0  stm32f4xx_gpio.o(i.GPIO_Init)
    i.GPIO_PinAFConfig                       0x0800063c   Section        0  stm32f4xx_gpio.o(i.GPIO_PinAFConfig)
    i.GPIO_ResetBits                         0x08000682   Section        0  stm32f4xx_gpio.o(i.GPIO_ResetBits)
    i.GPIO_SetBits                           0x08000686   Section        0  stm32f4xx_gpio.o(i.GPIO_SetBits)
    i.GPIO_WriteBit                          0x0800068a   Section        0  stm32f4xx_gpio.o(i.GPIO_WriteBit)
    i.HardFault_Handler                      0x08000694   Section        0  stm32f4xx_it.o(i.HardFault_Handler)
    i.I2C_GenerateSTOP                       0x08000698   Section        0  stm32f4xx_i2c.o(i.I2C_GenerateSTOP)
    i.I2C_GetFlagStatus                      0x080006b0   Section        0  stm32f4xx_i2c.o(i.I2C_GetFlagStatus)
    i.LCD_AF_GPIOConfig                      0x080006ec   Section        0  stm32f429i_discovery_lcd.o(i.LCD_AF_GPIOConfig)
    LCD_AF_GPIOConfig                        0x080006ed   Thumb Code   334  stm32f429i_discovery_lcd.o(i.LCD_AF_GPIOConfig)
    i.LCD_ChipSelect                         0x08000854   Section        0  stm32f429i_discovery_lcd.o(i.LCD_ChipSelect)
    i.LCD_Clear                              0x08000874   Section        0  stm32f429i_discovery_lcd.o(i.LCD_Clear)
    i.LCD_CtrlLinesConfig                    0x08000894   Section        0  stm32f429i_discovery_lcd.o(i.LCD_CtrlLinesConfig)
    i.LCD_CtrlLinesWrite                     0x080008e4   Section        0  stm32f429i_discovery_lcd.o(i.LCD_CtrlLinesWrite)
    i.LCD_DisplayChar                        0x080008f8   Section        0  stm32f429i_discovery_lcd.o(i.LCD_DisplayChar)
    i.LCD_DisplayStringLine                  0x08000928   Section        0  stm32f429i_discovery_lcd.o(i.LCD_DisplayStringLine)
    i.LCD_DrawChar                           0x0800097c   Section        0  stm32f429i_discovery_lcd.o(i.LCD_DrawChar)
    i.LCD_GetFont                            0x08000a54   Section        0  stm32f429i_discovery_lcd.o(i.LCD_GetFont)
    i.LCD_Init                               0x08000a60   Section        0  stm32f429i_discovery_lcd.o(i.LCD_Init)
    i.LCD_LayerInit                          0x08000afc   Section        0  stm32f429i_discovery_lcd.o(i.LCD_LayerInit)
    i.LCD_PowerOn                            0x08000ba0   Section        0  stm32f429i_discovery_lcd.o(i.LCD_PowerOn)
    i.LCD_SPIConfig                          0x08000e2c   Section        0  stm32f429i_discovery_lcd.o(i.LCD_SPIConfig)
    i.LCD_SetFont                            0x08000f00   Section        0  stm32f429i_discovery_lcd.o(i.LCD_SetFont)
    i.LCD_SetLayer                           0x08000f0c   Section        0  stm32f429i_discovery_lcd.o(i.LCD_SetLayer)
    i.LCD_WriteCommand                       0x08000f38   Section        0  stm32f429i_discovery_lcd.o(i.LCD_WriteCommand)
    i.LCD_WriteData                          0x08000f84   Section        0  stm32f429i_discovery_lcd.o(i.LCD_WriteData)
    i.LTDC_Cmd                               0x08000fcc   Section        0  stm32f4xx_ltdc.o(i.LTDC_Cmd)
    i.LTDC_DitherCmd                         0x08000ff0   Section        0  stm32f4xx_ltdc.o(i.LTDC_DitherCmd)
    i.LTDC_Init                              0x08001014   Section        0  stm32f4xx_ltdc.o(i.LTDC_Init)
    i.LTDC_LayerCmd                          0x0800119c   Section        0  stm32f4xx_ltdc.o(i.LTDC_LayerCmd)
    i.LTDC_LayerInit                         0x080011b2   Section        0  stm32f4xx_ltdc.o(i.LTDC_LayerInit)
    i.LTDC_ReloadConfig                      0x080012c8   Section        0  stm32f4xx_ltdc.o(i.LTDC_ReloadConfig)
    i.MemManage_Handler                      0x080012d4   Section        0  stm32f4xx_it.o(i.MemManage_Handler)
    i.NMI_Handler                            0x080012d8   Section        0  stm32f4xx_it.o(i.NMI_Handler)
    i.NVIC_Init                              0x080012dc   Section        0  misc.o(i.NVIC_Init)
    i.PB_Config                              0x08001354   Section        0  main.o(i.PB_Config)
    i.PWR_BackupAccessCmd                    0x08001360   Section        0  stm32f4xx_pwr.o(i.PWR_BackupAccessCmd)
    i.PendSV_Handler                         0x0800136c   Section        0  stm32f4xx_it.o(i.PendSV_Handler)
    i.RCC_AHB1PeriphClockCmd                 0x08001370   Section        0  stm32f4xx_rcc.o(i.RCC_AHB1PeriphClockCmd)
    i.RCC_AHB3PeriphClockCmd                 0x08001390   Section        0  stm32f4xx_rcc.o(i.RCC_AHB3PeriphClockCmd)
    i.RCC_APB1PeriphClockCmd                 0x080013b0   Section        0  stm32f4xx_rcc.o(i.RCC_APB1PeriphClockCmd)
    i.RCC_APB1PeriphResetCmd                 0x080013d0   Section        0  stm32f4xx_rcc.o(i.RCC_APB1PeriphResetCmd)
    i.RCC_APB2PeriphClockCmd                 0x080013f0   Section        0  stm32f4xx_rcc.o(i.RCC_APB2PeriphClockCmd)
    i.RCC_APB2PeriphResetCmd                 0x08001410   Section        0  stm32f4xx_rcc.o(i.RCC_APB2PeriphResetCmd)
    i.RCC_GetFlagStatus                      0x08001430   Section        0  stm32f4xx_rcc.o(i.RCC_GetFlagStatus)
    i.RCC_LSEConfig                          0x08001470   Section        0  stm32f4xx_rcc.o(i.RCC_LSEConfig)
    i.RCC_LTDCCLKDivConfig                   0x0800149c   Section        0  stm32f4xx_rcc.o(i.RCC_LTDCCLKDivConfig)
    i.RCC_PLLSAICmd                          0x080014b4   Section        0  stm32f4xx_rcc.o(i.RCC_PLLSAICmd)
    i.RCC_PLLSAIConfig                       0x080014c0   Section        0  stm32f4xx_rcc.o(i.RCC_PLLSAIConfig)
    i.RCC_RTCCLKCmd                          0x080014d8   Section        0  stm32f4xx_rcc.o(i.RCC_RTCCLKCmd)
    i.RCC_RTCCLKConfig                       0x080014e4   Section        0  stm32f4xx_rcc.o(i.RCC_RTCCLKConfig)
    i.RTC_Alarm_IRQHandler                   0x08001520   Section        0  stm32f4xx_it.o(i.RTC_Alarm_IRQHandler)
    i.RTC_Bcd2ToByte                         0x08001522   Section        0  stm32f4xx_rtc.o(i.RTC_Bcd2ToByte)
    RTC_Bcd2ToByte                           0x08001523   Thumb Code    22  stm32f4xx_rtc.o(i.RTC_Bcd2ToByte)
    i.RTC_ByteToBcd2                         0x08001538   Section        0  stm32f4xx_rtc.o(i.RTC_ByteToBcd2)
    RTC_ByteToBcd2                           0x08001539   Thumb Code    28  stm32f4xx_rtc.o(i.RTC_ByteToBcd2)
    i.RTC_Config                             0x08001554   Section        0  main.o(i.RTC_Config)
    i.RTC_EnterInitMode                      0x080015f8   Section        0  stm32f4xx_rtc.o(i.RTC_EnterInitMode)
    i.RTC_ExitInitMode                       0x08001648   Section        0  stm32f4xx_rtc.o(i.RTC_ExitInitMode)
    i.RTC_GetTime                            0x0800165c   Section        0  stm32f4xx_rtc.o(i.RTC_GetTime)
    i.RTC_ITConfig                           0x080016ac   Section        0  stm32f4xx_rtc.o(i.RTC_ITConfig)
    i.RTC_Init                               0x08001710   Section        0  stm32f4xx_rtc.o(i.RTC_Init)
    i.RTC_SetDate                            0x08001774   Section        0  stm32f4xx_rtc.o(i.RTC_SetDate)
    i.RTC_SetTime                            0x0800183c   Section        0  stm32f4xx_rtc.o(i.RTC_SetTime)
    i.RTC_SetWakeUpCounter                   0x0800190c   Section        0  stm32f4xx_rtc.o(i.RTC_SetWakeUpCounter)
    i.RTC_WaitForSynchro                     0x08001928   Section        0  stm32f4xx_rtc.o(i.RTC_WaitForSynchro)
    i.RTC_WakeUpClockConfig                  0x08001988   Section        0  stm32f4xx_rtc.o(i.RTC_WakeUpClockConfig)
    i.RTC_WakeUpCmd                          0x080019b8   Section        0  stm32f4xx_rtc.o(i.RTC_WakeUpCmd)
    i.SDRAM_GPIOConfig                       0x08001a30   Section        0  stm32f429i_discovery_sdram.o(i.SDRAM_GPIOConfig)
    i.SDRAM_Init                             0x08001c34   Section        0  stm32f429i_discovery_sdram.o(i.SDRAM_Init)
    i.SDRAM_InitSequence                     0x08001c9c   Section        0  stm32f429i_discovery_sdram.o(i.SDRAM_InitSequence)
    i.SPI_Cmd                                0x08001d64   Section        0  stm32f4xx_spi.o(i.SPI_Cmd)
    i.SPI_I2S_DeInit                         0x08001d7c   Section        0  stm32f4xx_spi.o(i.SPI_I2S_DeInit)
    i.SPI_I2S_GetFlagStatus                  0x08001e2c   Section        0  stm32f4xx_spi.o(i.SPI_I2S_GetFlagStatus)
    i.SPI_I2S_SendData                       0x08001e3e   Section        0  stm32f4xx_spi.o(i.SPI_I2S_SendData)
    i.SPI_Init                               0x08001e42   Section        0  stm32f4xx_spi.o(i.SPI_Init)
    i.STM_EVAL_PBInit                        0x08001e80   Section        0  stm32f429i_discovery.o(i.STM_EVAL_PBInit)
    i.SVC_Handler                            0x08001f2c   Section        0  stm32f4xx_it.o(i.SVC_Handler)
    i.SYSCFG_EXTILineConfig                  0x08001f30   Section        0  stm32f4xx_syscfg.o(i.SYSCFG_EXTILineConfig)
    i.SetSysClock                            0x08001f70   Section        0  system_stm32f4xx.o(i.SetSysClock)
    SetSysClock                              0x08001f71   Thumb Code   268  system_stm32f4xx.o(i.SetSysClock)
    i.SysTick_Handler                        0x0800208c   Section        0  stm32f4xx_it.o(i.SysTick_Handler)
    i.SystemInit                             0x08002090   Section        0  system_stm32f4xx.o(i.SystemInit)
    i.TIM3_IRQHandler                        0x080020f8   Section        0  stm32f4xx_it.o(i.TIM3_IRQHandler)
    i.UsageFault_Handler                     0x080020fa   Section        0  stm32f4xx_it.o(i.UsageFault_Handler)
    i.__0sprintf$1                           0x08002100   Section        0  printf1.o(i.__0sprintf$1)
    i.__scatterload_copy                     0x08002128   Section       14  handlers.o(i.__scatterload_copy)
    i.__scatterload_null                     0x08002136   Section        2  handlers.o(i.__scatterload_null)
    i.__scatterload_zeroinit                 0x08002138   Section       14  handlers.o(i.__scatterload_zeroinit)
    i._printf_core                           0x08002148   Section        0  printf1.o(i._printf_core)
    _printf_core                             0x08002149   Thumb Code   334  printf1.o(i._printf_core)
    i._sputc                                 0x0800229c   Section        0  printf1.o(i._sputc)
    _sputc                                   0x0800229d   Thumb Code    10  printf1.o(i._sputc)
    i.delay                                  0x080022a6   Section        0  stm32f429i_discovery_lcd.o(i.delay)
    delay                                    0x080022a7   Thumb Code    28  stm32f429i_discovery_lcd.o(i.delay)
    i.delay                                  0x080022c4   Section        0  stm32f429i_discovery_sdram.o(i.delay)
    delay                                    0x080022c5   Thumb Code    32  stm32f429i_discovery_sdram.o(i.delay)
    i.main                                   0x080022e8   Section        0  main.o(i.main)
    i.sEE_TIMEOUT_UserCallback               0x08002380   Section        0  stm32f429i_discovery_i2c_ee.o(i.sEE_TIMEOUT_UserCallback)
    .constdata                               0x08002384   Section       25  stm32f429i_discovery.o(.constdata)
    .constdata                               0x0800239e   Section    10704  stm32f429i_discovery_lcd.o(.constdata)
    .data                                    0x20000000   Section       32  main.o(.data)
    .data                                    0x20000020   Section       16  stm32f429i_discovery.o(.data)
    .data                                    0x20000030   Section       48  stm32f429i_discovery_lcd.o(.data)
    CurrentTextColor                         0x20000050   Data           2  stm32f429i_discovery_lcd.o(.data)
    CurrentBackColor                         0x20000052   Data           2  stm32f429i_discovery_lcd.o(.data)
    CurrentFrameBuffer                       0x20000054   Data           4  stm32f429i_discovery_lcd.o(.data)
    CurrentLayer                             0x20000058   Data           4  stm32f429i_discovery_lcd.o(.data)
    LCD_Currentfonts                         0x2000005c   Data           4  stm32f429i_discovery_lcd.o(.data)
    .data                                    0x20000060   Section       17  stm32f429i_discovery_i2c_ee.o(.data)
    .bss                                     0x20000074   Section       28  main.o(.bss)
    STACK                                    0x20000090   Section     1024  startup_stm32f429_439xx.o(STACK)

    Global Symbols

    Symbol Name                              Value     Ov Type        Size  Object(Section)

    BuildAttributes$$THM_ISAv4$E$P$D$K$B$S$7EM$VFPi3$EXTD16$VFPS$VFMA$PE$A:L22UL41UL21$X:L11$S22US41US21$IEEE1$IW$USESV6$~STKCKD$USESV7$~SHL$OSPACE$ROPI$EBA8$MICROLIB$REQ8$PRES8$EABIv2 0x00000000   Number         0  anon$$obj.o ABSOLUTE
    __ARM_use_no_argv                        0x00000000   Number         0  main.o ABSOLUTE
    _printf_a                                0x00000000   Number         0  stubs.o ABSOLUTE
    _printf_c                                0x00000000   Number         0  stubs.o ABSOLUTE
    _printf_charcount                        0x00000000   Number         0  stubs.o ABSOLUTE
    _printf_d                                0x00000000   Number         0  stubs.o ABSOLUTE
    _printf_e                                0x00000000   Number         0  stubs.o ABSOLUTE
    _printf_f                                0x00000000   Number         0  stubs.o ABSOLUTE
    _printf_flags                            0x00000000   Number         0  stubs.o ABSOLUTE
    _printf_fp_dec                           0x00000000   Number         0  stubs.o ABSOLUTE
    _printf_fp_hex                           0x00000000   Number         0  stubs.o ABSOLUTE
    _printf_g                                0x00000000   Number         0  stubs.o ABSOLUTE
    _printf_i                                0x00000000   Number         0  stubs.o ABSOLUTE
    _printf_int_dec                          0x00000000   Number         0  stubs.o ABSOLUTE
    _printf_l                                0x00000000   Number         0  stubs.o ABSOLUTE
    _printf_lc                               0x00000000   Number         0  stubs.o ABSOLUTE
    _printf_ll                               0x00000000   Number         0  stubs.o ABSOLUTE
    _printf_lld                              0x00000000   Number         0  stubs.o ABSOLUTE
    _printf_lli                              0x00000000   Number         0  stubs.o ABSOLUTE
    _printf_llo                              0x00000000   Number         0  stubs.o ABSOLUTE
    _printf_llu                              0x00000000   Number         0  stubs.o ABSOLUTE
    _printf_llx                              0x00000000   Number         0  stubs.o ABSOLUTE
    _printf_longlong_dec                     0x00000000   Number         0  stubs.o ABSOLUTE
    _printf_longlong_hex                     0x00000000   Number         0  stubs.o ABSOLUTE
    _printf_longlong_oct                     0x00000000   Number         0  stubs.o ABSOLUTE
    _printf_ls                               0x00000000   Number         0  stubs.o ABSOLUTE
    _printf_mbtowc                           0x00000000   Number         0  stubs.o ABSOLUTE
    _printf_n                                0x00000000   Number         0  stubs.o ABSOLUTE
    _printf_o                                0x00000000   Number         0  stubs.o ABSOLUTE
    _printf_p                                0x00000000   Number         0  stubs.o ABSOLUTE
    _printf_percent                          0x00000000   Number         0  stubs.o ABSOLUTE
    _printf_pre_padding                      0x00000000   Number         0  stubs.o ABSOLUTE
    _printf_return_value                     0x00000000   Number         0  stubs.o ABSOLUTE
    _printf_s                                0x00000000   Number         0  stubs.o ABSOLUTE
    _printf_sizespec                         0x00000000   Number         0  stubs.o ABSOLUTE
    _printf_str                              0x00000000   Number         0  stubs.o ABSOLUTE
    _printf_truncate_signed                  0x00000000   Number         0  stubs.o ABSOLUTE
    _printf_truncate_unsigned                0x00000000   Number         0  stubs.o ABSOLUTE
    _printf_u                                0x00000000   Number         0  stubs.o ABSOLUTE
    _printf_wc                               0x00000000   Number         0  stubs.o ABSOLUTE
    _printf_wctomb                           0x00000000   Number         0  stubs.o ABSOLUTE
    _printf_widthprec                        0x00000000   Number         0  stubs.o ABSOLUTE
    _printf_x                                0x00000000   Number         0  stubs.o ABSOLUTE
    __cpp_initialize__aeabi_                  - Undefined Weak Reference
    __cxa_finalize                            - Undefined Weak Reference
    __decompress                              - Undefined Weak Reference
    _clock_init                               - Undefined Weak Reference
    _microlib_exit                            - Undefined Weak Reference
    __Vectors_Size                           0x000001ac   Number         0  startup_stm32f429_439xx.o ABSOLUTE
    __Vectors                                0x08000000   Data           4  startup_stm32f429_439xx.o(RESET)
    __Vectors_End                            0x080001ac   Data           0  startup_stm32f429_439xx.o(RESET)
    __main                                   0x080001ad   Thumb Code     0  entry.o(.ARM.Collect$$$$00000000)
    _main_stk                                0x080001ad   Thumb Code     0  entry2.o(.ARM.Collect$$$$00000001)
    _main_scatterload                        0x080001b1   Thumb Code     0  entry5.o(.ARM.Collect$$$$00000004)
    __main_after_scatterload                 0x080001b5   Thumb Code     0  entry5.o(.ARM.Collect$$$$00000004)
    _main_clock                              0x080001b5   Thumb Code     0  entry7b.o(.ARM.Collect$$$$00000008)
    _main_cpp_init                           0x080001b5   Thumb Code     0  entry8b.o(.ARM.Collect$$$$0000000A)
    _main_init                               0x080001b5   Thumb Code     0  entry9a.o(.ARM.Collect$$$$0000000B)
    __rt_final_cpp                           0x080001bd   Thumb Code     0  entry10a.o(.ARM.Collect$$$$0000000D)
    __rt_final_exit                          0x080001bd   Thumb Code     0  entry11a.o(.ARM.Collect$$$$0000000F)
    Reset_Handler                            0x080001c1   Thumb Code     8  startup_stm32f429_439xx.o(.text)
    ADC_IRQHandler                           0x080001db   Thumb Code     0  startup_stm32f429_439xx.o(.text)
    CAN1_RX0_IRQHandler                      0x080001db   Thumb Code     0  startup_stm32f429_439xx.o(.text)
    CAN1_RX1_IRQHandler                      0x080001db   Thumb Code     0  startup_stm32f429_439xx.o(.text)
    CAN1_SCE_IRQHandler                      0x080001db   Thumb Code     0  startup_stm32f429_439xx.o(.text)
    CAN1_TX_IRQHandler                       0x080001db   Thumb Code     0  startup_stm32f429_439xx.o(.text)
    CAN2_RX0_IRQHandler                      0x080001db   Thumb Code     0  startup_stm32f429_439xx.o(.text)
    CAN2_RX1_IRQHandler                      0x080001db   Thumb Code     0  startup_stm32f429_439xx.o(.text)
    CAN2_SCE_IRQHandler                      0x080001db   Thumb Code     0  startup_stm32f429_439xx.o(.text)
    CAN2_TX_IRQHandler                       0x080001db   Thumb Code     0  startup_stm32f429_439xx.o(.text)
    CRYP_IRQHandler                          0x080001db   Thumb Code     0  startup_stm32f429_439xx.o(.text)
    DCMI_IRQHandler                          0x080001db   Thumb Code     0  startup_stm32f429_439xx.o(.text)
    DMA1_Stream0_IRQHandler                  0x080001db   Thumb Code     0  startup_stm32f429_439xx.o(.text)
    DMA1_Stream1_IRQHandler                  0x080001db   Thumb Code     0  startup_stm32f429_439xx.o(.text)
    DMA1_Stream3_IRQHandler                  0x080001db   Thumb Code     0  startup_stm32f429_439xx.o(.text)
    DMA1_Stream5_IRQHandler                  0x080001db   Thumb Code     0  startup_stm32f429_439xx.o(.text)
    DMA1_Stream6_IRQHandler                  0x080001db   Thumb Code     0  startup_stm32f429_439xx.o(.text)
    DMA1_Stream7_IRQHandler                  0x080001db   Thumb Code     0  startup_stm32f429_439xx.o(.text)
    DMA2D_IRQHandler                         0x080001db   Thumb Code     0  startup_stm32f429_439xx.o(.text)
    DMA2_Stream0_IRQHandler                  0x080001db   Thumb Code     0  startup_stm32f429_439xx.o(.text)
    DMA2_Stream1_IRQHandler                  0x080001db   Thumb Code     0  startup_stm32f429_439xx.o(.text)
    DMA2_Stream2_IRQHandler                  0x080001db   Thumb Code     0  startup_stm32f429_439xx.o(.text)
    DMA2_Stream3_IRQHandler                  0x080001db   Thumb Code     0  startup_stm32f429_439xx.o(.text)
    DMA2_Stream4_IRQHandler                  0x080001db   Thumb Code     0  startup_stm32f429_439xx.o(.text)
    DMA2_Stream5_IRQHandler                  0x080001db   Thumb Code     0  startup_stm32f429_439xx.o(.text)
    DMA2_Stream6_IRQHandler                  0x080001db   Thumb Code     0  startup_stm32f429_439xx.o(.text)
    DMA2_Stream7_IRQHandler                  0x080001db   Thumb Code     0  startup_stm32f429_439xx.o(.text)
    ETH_IRQHandler                           0x080001db   Thumb Code     0  startup_stm32f429_439xx.o(.text)
    ETH_WKUP_IRQHandler                      0x080001db   Thumb Code     0  startup_stm32f429_439xx.o(.text)
    EXTI15_10_IRQHandler                     0x080001db   Thumb Code     0  startup_stm32f429_439xx.o(.text)
    EXTI2_IRQHandler                         0x080001db   Thumb Code     0  startup_stm32f429_439xx.o(.text)
    EXTI4_IRQHandler                         0x080001db   Thumb Code     0  startup_stm32f429_439xx.o(.text)
    EXTI9_5_IRQHandler                       0x080001db   Thumb Code     0  startup_stm32f429_439xx.o(.text)
    FLASH_IRQHandler                         0x080001db   Thumb Code     0  startup_stm32f429_439xx.o(.text)
    FMC_IRQHandler                           0x080001db   Thumb Code     0  startup_stm32f429_439xx.o(.text)
    FPU_IRQHandler                           0x080001db   Thumb Code     0  startup_stm32f429_439xx.o(.text)
    HASH_RNG_IRQHandler                      0x080001db   Thumb Code     0  startup_stm32f429_439xx.o(.text)
    I2C1_ER_IRQHandler                       0x080001db   Thumb Code     0  startup_stm32f429_439xx.o(.text)
    I2C1_EV_IRQHandler                       0x080001db   Thumb Code     0  startup_stm32f429_439xx.o(.text)
    I2C2_ER_IRQHandler                       0x080001db   Thumb Code     0  startup_stm32f429_439xx.o(.text)
    I2C2_EV_IRQHandler                       0x080001db   Thumb Code     0  startup_stm32f429_439xx.o(.text)
    I2C3_ER_IRQHandler                       0x080001db   Thumb Code     0  startup_stm32f429_439xx.o(.text)
    I2C3_EV_IRQHandler                       0x080001db   Thumb Code     0  startup_stm32f429_439xx.o(.text)
    LTDC_ER_IRQHandler                       0x080001db   Thumb Code     0  startup_stm32f429_439xx.o(.text)
    LTDC_IRQHandler                          0x080001db   Thumb Code     0  startup_stm32f429_439xx.o(.text)
    OTG_FS_IRQHandler                        0x080001db   Thumb Code     0  startup_stm32f429_439xx.o(.text)
    OTG_FS_WKUP_IRQHandler                   0x080001db   Thumb Code     0  startup_stm32f429_439xx.o(.text)
    OTG_HS_EP1_IN_IRQHandler                 0x080001db   Thumb Code     0  startup_stm32f429_439xx.o(.text)
    OTG_HS_EP1_OUT_IRQHandler                0x080001db   Thumb Code     0  startup_stm32f429_439xx.o(.text)
    OTG_HS_IRQHandler                        0x080001db   Thumb Code     0  startup_stm32f429_439xx.o(.text)
    OTG_HS_WKUP_IRQHandler                   0x080001db   Thumb Code     0  startup_stm32f429_439xx.o(.text)
    PVD_IRQHandler                           0x080001db   Thumb Code     0  startup_stm32f429_439xx.o(.text)
    RCC_IRQHandler                           0x080001db   Thumb Code     0  startup_stm32f429_439xx.o(.text)
    RTC_WKUP_IRQHandler                      0x080001db   Thumb Code     0  startup_stm32f429_439xx.o(.text)
    SAI1_IRQHandler                          0x080001db   Thumb Code     0  startup_stm32f429_439xx.o(.text)
    SDIO_IRQHandler                          0x080001db   Thumb Code     0  startup_stm32f429_439xx.o(.text)
    SPI1_IRQHandler                          0x080001db   Thumb Code     0  startup_stm32f429_439xx.o(.text)
    SPI2_IRQHandler                          0x080001db   Thumb Code     0  startup_stm32f429_439xx.o(.text)
    SPI3_IRQHandler                          0x080001db   Thumb Code     0  startup_stm32f429_439xx.o(.text)
    SPI4_IRQHandler                          0x080001db   Thumb Code     0  startup_stm32f429_439xx.o(.text)
    SPI5_IRQHandler                          0x080001db   Thumb Code     0  startup_stm32f429_439xx.o(.text)
    SPI6_IRQHandler                          0x080001db   Thumb Code     0  startup_stm32f429_439xx.o(.text)
    TAMP_STAMP_IRQHandler                    0x080001db   Thumb Code     0  startup_stm32f429_439xx.o(.text)
    TIM1_BRK_TIM9_IRQHandler                 0x080001db   Thumb Code     0  startup_stm32f429_439xx.o(.text)
    TIM1_CC_IRQHandler                       0x080001db   Thumb Code     0  startup_stm32f429_439xx.o(.text)
    TIM1_TRG_COM_TIM11_IRQHandler            0x080001db   Thumb Code     0  startup_stm32f429_439xx.o(.text)
    TIM1_UP_TIM10_IRQHandler                 0x080001db   Thumb Code     0  startup_stm32f429_439xx.o(.text)
    TIM2_IRQHandler                          0x080001db   Thumb Code     0  startup_stm32f429_439xx.o(.text)
    TIM4_IRQHandler                          0x080001db   Thumb Code     0  startup_stm32f429_439xx.o(.text)
    TIM5_IRQHandler                          0x080001db   Thumb Code     0  startup_stm32f429_439xx.o(.text)
    TIM6_DAC_IRQHandler                      0x080001db   Thumb Code     0  startup_stm32f429_439xx.o(.text)
    TIM7_IRQHandler                          0x080001db   Thumb Code     0  startup_stm32f429_439xx.o(.text)
    TIM8_BRK_TIM12_IRQHandler                0x080001db   Thumb Code     0  startup_stm32f429_439xx.o(.text)
    TIM8_CC_IRQHandler                       0x080001db   Thumb Code     0  startup_stm32f429_439xx.o(.text)
    TIM8_TRG_COM_TIM14_IRQHandler            0x080001db   Thumb Code     0  startup_stm32f429_439xx.o(.text)
    TIM8_UP_TIM13_IRQHandler                 0x080001db   Thumb Code     0  startup_stm32f429_439xx.o(.text)
    UART4_IRQHandler                         0x080001db   Thumb Code     0  startup_stm32f429_439xx.o(.text)
    UART5_IRQHandler                         0x080001db   Thumb Code     0  startup_stm32f429_439xx.o(.text)
    UART7_IRQHandler                         0x080001db   Thumb Code     0  startup_stm32f429_439xx.o(.text)
    UART8_IRQHandler                         0x080001db   Thumb Code     0  startup_stm32f429_439xx.o(.text)
    USART1_IRQHandler                        0x080001db   Thumb Code     0  startup_stm32f429_439xx.o(.text)
    USART2_IRQHandler                        0x080001db   Thumb Code     0  startup_stm32f429_439xx.o(.text)
    USART3_IRQHandler                        0x080001db   Thumb Code     0  startup_stm32f429_439xx.o(.text)
    USART6_IRQHandler                        0x080001db   Thumb Code     0  startup_stm32f429_439xx.o(.text)
    WWDG_IRQHandler                          0x080001db   Thumb Code     0  startup_stm32f429_439xx.o(.text)
    __aeabi_uidiv                            0x080001e5   Thumb Code     0  uidiv.o(.text)
    __aeabi_uidivmod                         0x080001e5   Thumb Code    44  uidiv.o(.text)
    __scatterload                            0x08000211   Thumb Code    28  init.o(.text)
    __scatterload_rt2                        0x08000211   Thumb Code     0  init.o(.text)
    BusFault_Handler                         0x08000235   Thumb Code     4  stm32f4xx_it.o(i.BusFault_Handler)
    DMA1_Stream2_IRQHandler                  0x08000239   Thumb Code    50  stm32f429i_discovery_i2c_ee.o(i.DMA1_Stream2_IRQHandler)
    DMA1_Stream4_IRQHandler                  0x08000279   Thumb Code    84  stm32f429i_discovery_i2c_ee.o(i.DMA1_Stream4_IRQHandler)
    DMA_ClearFlag                            0x080002e5   Thumb Code    38  stm32f4xx_dma.o(i.DMA_ClearFlag)
    DMA_Cmd                                  0x08000319   Thumb Code    22  stm32f4xx_dma.o(i.DMA_Cmd)
    DMA_GetFlagStatus                        0x08000331   Thumb Code    52  stm32f4xx_dma.o(i.DMA_GetFlagStatus)
    DebugMon_Handler                         0x08000371   Thumb Code     2  stm32f4xx_it.o(i.DebugMon_Handler)
    EXTI0_IRQHandler                         0x08000373   Thumb Code    10  stm32f4xx_it.o(i.EXTI0_IRQHandler)
    EXTI1_IRQHandler                         0x0800037d   Thumb Code    10  stm32f4xx_it.o(i.EXTI1_IRQHandler)
    EXTI3_IRQHandler                         0x08000387   Thumb Code     2  stm32f4xx_it.o(i.EXTI3_IRQHandler)
    EXTI_ClearITPendingBit                   0x08000389   Thumb Code     6  stm32f4xx_exti.o(i.EXTI_ClearITPendingBit)
    EXTI_Init                                0x08000395   Thumb Code   142  stm32f4xx_exti.o(i.EXTI_Init)
    ExtPB_Config                             0x08000429   Thumb Code     2  main.o(i.ExtPB_Config)
    FMC_GetFlagStatus                        0x0800042d   Thumb Code    64  stm32f4xx_fmc.o(i.FMC_GetFlagStatus)
    FMC_SDRAMCmdConfig                       0x08000479   Thumb Code    28  stm32f4xx_fmc.o(i.FMC_SDRAMCmdConfig)
    FMC_SDRAMInit                            0x08000499   Thumb Code   244  stm32f4xx_fmc.o(i.FMC_SDRAMInit)
    FMC_SetRefreshCount                      0x08000595   Thumb Code    18  stm32f4xx_fmc.o(i.FMC_SetRefreshCount)
    GPIO_Init                                0x080005ad   Thumb Code   144  stm32f4xx_gpio.o(i.GPIO_Init)
    GPIO_PinAFConfig                         0x0800063d   Thumb Code    70  stm32f4xx_gpio.o(i.GPIO_PinAFConfig)
    GPIO_ResetBits                           0x08000683   Thumb Code     4  stm32f4xx_gpio.o(i.GPIO_ResetBits)
    GPIO_SetBits                             0x08000687   Thumb Code     4  stm32f4xx_gpio.o(i.GPIO_SetBits)
    GPIO_WriteBit                            0x0800068b   Thumb Code    10  stm32f4xx_gpio.o(i.GPIO_WriteBit)
    HardFault_Handler                        0x08000695   Thumb Code     4  stm32f4xx_it.o(i.HardFault_Handler)
    I2C_GenerateSTOP                         0x08000699   Thumb Code    24  stm32f4xx_i2c.o(i.I2C_GenerateSTOP)
    I2C_GetFlagStatus                        0x080006b1   Thumb Code    58  stm32f4xx_i2c.o(i.I2C_GetFlagStatus)
    LCD_ChipSelect                           0x08000855   Thumb Code    26  stm32f429i_discovery_lcd.o(i.LCD_ChipSelect)
    LCD_Clear                                0x08000875   Thumb Code    26  stm32f429i_discovery_lcd.o(i.LCD_Clear)
    LCD_CtrlLinesConfig                      0x08000895   Thumb Code    70  stm32f429i_discovery_lcd.o(i.LCD_CtrlLinesConfig)
    LCD_CtrlLinesWrite                       0x080008e5   Thumb Code    20  stm32f429i_discovery_lcd.o(i.LCD_CtrlLinesWrite)
    LCD_DisplayChar                          0x080008f9   Thumb Code    42  stm32f429i_discovery_lcd.o(i.LCD_DisplayChar)
    LCD_DisplayStringLine                    0x08000929   Thumb Code    78  stm32f429i_discovery_lcd.o(i.LCD_DisplayStringLine)
    LCD_DrawChar                             0x0800097d   Thumb Code   200  stm32f429i_discovery_lcd.o(i.LCD_DrawChar)
    LCD_GetFont                              0x08000a55   Thumb Code     6  stm32f429i_discovery_lcd.o(i.LCD_GetFont)
    LCD_Init                                 0x08000a61   Thumb Code   154  stm32f429i_discovery_lcd.o(i.LCD_Init)
    LCD_LayerInit                            0x08000afd   Thumb Code   152  stm32f429i_discovery_lcd.o(i.LCD_LayerInit)
    LCD_PowerOn                              0x08000ba1   Thumb Code   652  stm32f429i_discovery_lcd.o(i.LCD_PowerOn)
    LCD_SPIConfig                            0x08000e2d   Thumb Code   204  stm32f429i_discovery_lcd.o(i.LCD_SPIConfig)
    LCD_SetFont                              0x08000f01   Thumb Code     6  stm32f429i_discovery_lcd.o(i.LCD_SetFont)
    LCD_SetLayer                             0x08000f0d   Thumb Code    32  stm32f429i_discovery_lcd.o(i.LCD_SetLayer)
    LCD_WriteCommand                         0x08000f39   Thumb Code    66  stm32f429i_discovery_lcd.o(i.LCD_WriteCommand)
    LCD_WriteData                            0x08000f85   Thumb Code    64  stm32f429i_discovery_lcd.o(i.LCD_WriteData)
    LTDC_Cmd                                 0x08000fcd   Thumb Code    30  stm32f4xx_ltdc.o(i.LTDC_Cmd)
    LTDC_DitherCmd                           0x08000ff1   Thumb Code    30  stm32f4xx_ltdc.o(i.LTDC_DitherCmd)
    LTDC_Init                                0x08001015   Thumb Code   378  stm32f4xx_ltdc.o(i.LTDC_Init)
    LTDC_LayerCmd                            0x0800119d   Thumb Code    22  stm32f4xx_ltdc.o(i.LTDC_LayerCmd)
    LTDC_LayerInit                           0x080011b3   Thumb Code   276  stm32f4xx_ltdc.o(i.LTDC_LayerInit)
    LTDC_ReloadConfig                        0x080012c9   Thumb Code     6  stm32f4xx_ltdc.o(i.LTDC_ReloadConfig)
    MemManage_Handler                        0x080012d5   Thumb Code     4  stm32f4xx_it.o(i.MemManage_Handler)
    NMI_Handler                              0x080012d9   Thumb Code     2  stm32f4xx_it.o(i.NMI_Handler)
    NVIC_Init                                0x080012dd   Thumb Code   108  misc.o(i.NVIC_Init)
    PB_Config                                0x08001355   Thumb Code    12  main.o(i.PB_Config)
    PWR_BackupAccessCmd                      0x08001361   Thumb Code     6  stm32f4xx_pwr.o(i.PWR_BackupAccessCmd)
    PendSV_Handler                           0x0800136d   Thumb Code     2  stm32f4xx_it.o(i.PendSV_Handler)
    RCC_AHB1PeriphClockCmd                   0x08001371   Thumb Code    26  stm32f4xx_rcc.o(i.RCC_AHB1PeriphClockCmd)
    RCC_AHB3PeriphClockCmd                   0x08001391   Thumb Code    26  stm32f4xx_rcc.o(i.RCC_AHB3PeriphClockCmd)
    RCC_APB1PeriphClockCmd                   0x080013b1   Thumb Code    26  stm32f4xx_rcc.o(i.RCC_APB1PeriphClockCmd)
    RCC_APB1PeriphResetCmd                   0x080013d1   Thumb Code    26  stm32f4xx_rcc.o(i.RCC_APB1PeriphResetCmd)
    RCC_APB2PeriphClockCmd                   0x080013f1   Thumb Code    26  stm32f4xx_rcc.o(i.RCC_APB2PeriphClockCmd)
    RCC_APB2PeriphResetCmd                   0x08001411   Thumb Code    26  stm32f4xx_rcc.o(i.RCC_APB2PeriphResetCmd)
    RCC_GetFlagStatus                        0x08001431   Thumb Code    60  stm32f4xx_rcc.o(i.RCC_GetFlagStatus)
    RCC_LSEConfig                            0x08001471   Thumb Code    40  stm32f4xx_rcc.o(i.RCC_LSEConfig)
    RCC_LTDCCLKDivConfig                     0x0800149d   Thumb Code    18  stm32f4xx_rcc.o(i.RCC_LTDCCLKDivConfig)
    RCC_PLLSAICmd                            0x080014b5   Thumb Code     6  stm32f4xx_rcc.o(i.RCC_PLLSAICmd)
    RCC_PLLSAIConfig                         0x080014c1   Thumb Code    18  stm32f4xx_rcc.o(i.RCC_PLLSAIConfig)
    RCC_RTCCLKCmd                            0x080014d9   Thumb Code     6  stm32f4xx_rcc.o(i.RCC_RTCCLKCmd)
    RCC_RTCCLKConfig                         0x080014e5   Thumb Code    50  stm32f4xx_rcc.o(i.RCC_RTCCLKConfig)
    RTC_Alarm_IRQHandler                     0x08001521   Thumb Code     2  stm32f4xx_it.o(i.RTC_Alarm_IRQHandler)
    RTC_Config                               0x08001555   Thumb Code   150  main.o(i.RTC_Config)
    RTC_EnterInitMode                        0x080015f9   Thumb Code    76  stm32f4xx_rtc.o(i.RTC_EnterInitMode)
    RTC_ExitInitMode                         0x08001649   Thumb Code    14  stm32f4xx_rtc.o(i.RTC_ExitInitMode)
    RTC_GetTime                              0x0800165d   Thumb Code    72  stm32f4xx_rtc.o(i.RTC_GetTime)
    RTC_ITConfig                             0x080016ad   Thumb Code    94  stm32f4xx_rtc.o(i.RTC_ITConfig)
    RTC_Init                                 0x08001711   Thumb Code    94  stm32f4xx_rtc.o(i.RTC_Init)
    RTC_SetDate                              0x08001775   Thumb Code   190  stm32f4xx_rtc.o(i.RTC_SetDate)
    RTC_SetTime                              0x0800183d   Thumb Code   198  stm32f4xx_rtc.o(i.RTC_SetTime)
    RTC_SetWakeUpCounter                     0x0800190d   Thumb Code    22  stm32f4xx_rtc.o(i.RTC_SetWakeUpCounter)
    RTC_WaitForSynchro                       0x08001929   Thumb Code    92  stm32f4xx_rtc.o(i.RTC_WaitForSynchro)
    RTC_WakeUpClockConfig                    0x08001989   Thumb Code    42  stm32f4xx_rtc.o(i.RTC_WakeUpClockConfig)
    RTC_WakeUpCmd                            0x080019b9   Thumb Code   116  stm32f4xx_rtc.o(i.RTC_WakeUpCmd)
    SDRAM_GPIOConfig                         0x08001a31   Thumb Code   492  stm32f429i_discovery_sdram.o(i.SDRAM_GPIOConfig)
    SDRAM_Init                               0x08001c35   Thumb Code   104  stm32f429i_discovery_sdram.o(i.SDRAM_Init)
    SDRAM_InitSequence                       0x08001c9d   Thumb Code   200  stm32f429i_discovery_sdram.o(i.SDRAM_InitSequence)
    SPI_Cmd                                  0x08001d65   Thumb Code    24  stm32f4xx_spi.o(i.SPI_Cmd)
    SPI_I2S_DeInit                           0x08001d7d   Thumb Code   152  stm32f4xx_spi.o(i.SPI_I2S_DeInit)
    SPI_I2S_GetFlagStatus                    0x08001e2d   Thumb Code    18  stm32f4xx_spi.o(i.SPI_I2S_GetFlagStatus)
    SPI_I2S_SendData                         0x08001e3f   Thumb Code     4  stm32f4xx_spi.o(i.SPI_I2S_SendData)
    SPI_Init                                 0x08001e43   Thumb Code    60  stm32f4xx_spi.o(i.SPI_Init)
    STM_EVAL_PBInit                          0x08001e81   Thumb Code   142  stm32f429i_discovery.o(i.STM_EVAL_PBInit)
    SVC_Handler                              0x08001f2d   Thumb Code     2  stm32f4xx_it.o(i.SVC_Handler)
    SYSCFG_EXTILineConfig                    0x08001f31   Thumb Code    60  stm32f4xx_syscfg.o(i.SYSCFG_EXTILineConfig)
    SysTick_Handler                          0x0800208d   Thumb Code     2  stm32f4xx_it.o(i.SysTick_Handler)
    SystemInit                               0x08002091   Thumb Code    88  system_stm32f4xx.o(i.SystemInit)
    TIM3_IRQHandler                          0x080020f9   Thumb Code     2  stm32f4xx_it.o(i.TIM3_IRQHandler)
    UsageFault_Handler                       0x080020fb   Thumb Code     4  stm32f4xx_it.o(i.UsageFault_Handler)
    __0sprintf$1                             0x08002101   Thumb Code    34  printf1.o(i.__0sprintf$1)
    __1sprintf$1                             0x08002101   Thumb Code     0  printf1.o(i.__0sprintf$1)
    __2sprintf                               0x08002101   Thumb Code     0  printf1.o(i.__0sprintf$1)
    __scatterload_copy                       0x08002129   Thumb Code    14  handlers.o(i.__scatterload_copy)
    __scatterload_null                       0x08002137   Thumb Code     2  handlers.o(i.__scatterload_null)
    __scatterload_zeroinit                   0x08002139   Thumb Code    14  handlers.o(i.__scatterload_zeroinit)
    main                                     0x080022e9   Thumb Code   114  main.o(i.main)
    sEE_TIMEOUT_UserCallback                 0x08002381   Thumb Code     4  stm32f429i_discovery_i2c_ee.o(i.sEE_TIMEOUT_UserCallback)
    GPIO_PIN                                 0x08002384   Data           4  stm32f429i_discovery.o(.constdata)
    GPIO_CLK                                 0x08002388   Data           8  stm32f429i_discovery.o(.constdata)
    BUTTON_PIN                               0x08002390   Data           2  stm32f429i_discovery.o(.constdata)
    BUTTON_CLK                               0x08002394   Data           4  stm32f429i_discovery.o(.constdata)
    BUTTON_EXTI_LINE                         0x08002398   Data           2  stm32f429i_discovery.o(.constdata)
    BUTTON_PORT_SOURCE                       0x0800239a   Data           1  stm32f429i_discovery.o(.constdata)
    BUTTON_PIN_SOURCE                        0x0800239b   Data           1  stm32f429i_discovery.o(.constdata)
    BUTTON_IRQn                              0x0800239c   Data           1  stm32f429i_discovery.o(.constdata)
    ASCII16x24_Table                         0x0800239e   Data        4560  stm32f429i_discovery_lcd.o(.constdata)
    ASCII12x12_Table                         0x0800356e   Data        2304  stm32f429i_discovery_lcd.o(.constdata)
    ASCII8x12_Table                          0x08003e6e   Data        2304  stm32f429i_discovery_lcd.o(.constdata)
    ASCII8x8_Table                           0x0800476e   Data        1536  stm32f429i_discovery_lcd.o(.constdata)
    Region$$Table$$Base                      0x08004d70   Number         0  anon$$obj.o(Region$$Table)
    Region$$Table$$Limit                     0x08004d90   Number         0  anon$$obj.o(Region$$Table)
    memLocation                              0x20000000   Data           2  main.o(.data)
    Tx1_Buffer                               0x20000002   Data           1  main.o(.data)
    NumDataRead                              0x20000004   Data           2  main.o(.data)
    Rx1_Buffer                               0x20000006   Data           1  main.o(.data)
    line                                     0x20000008   Data           2  main.o(.data)
    hours                                    0x2000000c   Data           4  main.o(.data)
    minutes                                  0x20000010   Data           4  main.o(.data)
    seconds                                  0x20000014   Data           4  main.o(.data)
    RTC_TimeStructure                        0x20000018   Data           4  main.o(.data)
    RTC_DateStructure                        0x2000001c   Data           4  main.o(.data)
    GPIO_PORT                                0x20000020   Data           8  stm32f429i_discovery.o(.data)
    BUTTON_PORT                              0x20000028   Data           4  stm32f429i_discovery.o(.data)
    NVIC_InitStructure                       0x2000002c   Data           4  stm32f429i_discovery.o(.data)
    Font16x24                                0x20000030   Data           8  stm32f429i_discovery_lcd.o(.data)
    Font12x12                                0x20000038   Data           8  stm32f429i_discovery_lcd.o(.data)
    Font8x12                                 0x20000040   Data           8  stm32f429i_discovery_lcd.o(.data)
    Font8x8                                  0x20000048   Data           8  stm32f429i_discovery_lcd.o(.data)
    sEEAddress                               0x20000060   Data           2  stm32f429i_discovery_i2c_ee.o(.data)
    sEETimeout                               0x20000064   Data           4  stm32f429i_discovery_i2c_ee.o(.data)
    sEEDataReadPointer                       0x20000068   Data           4  stm32f429i_discovery_i2c_ee.o(.data)
    sEEDataWritePointer                      0x2000006c   Data           4  stm32f429i_discovery_i2c_ee.o(.data)
    sEEDataNum                               0x20000070   Data           1  stm32f429i_discovery_i2c_ee.o(.data)
    time                                     0x20000074   Data          15  main.o(.bss)
    RTC_InitStructure                        0x20000084   Data          12  main.o(.bss)
    __initial_sp                             0x20000490   Data           0  startup_stm32f429_439xx.o(STACK)



==============================================================================

Memory Map of the image

  Image Entry point : 0x080001ad

  Load Region LR_IROM1 (Base: 0x08000000, Size: 0x00004e04, Max: 0x00200000, ABSOLUTE)

    Execution Region ER_IROM1 (Base: 0x08000000, Size: 0x00004d90, Max: 0x00200000, ABSOLUTE)

    Base Addr    Size         Type   Attr      Idx    E Section Name        Object

    0x08000000   0x000001ac   Data   RO          323    RESET               startup_stm32f429_439xx.o
    0x080001ac   0x00000000   Code   RO         3717  * .ARM.Collect$$$$00000000  mc_w.l(entry.o)
    0x080001ac   0x00000004   Code   RO         3981    .ARM.Collect$$$$00000001  mc_w.l(entry2.o)
    0x080001b0   0x00000004   Code   RO         3984    .ARM.Collect$$$$00000004  mc_w.l(entry5.o)
    0x080001b4   0x00000000   Code   RO         3986    .ARM.Collect$$$$00000008  mc_w.l(entry7b.o)
    0x080001b4   0x00000000   Code   RO         3988    .ARM.Collect$$$$0000000A  mc_w.l(entry8b.o)
    0x080001b4   0x00000008   Code   RO         3989    .ARM.Collect$$$$0000000B  mc_w.l(entry9a.o)
    0x080001bc   0x00000000   Code   RO         3991    .ARM.Collect$$$$0000000D  mc_w.l(entry10a.o)
    0x080001bc   0x00000000   Code   RO         3993    .ARM.Collect$$$$0000000F  mc_w.l(entry11a.o)
    0x080001bc   0x00000004   Code   RO         3982    .ARM.Collect$$$$00002712  mc_w.l(entry2.o)
    0x080001c0   0x00000024   Code   RO          324    .text               startup_stm32f429_439xx.o
    0x080001e4   0x0000002c   Code   RO         3998    .text               mc_w.l(uidiv.o)
    0x08000210   0x00000024   Code   RO         4013    .text               mc_w.l(init.o)
    0x08000234   0x00000004   Code   RO          184    i.BusFault_Handler  stm32f4xx_it.o
    0x08000238   0x00000040   Code   RO         3648    i.DMA1_Stream2_IRQHandler  stm32f429i_discovery_i2c_ee.o
    0x08000278   0x0000006c   Code   RO         3649    i.DMA1_Stream4_IRQHandler  stm32f429i_discovery_i2c_ee.o
    0x080002e4   0x00000034   Code   RO          616    i.DMA_ClearFlag     stm32f4xx_dma.o
    0x08000318   0x00000016   Code   RO          618    i.DMA_Cmd           stm32f4xx_dma.o
    0x0800032e   0x00000002   PAD
    0x08000330   0x00000040   Code   RO          627    i.DMA_GetFlagStatus  stm32f4xx_dma.o
    0x08000370   0x00000002   Code   RO          185    i.DebugMon_Handler  stm32f4xx_it.o
    0x08000372   0x0000000a   Code   RO          186    i.EXTI0_IRQHandler  stm32f4xx_it.o
    0x0800037c   0x0000000a   Code   RO          187    i.EXTI1_IRQHandler  stm32f4xx_it.o
    0x08000386   0x00000002   Code   RO          188    i.EXTI3_IRQHandler  stm32f4xx_it.o
    0x08000388   0x0000000c   Code   RO          873    i.EXTI_ClearITPendingBit  stm32f4xx_exti.o
    0x08000394   0x00000094   Code   RO          878    i.EXTI_Init         stm32f4xx_exti.o
    0x08000428   0x00000002   Code   RO            3    i.ExtPB_Config      main.o
    0x0800042a   0x00000002   PAD
    0x0800042c   0x0000004c   Code   RO          937    i.FMC_GetFlagStatus  stm32f4xx_fmc.o
    0x08000478   0x00000020   Code   RO          954    i.FMC_SDRAMCmdConfig  stm32f4xx_fmc.o
    0x08000498   0x000000fc   Code   RO          956    i.FMC_SDRAMInit     stm32f4xx_fmc.o
    0x08000594   0x00000018   Code   RO          960    i.FMC_SetRefreshCount  stm32f4xx_fmc.o
    0x080005ac   0x00000090   Code   RO         1111    i.GPIO_Init         stm32f4xx_gpio.o
    0x0800063c   0x00000046   Code   RO         1112    i.GPIO_PinAFConfig  stm32f4xx_gpio.o
    0x08000682   0x00000004   Code   RO         1118    i.GPIO_ResetBits    stm32f4xx_gpio.o
    0x08000686   0x00000004   Code   RO         1119    i.GPIO_SetBits      stm32f4xx_gpio.o
    0x0800068a   0x0000000a   Code   RO         1123    i.GPIO_WriteBit     stm32f4xx_gpio.o
    0x08000694   0x00000004   Code   RO          189    i.HardFault_Handler  stm32f4xx_it.o
    0x08000698   0x00000018   Code   RO         1224    i.I2C_GenerateSTOP  stm32f4xx_i2c.o
    0x080006b0   0x0000003a   Code   RO         1225    i.I2C_GetFlagStatus  stm32f4xx_i2c.o
    0x080006ea   0x00000002   PAD
    0x080006ec   0x00000168   Code   RO         3273    i.LCD_AF_GPIOConfig  stm32f429i_discovery_lcd.o
    0x08000854   0x00000020   Code   RO         3274    i.LCD_ChipSelect    stm32f429i_discovery_lcd.o
    0x08000874   0x00000020   Code   RO         3275    i.LCD_Clear         stm32f429i_discovery_lcd.o
    0x08000894   0x00000050   Code   RO         3279    i.LCD_CtrlLinesConfig  stm32f429i_discovery_lcd.o
    0x080008e4   0x00000014   Code   RO         3280    i.LCD_CtrlLinesWrite  stm32f429i_discovery_lcd.o
    0x080008f8   0x00000030   Code   RO         3282    i.LCD_DisplayChar   stm32f429i_discovery_lcd.o
    0x08000928   0x00000054   Code   RO         3285    i.LCD_DisplayStringLine  stm32f429i_discovery_lcd.o
    0x0800097c   0x000000d8   Code   RO         3286    i.LCD_DrawChar      stm32f429i_discovery_lcd.o
    0x08000a54   0x0000000c   Code   RO         3299    i.LCD_GetFont       stm32f429i_discovery_lcd.o
    0x08000a60   0x0000009a   Code   RO         3300    i.LCD_Init          stm32f429i_discovery_lcd.o
    0x08000afa   0x00000002   PAD
    0x08000afc   0x000000a4   Code   RO         3301    i.LCD_LayerInit     stm32f429i_discovery_lcd.o
    0x08000ba0   0x0000028c   Code   RO         3305    i.LCD_PowerOn       stm32f429i_discovery_lcd.o
    0x08000e2c   0x000000d4   Code   RO         3307    i.LCD_SPIConfig     stm32f429i_discovery_lcd.o
    0x08000f00   0x0000000c   Code   RO         3313    i.LCD_SetFont       stm32f429i_discovery_lcd.o
    0x08000f0c   0x0000002c   Code   RO         3314    i.LCD_SetLayer      stm32f429i_discovery_lcd.o
    0x08000f38   0x0000004c   Code   RO         3320    i.LCD_WriteCommand  stm32f429i_discovery_lcd.o
    0x08000f84   0x00000048   Code   RO         3321    i.LCD_WriteData     stm32f429i_discovery_lcd.o
    0x08000fcc   0x00000024   Code   RO         1437    i.LTDC_Cmd          stm32f4xx_ltdc.o
    0x08000ff0   0x00000024   Code   RO         1441    i.LTDC_DitherCmd    stm32f4xx_ltdc.o
    0x08001014   0x00000188   Code   RO         1448    i.LTDC_Init         stm32f4xx_ltdc.o
    0x0800119c   0x00000016   Code   RO         1452    i.LTDC_LayerCmd     stm32f4xx_ltdc.o
    0x080011b2   0x00000114   Code   RO         1453    i.LTDC_LayerInit    stm32f4xx_ltdc.o
    0x080012c6   0x00000002   PAD
    0x080012c8   0x0000000c   Code   RO         1460    i.LTDC_ReloadConfig  stm32f4xx_ltdc.o
    0x080012d4   0x00000004   Code   RO          190    i.MemManage_Handler  stm32f4xx_it.o
    0x080012d8   0x00000002   Code   RO          191    i.NMI_Handler       stm32f4xx_it.o
    0x080012da   0x00000002   PAD
    0x080012dc   0x00000078   Code   RO          330    i.NVIC_Init         misc.o
    0x08001354   0x0000000c   Code   RO            4    i.PB_Config         main.o
    0x08001360   0x0000000c   Code   RO         3090    i.PWR_BackupAccessCmd  stm32f4xx_pwr.o
    0x0800136c   0x00000002   Code   RO          192    i.PendSV_Handler    stm32f4xx_it.o
    0x0800136e   0x00000002   PAD
    0x08001370   0x00000020   Code   RO         1626    i.RCC_AHB1PeriphClockCmd  stm32f4xx_rcc.o
    0x08001390   0x00000020   Code   RO         1632    i.RCC_AHB3PeriphClockCmd  stm32f4xx_rcc.o
    0x080013b0   0x00000020   Code   RO         1635    i.RCC_APB1PeriphClockCmd  stm32f4xx_rcc.o
    0x080013d0   0x00000020   Code   RO         1637    i.RCC_APB1PeriphResetCmd  stm32f4xx_rcc.o
    0x080013f0   0x00000020   Code   RO         1638    i.RCC_APB2PeriphClockCmd  stm32f4xx_rcc.o
    0x08001410   0x00000020   Code   RO         1640    i.RCC_APB2PeriphResetCmd  stm32f4xx_rcc.o
    0x08001430   0x00000040   Code   RO         1648    i.RCC_GetFlagStatus  stm32f4xx_rcc.o
    0x08001470   0x0000002c   Code   RO         1656    i.RCC_LSEConfig     stm32f4xx_rcc.o
    0x0800149c   0x00000018   Code   RO         1658    i.RCC_LTDCCLKDivConfig  stm32f4xx_rcc.o
    0x080014b4   0x0000000c   Code   RO         1667    i.RCC_PLLSAICmd     stm32f4xx_rcc.o
    0x080014c0   0x00000018   Code   RO         1668    i.RCC_PLLSAIConfig  stm32f4xx_rcc.o
    0x080014d8   0x0000000c   Code   RO         1669    i.RCC_RTCCLKCmd     stm32f4xx_rcc.o
    0x080014e4   0x0000003c   Code   RO         1670    i.RCC_RTCCLKConfig  stm32f4xx_rcc.o
    0x08001520   0x00000002   Code   RO          193    i.RTC_Alarm_IRQHandler  stm32f4xx_it.o
    0x08001522   0x00000016   Code   RO         2739    i.RTC_Bcd2ToByte    stm32f4xx_rtc.o
    0x08001538   0x0000001c   Code   RO         2741    i.RTC_ByteToBcd2    stm32f4xx_rtc.o
    0x08001554   0x000000a4   Code   RO            5    i.RTC_Config        main.o
    0x080015f8   0x00000050   Code   RO         2751    i.RTC_EnterInitMode  stm32f4xx_rtc.o
    0x08001648   0x00000014   Code   RO         2752    i.RTC_ExitInitMode  stm32f4xx_rtc.o
    0x0800165c   0x00000050   Code   RO         2760    i.RTC_GetTime       stm32f4xx_rtc.o
    0x080016ac   0x00000064   Code   RO         2764    i.RTC_ITConfig      stm32f4xx_rtc.o
    0x08001710   0x00000064   Code   RO         2765    i.RTC_Init          stm32f4xx_rtc.o
    0x08001774   0x000000c8   Code   RO         2771    i.RTC_SetDate       stm32f4xx_rtc.o
    0x0800183c   0x000000d0   Code   RO         2772    i.RTC_SetTime       stm32f4xx_rtc.o
    0x0800190c   0x0000001c   Code   RO         2773    i.RTC_SetWakeUpCounter  stm32f4xx_rtc.o
    0x08001928   0x00000060   Code   RO         2788    i.RTC_WaitForSynchro  stm32f4xx_rtc.o
    0x08001988   0x00000030   Code   RO         2789    i.RTC_WakeUpClockConfig  stm32f4xx_rtc.o
    0x080019b8   0x00000078   Code   RO         2790    i.RTC_WakeUpCmd     stm32f4xx_rtc.o
    0x08001a30   0x00000204   Code   RO         3599    i.SDRAM_GPIOConfig  stm32f429i_discovery_sdram.o
    0x08001c34   0x00000068   Code   RO         3600    i.SDRAM_Init        stm32f429i_discovery_sdram.o
    0x08001c9c   0x000000c8   Code   RO         3601    i.SDRAM_InitSequence  stm32f429i_discovery_sdram.o
    0x08001d64   0x00000018   Code   RO         1960    i.SPI_Cmd           stm32f4xx_spi.o
    0x08001d7c   0x000000b0   Code   RO         1967    i.SPI_I2S_DeInit    stm32f4xx_spi.o
    0x08001e2c   0x00000012   Code   RO         1968    i.SPI_I2S_GetFlagStatus  stm32f4xx_spi.o
    0x08001e3e   0x00000004   Code   RO         1972    i.SPI_I2S_SendData  stm32f4xx_spi.o
    0x08001e42   0x0000003c   Code   RO         1973    i.SPI_Init          stm32f4xx_spi.o
    0x08001e7e   0x00000002   PAD
    0x08001e80   0x000000ac   Code   RO         3205    i.STM_EVAL_PBInit   stm32f429i_discovery.o
    0x08001f2c   0x00000002   Code   RO          194    i.SVC_Handler       stm32f4xx_it.o
    0x08001f2e   0x00000002   PAD
    0x08001f30   0x00000040   Code   RO         2121    i.SYSCFG_EXTILineConfig  stm32f4xx_syscfg.o
    0x08001f70   0x0000011c   Code   RO          286    i.SetSysClock       system_stm32f4xx.o
    0x0800208c   0x00000002   Code   RO          195    i.SysTick_Handler   stm32f4xx_it.o
    0x0800208e   0x00000002   PAD
    0x08002090   0x00000068   Code   RO          288    i.SystemInit        system_stm32f4xx.o
    0x080020f8   0x00000002   Code   RO          196    i.TIM3_IRQHandler   stm32f4xx_it.o
    0x080020fa   0x00000004   Code   RO          197    i.UsageFault_Handler  stm32f4xx_it.o
    0x080020fe   0x00000002   PAD
    0x08002100   0x00000028   Code   RO         3767    i.__0sprintf$1      mc_w.l(printf1.o)
    0x08002128   0x0000000e   Code   RO         4027    i.__scatterload_copy  mc_w.l(handlers.o)
    0x08002136   0x00000002   Code   RO         4028    i.__scatterload_null  mc_w.l(handlers.o)
    0x08002138   0x0000000e   Code   RO         4029    i.__scatterload_zeroinit  mc_w.l(handlers.o)
    0x08002146   0x00000002   PAD
    0x08002148   0x00000154   Code   RO         3772    i._printf_core      mc_w.l(printf1.o)
    0x0800229c   0x0000000a   Code   RO         3774    i._sputc            mc_w.l(printf1.o)
    0x080022a6   0x0000001c   Code   RO         3323    i.delay             stm32f429i_discovery_lcd.o
    0x080022c2   0x00000002   PAD
    0x080022c4   0x00000024   Code   RO         3604    i.delay             stm32f429i_discovery_sdram.o
    0x080022e8   0x00000098   Code   RO            6    i.main              main.o
    0x08002380   0x00000004   Code   RO         3653    i.sEE_TIMEOUT_UserCallback  stm32f429i_discovery_i2c_ee.o
    0x08002384   0x00000019   Data   RO         3210    .constdata          stm32f429i_discovery.o
    0x0800239d   0x00000001   PAD
    0x0800239e   0x000029d0   Data   RO         3324    .constdata          stm32f429i_discovery_lcd.o
    0x08004d6e   0x00000002   PAD
    0x08004d70   0x00000020   Data   RO         4025    Region$$Table       anon$$obj.o


    Execution Region RW_IRAM1 (Base: 0x20000000, Size: 0x00000490, Max: 0x00030000, ABSOLUTE)

    Base Addr    Size         Type   Attr      Idx    E Section Name        Object

    0x20000000   0x00000020   Data   RW            8    .data               main.o
    0x20000020   0x00000010   Data   RW         3211    .data               stm32f429i_discovery.o
    0x20000030   0x00000030   Data   RW         3325    .data               stm32f429i_discovery_lcd.o
    0x20000060   0x00000011   Data   RW         3657    .data               stm32f429i_discovery_i2c_ee.o
    0x20000071   0x00000003   PAD
    0x20000074   0x0000001c   Zero   RW            7    .bss                main.o
    0x20000090   0x00000400   Zero   RW          321    STACK               startup_stm32f429_439xx.o


==============================================================================

Image component sizes


      Code (inc. data)   RO Data    RW Data    ZI Data      Debug   Object Name

       330         52          0         32         28     318929   main.o
       120         12          0          0          0       1192   misc.o
        36          8        428          0       1024        756   startup_stm32f429_439xx.o
       172         30         25         16          0       2088   stm32f429i_discovery.o
       176         38          0         17          0       2745   stm32f429i_discovery_i2c_ee.o
      2298        138      10704         48          0      14728   stm32f429i_discovery_lcd.o
       856         28          0          0          0       3497   stm32f429i_discovery_sdram.o
       138         26          0          0          0       3386   stm32f4xx_dma.o
       160         12          0          0          0       1753   stm32f4xx_exti.o
       384         30          0          0          0       3803   stm32f4xx_fmc.o
       232          0          0          0          0       3911   stm32f4xx_gpio.o
        82          0          0          0          0       1963   stm32f4xx_i2c.o
        52          0          0          0          0       5652   stm32f4xx_it.o
       774         32          0          0          0       4633   stm32f4xx_ltdc.o
        12          6          0          0          0        594   stm32f4xx_pwr.o
       432         78          0          0          0       8383   stm32f4xx_rcc.o
      1130         70          0          0          0       9975   stm32f4xx_rtc.o
       282         24          0          0          0       3989   stm32f4xx_spi.o
        64          4          0          0          0        716   stm32f4xx_syscfg.o
       388         32          0          0          0       1433   system_stm32f4xx.o

    ----------------------------------------------------------------------
      8142        620      11192        116       1052     394126   Object Totals
         0          0         32          0          0          0   (incl. Generated)
        24          0          3          3          0          0   (incl. Padding)

    ----------------------------------------------------------------------

      Code (inc. data)   RO Data    RW Data    ZI Data      Debug   Library Member Name

         0          0          0          0          0          0   entry.o
         0          0          0          0          0          0   entry10a.o
         0          0          0          0          0          0   entry11a.o
         8          4          0          0          0          0   entry2.o
         4          0          0          0          0          0   entry5.o
         0          0          0          0          0          0   entry7b.o
         0          0          0          0          0          0   entry8b.o
         8          4          0          0          0          0   entry9a.o
        30          0          0          0          0          0   handlers.o
        36          8          0          0          0         68   init.o
       390         12          0          0          0        248   printf1.o
        44          0          0          0          0         80   uidiv.o

    ----------------------------------------------------------------------
       522         28          0          0          0        396   Library Totals
         2          0          0          0          0          0   (incl. Padding)

    ----------------------------------------------------------------------

      Code (inc. data)   RO Data    RW Data    ZI Data      Debug   Library Name

       520         28          0          0          0        396   mc_w.l

    ----------------------------------------------------------------------
       522         28          0          0          0        396   Library Totals

    ----------------------------------------------------------------------

==============================================================================


      Code (inc. data)   RO Data    RW Data    ZI Data      Debug   

      8664        648      11192        116       1052     384818   Grand Totals
      8664        648      11192        116       1052     384818   ELF Image Totals
      8664        648      11192        116          0          0   ROM Totals

==============================================================================

    Total RO  Size (Code + RO Data)                19856 (  19.39kB)
    Total RW  Size (RW Data + ZI Data)              1168 (   1.14kB)
    Total ROM Size (Code + RO Data + RW Data)      19972 (  19.50kB)

==============================================================================

