ARM Linker, 5.03 [Build 76] [MDK-ARM Lite]

==============================================================================

Section Cross References

    main.o(i.ExtPBNum2) refers to stm32f4xx_rcc.o(i.RCC_AHB1PeriphClockCmd) for RCC_AHB1PeriphClockCmd
    main.o(i.ExtPBNum2) refers to stm32f4xx_rcc.o(i.RCC_APB2PeriphClockCmd) for RCC_APB2PeriphClockCmd
    main.o(i.ExtPBNum2) refers to stm32f4xx_gpio.o(i.GPIO_Init) for GPIO_Init
    main.o(i.ExtPBNum2) refers to stm32f4xx_syscfg.o(i.SYSCFG_EXTILineConfig) for SYSCFG_EXTILineConfig
    main.o(i.ExtPBNum2) refers to stm32f4xx_exti.o(i.EXTI_Init) for EXTI_Init
    main.o(i.ExtPBNum2) refers to misc.o(i.NVIC_Init) for NVIC_Init
    main.o(i.ExtPBNum2) refers to stm32f4xx_exti.o(i.EXTI_ClearITPendingBit) for EXTI_ClearITPendingBit
    main.o(i.ExtPB_Config) refers to stm32f4xx_rcc.o(i.RCC_AHB1PeriphClockCmd) for RCC_AHB1PeriphClockCmd
    main.o(i.ExtPB_Config) refers to stm32f4xx_rcc.o(i.RCC_APB2PeriphClockCmd) for RCC_APB2PeriphClockCmd
    main.o(i.ExtPB_Config) refers to stm32f4xx_gpio.o(i.GPIO_Init) for GPIO_Init
    main.o(i.ExtPB_Config) refers to stm32f4xx_syscfg.o(i.SYSCFG_EXTILineConfig) for SYSCFG_EXTILineConfig
    main.o(i.ExtPB_Config) refers to stm32f4xx_exti.o(i.EXTI_Init) for EXTI_Init
    main.o(i.ExtPB_Config) refers to misc.o(i.NVIC_Init) for NVIC_Init
    main.o(i.ExtPB_Config) refers to stm32f4xx_exti.o(i.EXTI_ClearITPendingBit) for EXTI_ClearITPendingBit
    main.o(i.PB_Config) refers to stm32f429i_discovery.o(i.STM_EVAL_PBInit) for STM_EVAL_PBInit
    main.o(i.RTC_Config) refers to stm32f4xx_rcc.o(i.RCC_APB1PeriphClockCmd) for RCC_APB1PeriphClockCmd
    main.o(i.RTC_Config) refers to stm32f4xx_pwr.o(i.PWR_BackupAccessCmd) for PWR_BackupAccessCmd
    main.o(i.RTC_Config) refers to stm32f4xx_rcc.o(i.RCC_LSEConfig) for RCC_LSEConfig
    main.o(i.RTC_Config) refers to stm32f4xx_rcc.o(i.RCC_GetFlagStatus) for RCC_GetFlagStatus
    main.o(i.RTC_Config) refers to stm32f4xx_rcc.o(i.RCC_RTCCLKConfig) for RCC_RTCCLKConfig
    main.o(i.RTC_Config) refers to stm32f4xx_rcc.o(i.RCC_RTCCLKCmd) for RCC_RTCCLKCmd
    main.o(i.RTC_Config) refers to stm32f4xx_rtc.o(i.RTC_WaitForSynchro) for RTC_WaitForSynchro
    main.o(i.RTC_Config) refers to stm32f4xx_rtc.o(i.RTC_Init) for RTC_Init
    main.o(i.RTC_Config) refers to stm32f4xx_rtc.o(i.RTC_SetTime) for RTC_SetTime
    main.o(i.RTC_Config) refers to stm32f4xx_rtc.o(i.RTC_SetDate) for RTC_SetDate
    main.o(i.RTC_Config) refers to main.o(.bss) for RTC_InitStructure
    main.o(i.RTC_Config) refers to main.o(.data) for RTC_TimeStructure
    main.o(i.main) refers to _printf_percent.o(.ARM.Collect$$_printf_percent$$00000000) for _printf_percent
    main.o(i.main) refers to _printf_d.o(.ARM.Collect$$_printf_percent$$00000009) for _printf_d
    main.o(i.main) refers to _printf_dec.o(.text) for _printf_int_dec
    main.o(i.main) refers to main.o(i.PB_Config) for PB_Config
    main.o(i.main) refers to stm32f429i_discovery_lcd.o(i.LCD_Init) for LCD_Init
    main.o(i.main) refers to stm32f429i_discovery_lcd.o(i.LCD_LayerInit) for LCD_LayerInit
    main.o(i.main) refers to stm32f4xx_ltdc.o(i.LTDC_Cmd) for LTDC_Cmd
    main.o(i.main) refers to stm32f429i_discovery_lcd.o(i.LCD_SetLayer) for LCD_SetLayer
    main.o(i.main) refers to main.o(i.RTC_Config) for RTC_Config
    main.o(i.main) refers to main.o(i.ExtPB_Config) for ExtPB_Config
    main.o(i.main) refers to main.o(i.ExtPBNum2) for ExtPBNum2
    main.o(i.main) refers to stm32f429i_discovery_lcd.o(i.LCD_Clear) for LCD_Clear
    main.o(i.main) refers to stm32f429i_discovery_i2c_ee.o(i.sEE_Init) for sEE_Init
    main.o(i.main) refers to stm32f4xx_rtc.o(i.RTC_GetTime) for RTC_GetTime
    main.o(i.main) refers to noretval__2sprintf.o(.text) for __2sprintf
    main.o(i.main) refers to stm32f429i_discovery_lcd.o(i.LCD_GetFont) for LCD_GetFont
    main.o(i.main) refers to stm32f429i_discovery_lcd.o(i.LCD_DisplayStringLine) for LCD_DisplayStringLine
    main.o(i.main) refers to stm32f429i_discovery_i2c_ee.o(i.sEE_WriteBuffer) for sEE_WriteBuffer
    main.o(i.main) refers to stm32f429i_discovery_i2c_ee.o(i.sEE_WaitEepromStandbyState) for sEE_WaitEepromStandbyState
    main.o(i.main) refers to stm32f429i_discovery_i2c_ee.o(i.sEE_ReadBuffer) for sEE_ReadBuffer
    main.o(i.main) refers to stm32f4xx_rtc.o(i.RTC_SetTime) for RTC_SetTime
    main.o(i.main) refers to main.o(.data) for RTC_TimeStructure
    main.o(i.main) refers to main.o(.bss) for time
    stm32f4xx_it.o(i.EXTI0_IRQHandler) refers to stm32f4xx_exti.o(i.EXTI_ClearITPendingBit) for EXTI_ClearITPendingBit
    stm32f4xx_it.o(i.EXTI0_IRQHandler) refers to main.o(.data) for UBPressed
    stm32f4xx_it.o(i.EXTI1_IRQHandler) refers to stm32f4xx_exti.o(i.EXTI_ClearITPendingBit) for EXTI_ClearITPendingBit
    stm32f4xx_it.o(i.EXTI3_IRQHandler) refers to stm32f4xx_exti.o(i.EXTI_ClearITPendingBit) for EXTI_ClearITPendingBit
    stm32f4xx_it.o(i.EXTI3_IRQHandler) refers to main.o(.data) for EB2Pressed
[...]
    ..\STM32F429I-Discovery_FW_V1.0.1\Utilities\STM32F429I-Discovery\stm32f429i_discovery_sdram.c 0x00000000   Number         0  stm32f429i_discovery_sdram.o ABSOLUTE
    ..\\STM32F429I-Discovery_FW_V1.0.1\\Libraries\\STM32F4xx_StdPeriph_Driver\\src\\misc.c 0x00000000   Number         0  misc.o ABSOLUTE
    ..\\STM32F429I-Discovery_FW_V1.0.1\\Libraries\\STM32F4xx_StdPeriph_Driver\\src\\stm32f4xx_adc.c 0x00000000   Number         0  stm32f4xx_adc.o ABSOLUTE
    ..\\STM32F429I-Discovery_FW_V1.0.1\\Libraries\\STM32F4xx_StdPeriph_Driver\\src\\stm32f4xx_dma.c 0x00000000   Number         0  stm32f4xx_dma.o ABSOLUTE
    ..\\STM32F429I-Discovery_FW_V1.0.1\\Libraries\\STM32F4xx_StdPeriph_Driver\\src\\stm32f4xx_dma2d.c 0x00000000   Number         0  stm32f4xx_dma2d.o ABSOLUTE
    ..\\STM32F429I-Discovery_FW_V1.0.1\\Libraries\\STM32F4xx_StdPeriph_Driver\\src\\stm32f4xx_exti.c 0x00000000   Number         0  stm32f4xx_exti.o ABSOLUTE
    ..\\STM32F429I-Discovery_FW_V1.0.1\\Libraries\\STM32F4xx_StdPeriph_Driver\\src\\stm32f4xx_fmc.c 0x00000000   Number         0  stm32f4xx_fmc.o ABSOLUTE
    ..\\STM32F429I-Discovery_FW_V1.0.1\\Libraries\\STM32F4xx_StdPeriph_Driver\\src\\stm32f4xx_gpio.c 0x00000000   Number         0  stm32f4xx_gpio.o ABSOLUTE
    ..\\STM32F429I-Discovery_FW_V1.0.1\\Libraries\\STM32F4xx_StdPeriph_Driver\\src\\stm32f4xx_i2c.c 0x00000000   Number         0  stm32f4xx_i2c.o ABSOLUTE
    ..\\STM32F429I-Discovery_FW_V1.0.1\\Libraries\\STM32F4xx_StdPeriph_Driver\\src\\stm32f4xx_ltdc.c 0x00000000   Number         0  stm32f4xx_ltdc.o ABSOLUTE
    ..\\STM32F429I-Discovery_FW_V1.0.1\\Libraries\\STM32F4xx_StdPeriph_Driver\\src\\stm32f4xx_pwr.c 0x00000000   Number         0  stm32f4xx_pwr.o ABSOLUTE
    ..\\STM32F429I-Discovery_FW_V1.0.1\\Libraries\\STM32F4xx_StdPeriph_Driver\\src\\stm32f4xx_rcc.c 0x00000000   Number         0  stm32f4xx_rcc.o ABSOLUTE
    ..\\STM32F429I-Discovery_FW_V1.0.1\\Libraries\\STM32F4xx_StdPeriph_Driver\\src\\stm32f4xx_rtc.c 0x00000000   Number         0  stm32f4xx_rtc.o ABSOLUTE
    ..\\STM32F429I-Discovery_FW_V1.0.1\\Libraries\\STM32F4xx_StdPeriph_Driver\\src\\stm32f4xx_spi.c 0x00000000   Number         0  stm32f4xx_spi.o ABSOLUTE
    ..\\STM32F429I-Discovery_FW_V1.0.1\\Libraries\\STM32F4xx_StdPeriph_Driver\\src\\stm32f4xx_syscfg.c 0x00000000   Number         0  stm32f4xx_syscfg.o ABSOLUTE
    ..\\STM32F429I-Discovery_FW_V1.0.1\\Libraries\\STM32F4xx_StdPeriph_Driver\\src\\stm32f4xx_tim.c 0x00000000   Number         0  stm32f4xx_tim.o ABSOLUTE
    ..\\STM32F429I-Discovery_FW_V1.0.1\\Utilities\\STM32F429I-Discovery\\stm32f429i_discovery.c 0x00000000   Number         0  stm32f429i_discovery.o ABSOLUTE
    ..\\STM32F429I-Discovery_FW_V1.0.1\\Utilities\\STM32F429I-Discovery\\stm32f429i_discovery_i2c_ee.c 0x00000000   Number         0  stm32f429i_discovery_i2c_ee.o ABSOLUTE
    ..\\STM32F429I-Discovery_FW_V1.0.1\\Utilities\\STM32F429I-Discovery\\stm32f429i_discovery_lcd.c 0x00000000   Number         0  stm32f429i_discovery_lcd.o ABSOLUTE
    ..\\STM32F429I-Discovery_FW_V1.0.1\\Utilities\\STM32F429I-Discovery\\stm32f429i_discovery_sdram.c 0x00000000   Number         0  stm32f429i_discovery_sdram.o ABSOLUTE
    dc.s                                     0x00000000   Number         0  dc.o ABSOLUTE
    src\\main.c                              0x00000000   Number         0  main.o ABSOLUTE
    src\\stm32f4xx_it.c                      0x00000000   Number         0  stm32f4xx_it.o ABSOLUTE
    src\\system_stm32f4xx.c                  0x00000000   Number         0  system_stm32f4xx.o ABSOLUTE
    src\main.c                               0x00000000   Number         0  main.o ABSOLUTE
    src\stm32f4xx_it.c                       0x00000000   Number         0  stm32f4xx_it.o ABSOLUTE
    src\system_stm32f4xx.c                   0x00000000   Number         0  system_stm32f4xx.o ABSOLUTE
    startup_stm32f429_439xx.s                0x00000000   Number         0  startup_stm32f429_439xx.o ABSOLUTE
    RESET                                    0x08000000   Section      428  startup_stm32f429_439xx.o(RESET)
    !!!main                                  0x080001ac   Section        8  __main.o(!!!main)
    !!!scatter                               0x080001b4   Section       52  __scatter.o(!!!scatter)
    !!handler_copy                           0x080001e8   Section       26  __scatter_copy.o(!!handler_copy)
    !!handler_zi                             0x08000204   Section       28  __scatter_zi.o(!!handler_zi)
    .ARM.Collect$$_printf_percent$$00000000  0x08000220   Section        0  _printf_percent.o(.ARM.Collect$$_printf_percent$$00000000)
    .ARM.Collect$$_printf_percent$$00000009  0x08000220   Section        6  _printf_d.o(.ARM.Collect$$_printf_percent$$00000009)
    .ARM.Collect$$_printf_percent$$00000017  0x08000226   Section        4  _printf_percent_end.o(.ARM.Collect$$_printf_percent$$00000017)
    .ARM.Collect$$libinit$$00000000          0x0800022a   Section        2  libinit.o(.ARM.Collect$$libinit$$00000000)
    .ARM.Collect$$libinit$$00000001          0x0800022c   Section        4  libinit2.o(.ARM.Collect$$libinit$$00000001)
    .ARM.Collect$$libinit$$00000008          0x08000230   Section        0  libinit2.o(.ARM.Collect$$libinit$$00000008)
    .ARM.Collect$$libinit$$0000000A          0x08000230   Section        0  libinit2.o(.ARM.Collect$$libinit$$0000000A)
    .ARM.Collect$$libinit$$0000000C          0x08000230   Section        0  libinit2.o(.ARM.Collect$$libinit$$0000000C)
    .ARM.Collect$$libinit$$0000000F          0x08000230   Section        0  libinit2.o(.ARM.Collect$$libinit$$0000000F)
    .ARM.Collect$$libinit$$00000011          0x08000230   Section        0  libinit2.o(.ARM.Collect$$libinit$$00000011)
    .ARM.Collect$$libinit$$00000013          0x08000230   Section        0  libinit2.o(.ARM.Collect$$libinit$$00000013)
    .ARM.Collect$$libinit$$00000015          0x08000230   Section        0  libinit2.o(.ARM.Collect$$libinit$$00000015)
    .ARM.Collect$$libinit$$00000017          0x08000230   Section        0  libinit2.o(.ARM.Collect$$libinit$$00000017)
    .ARM.Collect$$libinit$$00000019          0x08000230   Section        0  libinit2.o(.ARM.Collect$$libinit$$00000019)
    .ARM.Collect$$libinit$$0000001B          0x08000230   Section        0  libinit2.o(.ARM.Collect$$libinit$$0000001B)
    .ARM.Collect$$libinit$$0000001D          0x08000230   Section        0  libinit2.o(.ARM.Collect$$libinit$$0000001D)
    .ARM.Collect$$libinit$$0000001F          0x08000230   Section        0  libinit2.o(.ARM.Collect$$libinit$$0000001F)
    .ARM.Collect$$libinit$$00000021          0x08000230   Section        0  libinit2.o(.ARM.Collect$$libinit$$00000021)
    .ARM.Collect$$libinit$$00000023          0x08000230   Section        0  libinit2.o(.ARM.Collect$$libinit$$00000023)
    .ARM.Collect$$libinit$$0000002A          0x08000230   Section        0  libinit2.o(.ARM.Collect$$libinit$$0000002A)
    .ARM.Collect$$libinit$$0000002C          0x08000230   Section        0  libinit2.o(.ARM.Collect$$libinit$$0000002C)
    .ARM.Collect$$libinit$$0000002E          0x08000230   Section        0  libinit2.o(.ARM.Collect$$libinit$$0000002E)
    .ARM.Collect$$libinit$$00000030          0x08000230   Section        0  libinit2.o(.ARM.Collect$$libinit$$00000030)
    .ARM.Collect$$libinit$$00000031          0x08000230   Section        2  libinit2.o(.ARM.Collect$$libinit$$00000031)
    .ARM.Collect$$libshutdown$$00000000      0x08000232   Section        2  libshutdown.o(.ARM.Collect$$libshutdown$$00000000)
    .ARM.Collect$$libshutdown$$00000003      0x08000234   Section        0  libshutdown2.o(.ARM.Collect$$libshutdown$$00000003)
    .ARM.Collect$$libshutdown$$00000006      0x08000234   Section        0  libshutdown2.o(.ARM.Collect$$libshutdown$$00000006)
    .ARM.Collect$$libshutdown$$00000009      0x08000234   Section        0  libshutdown2.o(.ARM.Collect$$libshutdown$$00000009)
    .ARM.Collect$$libshutdown$$0000000B      0x08000234   Section        0  libshutdown2.o(.ARM.Collect$$libshutdown$$0000000B)
    .ARM.Collect$$libshutdown$$0000000E      0x08000234   Section        0  libshutdown2.o(.ARM.Collect$$libshutdown$$0000000E)
    .ARM.Collect$$libshutdown$$0000000F      0x08000234   Section        2  libshutdown2.o(.ARM.Collect$$libshutdown$$0000000F)
    .ARM.Collect$$rtentry$$00000000          0x08000236   Section        0  rtentry.o(.ARM.Collect$$rtentry$$00000000)
    .ARM.Collect$$rtentry$$00000002          0x08000236   Section        0  rtentry2.o(.ARM.Collect$$rtentry$$00000002)
    .ARM.Collect$$rtentry$$00000004          0x08000236   Section        6  rtentry4.o(.ARM.Collect$$rtentry$$00000004)
    .ARM.Collect$$rtentry$$00000009          0x0800023c   Section        0  rtentry2.o(.ARM.Collect$$rtentry$$00000009)
    .ARM.Collect$$rtentry$$0000000A          0x0800023c   Section        4  rtentry2.o(.ARM.Collect$$rtentry$$0000000A)
    .ARM.Collect$$rtentry$$0000000C          0x08000240   Section        0  rtentry2.o(.ARM.Collect$$rtentry$$0000000C)
    .ARM.Collect$$rtentry$$0000000D          0x08000240   Section        8  rtentry2.o(.ARM.Collect$$rtentry$$0000000D)
    .ARM.Collect$$rtexit$$00000000           0x08000248   Section        2  rtexit.o(.ARM.Collect$$rtexit$$00000000)
    .ARM.Collect$$rtexit$$00000002           0x0800024a   Section        0  rtexit2.o(.ARM.Collect$$rtexit$$00000002)
    .ARM.Collect$$rtexit$$00000003           0x0800024a   Section        4  rtexit2.o(.ARM.Collect$$rtexit$$00000003)
    .ARM.Collect$$rtexit$$00000004           0x0800024e   Section        6  rtexit2.o(.ARM.Collect$$rtexit$$00000004)
    .text                                    0x08000254   Section       64  startup_stm32f429_439xx.o(.text)
    $v0                                      0x08000254   Number         0  startup_stm32f429_439xx.o(.text)
    .text                                    0x08000294   Section        0  noretval__2sprintf.o(.text)
    .text                                    0x080002bc   Section        0  _printf_dec.o(.text)
    .text                                    0x08000334   Section        0  __printf_flags_wp.o(.text)
    .text                                    0x08000470   Section        0  heapauxi.o(.text)
    .text                                    0x08000476   Section        0  _printf_intcommon.o(.text)
    .text                                    0x08000530   Section        0  _printf_char_common.o(.text)
    _printf_input_char                       0x08000531   Thumb Code    10  _printf_char_common.o(.text)
    .text                                    0x08000560   Section        0  _sputc.o(.text)
    .text                                    0x0800056a   Section       74  sys_stackheap_outer.o(.text)
    .text                                    0x080005b4   Section        0  exit.o(.text)
    .text                                    0x080005c0   Section        8  libspace.o(.text)
    .text                                    0x080005c8   Section        0  sys_exit.o(.text)
    .text                                    0x080005d4   Section        2  use_no_semi.o(.text)
    .text                                    0x080005d6   Section        0  indicate_semi.o(.text)
    i.BusFault_Handler                       0x080005d6   Section        0  stm32f4xx_it.o(i.BusFault_Handler)
    i.DMA1_Stream2_IRQHandler                0x080005dc   Section        0  stm32f429i_discovery_i2c_ee.o(i.DMA1_Stream2_IRQHandler)
    i.DMA1_Stream4_IRQHandler                0x0800061c   Section        0  stm32f429i_discovery_i2c_ee.o(i.DMA1_Stream4_IRQHandler)
    i.DMA_ClearFlag                          0x08000688   Section        0  stm32f4xx_dma.o(i.DMA_ClearFlag)
    i.DMA_Cmd                                0x080006bc   Section        0  stm32f4xx_dma.o(i.DMA_Cmd)
    i.DMA_DeInit                             0x080006d4   Section        0  stm32f4xx_dma.o(i.DMA_DeInit)
    i.DMA_GetFlagStatus                      0x0800082c   Section        0  stm32f4xx_dma.o(i.DMA_GetFlagStatus)
    i.DMA_ITConfig                           0x0800086c   Section        0  stm32f4xx_dma.o(i.DMA_ITConfig)
    i.DMA_Init                               0x080008a8   Section        0  stm32f4xx_dma.o(i.DMA_Init)
    i.DebugMon_Handler                       0x08000900   Section        0  stm32f4xx_it.o(i.DebugMon_Handler)
    i.EXTI0_IRQHandler                       0x08000904   Section        0  stm32f4xx_it.o(i.EXTI0_IRQHandler)
    i.EXTI1_IRQHandler                       0x08000918   Section        0  stm32f4xx_it.o(i.EXTI1_IRQHandler)
    i.EXTI3_IRQHandler                       0x08000924   Section        0  stm32f4xx_it.o(i.EXTI3_IRQHandler)
    i.EXTI4_IRQHandler                       0x08000938   Section        0  stm32f4xx_it.o(i.EXTI4_IRQHandler)
    i.EXTI_ClearITPendingBit                 0x0800094c   Section        0  stm32f4xx_exti.o(i.EXTI_ClearITPendingBit)
    i.EXTI_Init                              0x08000958   Section        0  stm32f4xx_exti.o(i.EXTI_Init)
    i.ExtPBNum2                              0x080009ec   Section        0  main.o(i.ExtPBNum2)
    i.ExtPB_Config                           0x08000a6c   Section        0  main.o(i.ExtPB_Config)
    i.FMC_GetFlagStatus                      0x08000aec   Section        0  stm32f4xx_fmc.o(i.FMC_GetFlagStatus)
    i.FMC_SDRAMCmdConfig                     0x08000b38   Section        0  stm32f4xx_fmc.o(i.FMC_SDRAMCmdConfig)
    i.FMC_SDRAMInit                          0x08000b58   Section        0  stm32f4xx_fmc.o(i.FMC_SDRAMInit)
    i.FMC_SetRefreshCount                    0x08000c54   Section        0  stm32f4xx_fmc.o(i.FMC_SetRefreshCount)
    i.GPIO_Init                              0x08000c6c   Section        0  stm32f4xx_gpio.o(i.GPIO_Init)
    i.GPIO_PinAFConfig                       0x08000cfc   Section        0  stm32f4xx_gpio.o(i.GPIO_PinAFConfig)
    i.GPIO_ResetBits                         0x08000d42   Section        0  stm32f4xx_gpio.o(i.GPIO_ResetBits)
    i.GPIO_SetBits                           0x08000d46   Section        0  stm32f4xx_gpio.o(i.GPIO_SetBits)
    i.GPIO_WriteBit                          0x08000d4a   Section        0  stm32f4xx_gpio.o(i.GPIO_WriteBit)
    i.HardFault_Handler                      0x08000d54   Section        0  stm32f4xx_it.o(i.HardFault_Handler)
    i.I2C_AcknowledgeConfig                  0x08000d58   Section        0  stm32f4xx_i2c.o(i.I2C_AcknowledgeConfig)
    i.I2C_CheckEvent                         0x08000d70   Section        0  stm32f4xx_i2c.o(i.I2C_CheckEvent)
    i.I2C_ClearFlag                          0x08000d9a   Section        0  stm32f4xx_i2c.o(i.I2C_ClearFlag)
    i.I2C_Cmd                                0x08000da6   Section        0  stm32f4xx_i2c.o(i.I2C_Cmd)
    i.I2C_DMACmd                             0x08000dbe   Section        0  stm32f4xx_i2c.o(i.I2C_DMACmd)
    i.I2C_DMALastTransferCmd                 0x08000dd6   Section        0  stm32f4xx_i2c.o(i.I2C_DMALastTransferCmd)
    i.I2C_GenerateSTART                      0x08000dee   Section        0  stm32f4xx_i2c.o(i.I2C_GenerateSTART)
    i.I2C_GenerateSTOP                       0x08000e06   Section        0  stm32f4xx_i2c.o(i.I2C_GenerateSTOP)
    i.I2C_GetFlagStatus                      0x08000e1e   Section        0  stm32f4xx_i2c.o(i.I2C_GetFlagStatus)
    i.I2C_Init                               0x08000e58   Section        0  stm32f4xx_i2c.o(i.I2C_Init)
    i.I2C_ReceiveData                        0x08000f40   Section        0  stm32f4xx_i2c.o(i.I2C_ReceiveData)
    i.I2C_Send7bitAddress                    0x08000f48   Section        0  stm32f4xx_i2c.o(i.I2C_Send7bitAddress)
    i.I2C_SendData                           0x08000f58   Section        0  stm32f4xx_i2c.o(i.I2C_SendData)
    i.LCD_AF_GPIOConfig                      0x08000f5c   Section        0  stm32f429i_discovery_lcd.o(i.LCD_AF_GPIOConfig)
    LCD_AF_GPIOConfig                        0x08000f5d   Thumb Code   334  stm32f429i_discovery_lcd.o(i.LCD_AF_GPIOConfig)
    i.LCD_ChipSelect                         0x080010c4   Section        0  stm32f429i_discovery_lcd.o(i.LCD_ChipSelect)
    i.LCD_Clear                              0x080010e4   Section        0  stm32f429i_discovery_lcd.o(i.LCD_Clear)
    i.LCD_CtrlLinesConfig                    0x08001104   Section        0  stm32f429i_discovery_lcd.o(i.LCD_CtrlLinesConfig)
    i.LCD_CtrlLinesWrite                     0x08001154   Section        0  stm32f429i_discovery_lcd.o(i.LCD_CtrlLinesWrite)
    i.LCD_DisplayChar                        0x08001168   Section        0  stm32f429i_discovery_lcd.o(i.LCD_DisplayChar)
    i.LCD_DisplayStringLine                  0x08001198   Section        0  stm32f429i_discovery_lcd.o(i.LCD_DisplayStringLine)
    i.LCD_DrawChar                           0x080011ec   Section        0  stm32f429i_discovery_lcd.o(i.LCD_DrawChar)
    i.LCD_GetFont                            0x080012c4   Section        0  stm32f429i_discovery_lcd.o(i.LCD_GetFont)
    i.LCD_Init                               0x080012d0   Section        0  stm32f429i_discovery_lcd.o(i.LCD_Init)
    i.LCD_LayerInit                          0x0800136c   Section        0  stm32f429i_discovery_lcd.o(i.LCD_LayerInit)
    i.LCD_PowerOn                            0x08001410   Section        0  stm32f429i_discovery_lcd.o(i.LCD_PowerOn)
    i.LCD_SPIConfig                          0x0800169c   Section        0  stm32f429i_discovery_lcd.o(i.LCD_SPIConfig)
    i.LCD_SetFont                            0x08001770   Section        0  stm32f429i_discovery_lcd.o(i.LCD_SetFont)
    i.LCD_SetLayer                           0x0800177c   Section        0  stm32f429i_discovery_lcd.o(i.LCD_SetLayer)
    i.LCD_WriteCommand                       0x080017a8   Section        0  stm32f429i_discovery_lcd.o(i.LCD_WriteCommand)
    i.LCD_WriteData                          0x080017f4   Section        0  stm32f429i_discovery_lcd.o(i.LCD_WriteData)
    i.LTDC_Cmd                               0x0800183c   Section        0  stm32f4xx_ltdc.o(i.LTDC_Cmd)
    i.LTDC_DitherCmd                         0x08001860   Section        0  stm32f4xx_ltdc.o(i.LTDC_DitherCmd)
    i.LTDC_Init                              0x08001884   Section        0  stm32f4xx_ltdc.o(i.LTDC_Init)
    i.LTDC_LayerCmd                          0x08001a0c   Section        0  stm32f4xx_ltdc.o(i.LTDC_LayerCmd)
    i.LTDC_LayerInit                         0x08001a22   Section        0  stm32f4xx_ltdc.o(i.LTDC_LayerInit)
    i.LTDC_ReloadConfig                      0x08001b38   Section        0  stm32f4xx_ltdc.o(i.LTDC_ReloadConfig)
    i.MemManage_Handler                      0x08001b44   Section        0  stm32f4xx_it.o(i.MemManage_Handler)
    i.NMI_Handler                            0x08001b48   Section        0  stm32f4xx_it.o(i.NMI_Handler)
    i.NVIC_Init                              0x08001b4c   Section        0  misc.o(i.NVIC_Init)
    i.PB_Config                              0x08001bc4   Section        0  main.o(i.PB_Config)
    i.PWR_BackupAccessCmd                    0x08001bd0   Section        0  stm32f4xx_pwr.o(i.PWR_BackupAccessCmd)
    i.PendSV_Handler                         0x08001bdc   Section        0  stm32f4xx_it.o(i.PendSV_Handler)
    i.RCC_AHB1PeriphClockCmd                 0x08001be0   Section        0  stm32f4xx_rcc.o(i.RCC_AHB1PeriphClockCmd)
    i.RCC_AHB3PeriphClockCmd                 0x08001c00   Section        0  stm32f4xx_rcc.o(i.RCC_AHB3PeriphClockCmd)
    i.RCC_APB1PeriphClockCmd                 0x08001c20   Section        0  stm32f4xx_rcc.o(i.RCC_APB1PeriphClockCmd)
    i.RCC_APB1PeriphResetCmd                 0x08001c40   Section        0  stm32f4xx_rcc.o(i.RCC_APB1PeriphResetCmd)
    i.RCC_APB2PeriphClockCmd                 0x08001c60   Section        0  stm32f4xx_rcc.o(i.RCC_APB2PeriphClockCmd)
    i.RCC_APB2PeriphResetCmd                 0x08001c80   Section        0  stm32f4xx_rcc.o(i.RCC_APB2PeriphResetCmd)
    i.RCC_GetClocksFreq                      0x08001ca0   Section        0  stm32f4xx_rcc.o(i.RCC_GetClocksFreq)
    i.RCC_GetFlagStatus                      0x08001d88   Section        0  stm32f4xx_rcc.o(i.RCC_GetFlagStatus)
    i.RCC_LSEConfig                          0x08001dc8   Section        0  stm32f4xx_rcc.o(i.RCC_LSEConfig)
    i.RCC_LTDCCLKDivConfig                   0x08001df4   Section        0  stm32f4xx_rcc.o(i.RCC_LTDCCLKDivConfig)
    i.RCC_PLLSAICmd                          0x08001e0c   Section        0  stm32f4xx_rcc.o(i.RCC_PLLSAICmd)
    i.RCC_PLLSAIConfig                       0x08001e18   Section        0  stm32f4xx_rcc.o(i.RCC_PLLSAIConfig)
    i.RCC_RTCCLKCmd                          0x08001e30   Section        0  stm32f4xx_rcc.o(i.RCC_RTCCLKCmd)
    i.RCC_RTCCLKConfig                       0x08001e3c   Section        0  stm32f4xx_rcc.o(i.RCC_RTCCLKConfig)
    i.RTC_Alarm_IRQHandler                   0x08001e78   Section        0  stm32f4xx_it.o(i.RTC_Alarm_IRQHandler)
    i.RTC_Bcd2ToByte                         0x08001e7a   Section        0  stm32f4xx_rtc.o(i.RTC_Bcd2ToByte)
    RTC_Bcd2ToByte                           0x08001e7b   Thumb Code    22  stm32f4xx_rtc.o(i.RTC_Bcd2ToByte)
    i.RTC_ByteToBcd2                         0x08001e90   Section        0  stm32f4xx_rtc.o(i.RTC_ByteToBcd2)
    RTC_ByteToBcd2                           0x08001e91   Thumb Code    28  stm32f4xx_rtc.o(i.RTC_ByteToBcd2)
    i.RTC_Config                             0x08001eac   Section        0  main.o(i.RTC_Config)
    i.RTC_EnterInitMode                      0x08001f2c   Section        0  stm32f4xx_rtc.o(i.RTC_EnterInitMode)
    i.RTC_ExitInitMode                       0x08001f7c   Section        0  stm32f4xx_rtc.o(i.RTC_ExitInitMode)
    i.RTC_GetTime                            0x08001f90   Section        0  stm32f4xx_rtc.o(i.RTC_GetTime)
    i.RTC_Init                               0x08001fe0   Section        0  stm32f4xx_rtc.o(i.RTC_Init)
    i.RTC_SetDate                            0x08002044   Section        0  stm32f4xx_rtc.o(i.RTC_SetDate)
    i.RTC_SetTime                            0x0800210c   Section        0  stm32f4xx_rtc.o(i.RTC_SetTime)
    i.RTC_WaitForSynchro                     0x080021dc   Section        0  stm32f4xx_rtc.o(i.RTC_WaitForSynchro)
    i.SDRAM_GPIOConfig                       0x0800223c   Section        0  stm32f429i_discovery_sdram.o(i.SDRAM_GPIOConfig)
    i.SDRAM_Init                             0x08002440   Section        0  stm32f429i_discovery_sdram.o(i.SDRAM_Init)
    i.SDRAM_InitSequence                     0x080024a8   Section        0  stm32f429i_discovery_sdram.o(i.SDRAM_InitSequence)
    i.SPI_Cmd                                0x08002570   Section        0  stm32f4xx_spi.o(i.SPI_Cmd)
    i.SPI_I2S_DeInit                         0x08002588   Section        0  stm32f4xx_spi.o(i.SPI_I2S_DeInit)
    i.SPI_I2S_GetFlagStatus                  0x08002638   Section        0  stm32f4xx_spi.o(i.SPI_I2S_GetFlagStatus)
    i.SPI_I2S_SendData                       0x0800264a   Section        0  stm32f4xx_spi.o(i.SPI_I2S_SendData)
    i.SPI_Init                               0x0800264e   Section        0  stm32f4xx_spi.o(i.SPI_Init)
    i.STM_EVAL_PBInit                        0x0800268c   Section        0  stm32f429i_discovery.o(i.STM_EVAL_PBInit)
    i.SVC_Handler                            0x08002738   Section        0  stm32f4xx_it.o(i.SVC_Handler)
    i.SYSCFG_EXTILineConfig                  0x0800273c   Section        0  stm32f4xx_syscfg.o(i.SYSCFG_EXTILineConfig)
    i.SetSysClock                            0x0800277c   Section        0  system_stm32f4xx.o(i.SetSysClock)
    SetSysClock                              0x0800277d   Thumb Code   268  system_stm32f4xx.o(i.SetSysClock)
    i.SysTick_Handler                        0x08002898   Section        0  stm32f4xx_it.o(i.SysTick_Handler)
    i.SystemInit                             0x0800289c   Section        0  system_stm32f4xx.o(i.SystemInit)
    i.TIM3_IRQHandler                        0x08002904   Section        0  stm32f4xx_it.o(i.TIM3_IRQHandler)
    i.UsageFault_Handler                     0x08002906   Section        0  stm32f4xx_it.o(i.UsageFault_Handler)
    i._is_digit                              0x0800290a   Section        0  __printf_wp.o(i._is_digit)
    i.delay                                  0x08002918   Section        0  stm32f429i_discovery_lcd.o(i.delay)
    delay                                    0x08002919   Thumb Code    28  stm32f429i_discovery_lcd.o(i.delay)
    i.delay                                  0x08002934   Section        0  stm32f429i_discovery_sdram.o(i.delay)
    delay                                    0x08002935   Thumb Code    32  stm32f429i_discovery_sdram.o(i.delay)
    i.main                                   0x08002958   Section        0  main.o(i.main)
    i.sEE_Init                               0x08002b7c   Section        0  stm32f429i_discovery_i2c_ee.o(i.sEE_Init)
    i.sEE_LowLevel_DMAConfig                 0x08002be0   Section        0  stm32f429i_discovery.o(i.sEE_LowLevel_DMAConfig)
    i.sEE_LowLevel_Init                      0x08002c20   Section        0  stm32f429i_discovery.o(i.sEE_LowLevel_Init)
    i.sEE_ReadBuffer                         0x08002d7c   Section        0  stm32f429i_discovery_i2c_ee.o(i.sEE_ReadBuffer)
    i.sEE_TIMEOUT_UserCallback               0x08002fbc   Section        0  stm32f429i_discovery_i2c_ee.o(i.sEE_TIMEOUT_UserCallback)
    i.sEE_WaitEepromStandbyState             0x08002fc0   Section        0  stm32f429i_discovery_i2c_ee.o(i.sEE_WaitEepromStandbyState)
    i.sEE_WriteBuffer                        0x080030a8   Section        0  stm32f429i_discovery_i2c_ee.o(i.sEE_WriteBuffer)
    i.sEE_WritePage                          0x08003364   Section        0  stm32f429i_discovery_i2c_ee.o(i.sEE_WritePage)
    x$fpl$fpinit                             0x08003494   Section       10  fpinit.o(x$fpl$fpinit)
    $v0                                      0x08003494   Number         0  fpinit.o(x$fpl$fpinit)
    .constdata                               0x080034a0   Section       25  stm32f429i_discovery.o(.constdata)
    .constdata                               0x080034ba   Section    10704  stm32f429i_discovery_lcd.o(.constdata)
    .constdata                               0x08005e8a   Section       17  __printf_flags_wp.o(.constdata)
    maptable                                 0x08005e8a   Data          17  __printf_flags_wp.o(.constdata)
    .data                                    0x20000000   Section       52  main.o(.data)
    .data                                    0x20000034   Section       16  stm32f4xx_rcc.o(.data)
    APBAHBPrescTable                         0x20000034   Data          16  stm32f4xx_rcc.o(.data)
    .data                                    0x20000044   Section       16  stm32f429i_discovery.o(.data)
    .data                                    0x20000054   Section       48  stm32f429i_discovery_lcd.o(.data)
    CurrentTextColor                         0x20000074   Data           2  stm32f429i_discovery_lcd.o(.data)
    CurrentBackColor                         0x20000076   Data           2  stm32f429i_discovery_lcd.o(.data)
    CurrentFrameBuffer                       0x20000078   Data           4  stm32f429i_discovery_lcd.o(.data)
    CurrentLayer                             0x2000007c   Data           4  stm32f429i_discovery_lcd.o(.data)
    LCD_Currentfonts                         0x20000080   Data           4  stm32f429i_discovery_lcd.o(.data)
    .data                                    0x20000084   Section       17  stm32f429i_discovery_i2c_ee.o(.data)
    .bss                                     0x20000098   Section       60  main.o(.bss)
    .bss                                     0x200000d4   Section       60  stm32f429i_discovery.o(.bss)
    .bss                                     0x20000110   Section       96  libspace.o(.bss)
    HEAP                                     0x20000170   Section      512  startup_stm32f429_439xx.o(HEAP)
    Heap_Mem                                 0x20000170   Data         512  startup_stm32f429_439xx.o(HEAP)
    STACK                                    0x20000370   Section     1024  startup_stm32f429_439xx.o(STACK)
    Stack_Mem                                0x20000370   Data        1024  startup_stm32f429_439xx.o(STACK)
    __initial_sp                             0x20000770   Data           0  startup_stm32f429_439xx.o(STACK)

    Global Symbols

    Symbol Name                              Value     Ov Type        Size  Object(Section)

    BuildAttributes$$THM_ISAv4$E$P$D$K$B$S$7EM$VFPi3$EXTD16$VFPS$VFMA$PE$A:L22UL41UL21$X:L11$S22US41US21$IEEE1$IW$USESV6$~STKCKD$USESV7$~SHL$OSPACE$ROPI$EBA8$UX$STANDARDLIB$REQ8$PRES8$EABIv2 0x00000000   Number         0  anon$$obj.o ABSOLUTE
    __ARM_use_no_argv                        0x00000000   Number         0  main.o ABSOLUTE
    _printf_flags                            0x00000000   Number         0  printf_stubs.o ABSOLUTE
    _printf_return_value                     0x00000000   Number         0  printf_stubs.o ABSOLUTE
    _printf_sizespec                         0x00000000   Number         0  printf_stubs.o ABSOLUTE
    _printf_widthprec                        0x00000000   Number         0  printf_stubs.o ABSOLUTE
    __ARM_exceptions_init                     - Undefined Weak Reference
    __alloca_initialize                       - Undefined Weak Reference
    __cpp_initialize__aeabi_                  - Undefined Weak Reference
    __cxa_finalize                            - Undefined Weak Reference
    __rt_locale                               - Undefined Weak Reference
    __sigvec_lookup                           - Undefined Weak Reference
    _atexit_init                              - Undefined Weak Reference
    _call_atexit_fns                          - Undefined Weak Reference
    _clock_init                               - Undefined Weak Reference
    _fp_trap_init                             - Undefined Weak Reference
    _fp_trap_shutdown                         - Undefined Weak Reference
    _get_lc_collate                           - Undefined Weak Reference
    _get_lc_ctype                             - Undefined Weak Reference
    _get_lc_monetary                          - Undefined Weak Reference
    _get_lc_numeric                           - Undefined Weak Reference
    _get_lc_time                              - Undefined Weak Reference
    _getenv_init                              - Undefined Weak Reference
    _handle_redirection                       - Undefined Weak Reference
    _init_alloc                               - Undefined Weak Reference
    _init_user_alloc                          - Undefined Weak Reference
    _initio                                   - Undefined Weak Reference
    _printf_post_padding                      - Undefined Weak Reference
    _printf_pre_padding                       - Undefined Weak Reference
    _printf_truncate_signed                   - Undefined Weak Reference
    _printf_truncate_unsigned                 - Undefined Weak Reference
    _rand_init                                - Undefined Weak Reference
    _signal_finish                            - Undefined Weak Reference
    _signal_init                              - Undefined Weak Reference
    _terminate_alloc                          - Undefined Weak Reference
    _terminate_user_alloc                     - Undefined Weak Reference
    _terminateio                              - Undefined Weak Reference
    __Vectors_Size                           0x000001ac   Number         0  startup_stm32f429_439xx.o ABSOLUTE
    __Vectors                                0x08000000   Data           4  startup_stm32f429_439xx.o(RESET)
    __Vectors_End                            0x080001ac   Data           0  startup_stm32f429_439xx.o(RESET)
    __main                                   0x080001ad   Thumb Code     8  __main.o(!!!main)
    __scatterload                            0x080001b5   Thumb Code     0  __scatter.o(!!!scatter)
    __scatterload_rt2                        0x080001b5   Thumb Code    44  __scatter.o(!!!scatter)
    __scatterload_rt2_thumb_only             0x080001b5   Thumb Code     0  __scatter.o(!!!scatter)
    __scatterload_null                       0x080001c3   Thumb Code     0  __scatter.o(!!!scatter)
    __scatterload_copy                       0x080001e9   Thumb Code    26  __scatter_copy.o(!!handler_copy)
    __scatterload_zeroinit                   0x08000205   Thumb Code    28  __scatter_zi.o(!!handler_zi)
    _printf_d                                0x08000221   Thumb Code     0  _printf_d.o(.ARM.Collect$$_printf_percent$$00000009)
    _printf_percent                          0x08000221   Thumb Code     0  _printf_percent.o(.ARM.Collect$$_printf_percent$$00000000)
    _printf_percent_end                      0x08000227   Thumb Code     0  _printf_percent_end.o(.ARM.Collect$$_printf_percent$$00000017)
    __rt_lib_init                            0x0800022b   Thumb Code     0  libinit.o(.ARM.Collect$$libinit$$00000000)
    __rt_lib_init_fp_1                       0x0800022d   Thumb Code     0  libinit2.o(.ARM.Collect$$libinit$$00000001)
    __rt_lib_init_alloca_1                   0x08000231   Thumb Code     0  libinit2.o(.ARM.Collect$$libinit$$0000002C)
    __rt_lib_init_argv_1                     0x08000231   Thumb Code     0  libinit2.o(.ARM.Collect$$libinit$$0000002A)
    __rt_lib_init_atexit_1                   0x08000231   Thumb Code     0  libinit2.o(.ARM.Collect$$libinit$$00000019)
    __rt_lib_init_clock_1                    0x08000231   Thumb Code     0  libinit2.o(.ARM.Collect$$libinit$$0000001F)
    __rt_lib_init_cpp_1                      0x08000231   Thumb Code     0  libinit2.o(.ARM.Collect$$libinit$$00000030)
    __rt_lib_init_exceptions_1               0x08000231   Thumb Code     0  libinit2.o(.ARM.Collect$$libinit$$0000002E)
    __rt_lib_init_fp_trap_1                  0x08000231   Thumb Code     0  libinit2.o(.ARM.Collect$$libinit$$0000001D)
    __rt_lib_init_getenv_1                   0x08000231   Thumb Code     0  libinit2.o(.ARM.Collect$$libinit$$00000021)
    __rt_lib_init_heap_1                     0x08000231   Thumb Code     0  libinit2.o(.ARM.Collect$$libinit$$00000008)
    __rt_lib_init_lc_collate_1               0x08000231   Thumb Code     0  libinit2.o(.ARM.Collect$$libinit$$0000000F)
    __rt_lib_init_lc_ctype_1                 0x08000231   Thumb Code     0  libinit2.o(.ARM.Collect$$libinit$$00000011)
    __rt_lib_init_lc_monetary_1              0x08000231   Thumb Code     0  libinit2.o(.ARM.Collect$$libinit$$00000013)
    __rt_lib_init_lc_numeric_1               0x08000231   Thumb Code     0  libinit2.o(.ARM.Collect$$libinit$$00000015)
    __rt_lib_init_lc_time_1                  0x08000231   Thumb Code     0  libinit2.o(.ARM.Collect$$libinit$$00000017)
    __rt_lib_init_rand_1                     0x08000231   Thumb Code     0  libinit2.o(.ARM.Collect$$libinit$$0000000C)
    __rt_lib_init_return                     0x08000231   Thumb Code     0  libinit2.o(.ARM.Collect$$libinit$$00000031)
    __rt_lib_init_signal_1                   0x08000231   Thumb Code     0  libinit2.o(.ARM.Collect$$libinit$$0000001B)
    __rt_lib_init_stdio_1                    0x08000231   Thumb Code     0  libinit2.o(.ARM.Collect$$libinit$$00000023)
    __rt_lib_init_user_alloc_1               0x08000231   Thumb Code     0  libinit2.o(.ARM.Collect$$libinit$$0000000A)
    __rt_lib_shutdown                        0x08000233   Thumb Code     0  libshutdown.o(.ARM.Collect$$libshutdown$$00000000)
    __rt_lib_shutdown_fp_trap_1              0x08000235   Thumb Code     0  libshutdown2.o(.ARM.Collect$$libshutdown$$00000006)
    __rt_lib_shutdown_heap_1                 0x08000235   Thumb Code     0  libshutdown2.o(.ARM.Collect$$libshutdown$$0000000E)
    __rt_lib_shutdown_return                 0x08000235   Thumb Code     0  libshutdown2.o(.ARM.Collect$$libshutdown$$0000000F)
    __rt_lib_shutdown_signal_1               0x08000235   Thumb Code     0  libshutdown2.o(.ARM.Collect$$libshutdown$$00000009)
    __rt_lib_shutdown_stdio_1                0x08000235   Thumb Code     0  libshutdown2.o(.ARM.Collect$$libshutdown$$00000003)
    __rt_lib_shutdown_user_alloc_1           0x08000235   Thumb Code     0  libshutdown2.o(.ARM.Collect$$libshutdown$$0000000B)
    __rt_entry                               0x08000237   Thumb Code     0  rtentry.o(.ARM.Collect$$rtentry$$00000000)
    __rt_entry_presh_1                       0x08000237   Thumb Code     0  rtentry2.o(.ARM.Collect$$rtentry$$00000002)
    __rt_entry_sh                            0x08000237   Thumb Code     0  rtentry4.o(.ARM.Collect$$rtentry$$00000004)
    __rt_entry_li                            0x0800023d   Thumb Code     0  rtentry2.o(.ARM.Collect$$rtentry$$0000000A)
    __rt_entry_postsh_1                      0x0800023d   Thumb Code     0  rtentry2.o(.ARM.Collect$$rtentry$$00000009)
    __rt_entry_main                          0x08000241   Thumb Code     0  rtentry2.o(.ARM.Collect$$rtentry$$0000000D)
    __rt_entry_postli_1                      0x08000241   Thumb Code     0  rtentry2.o(.ARM.Collect$$rtentry$$0000000C)
    __rt_exit                                0x08000249   Thumb Code     0  rtexit.o(.ARM.Collect$$rtexit$$00000000)
    __rt_exit_ls                             0x0800024b   Thumb Code     0  rtexit2.o(.ARM.Collect$$rtexit$$00000003)
    __rt_exit_prels_1                        0x0800024b   Thumb Code     0  rtexit2.o(.ARM.Collect$$rtexit$$00000002)
    __rt_exit_exit                           0x0800024f   Thumb Code     0  rtexit2.o(.ARM.Collect$$rtexit$$00000004)
    Reset_Handler                            0x08000255   Thumb Code     8  startup_stm32f429_439xx.o(.text)
    ADC_IRQHandler                           0x0800026f   Thumb Code     0  startup_stm32f429_439xx.o(.text)
    CAN1_RX0_IRQHandler                      0x0800026f   Thumb Code     0  startup_stm32f429_439xx.o(.text)
    CAN1_RX1_IRQHandler                      0x0800026f   Thumb Code     0  startup_stm32f429_439xx.o(.text)
    CAN1_SCE_IRQHandler                      0x0800026f   Thumb Code     0  startup_stm32f429_439xx.o(.text)
    CAN1_TX_IRQHandler                       0x0800026f   Thumb Code     0  startup_stm32f429_439xx.o(.text)
    CAN2_RX0_IRQHandler                      0x0800026f   Thumb Code     0  startup_stm32f429_439xx.o(.text)
    CAN2_RX1_IRQHandler                      0x0800026f   Thumb Code     0  startup_stm32f429_439xx.o(.text)
    CAN2_SCE_IRQHandler                      0x0800026f   Thumb Code     0  startup_stm32f429_439xx.o(.text)
    CAN2_TX_IRQHandler                       0x0800026f   Thumb Code     0  startup_stm32f429_439xx.o(.text)
    CRYP_IRQHandler                          0x0800026f   Thumb Code     0  startup_stm32f429_439xx.o(.text)
    DCMI_IRQHandler                          0x0800026f   Thumb Code     0  startup_stm32f429_439xx.o(.text)
    DMA1_Stream0_IRQHandler                  0x0800026f   Thumb Code     0  startup_stm32f429_439xx.o(.text)
    DMA1_Stream1_IRQHandler                  0x0800026f   Thumb Code     0  startup_stm32f429_439xx.o(.text)
    DMA1_Stream3_IRQHandler                  0x0800026f   Thumb Code     0  startup_stm32f429_439xx.o(.text)
    DMA1_Stream5_IRQHandler                  0x0800026f   Thumb Code     0  startup_stm32f429_439xx.o(.text)
    DMA1_Stream6_IRQHandler                  0x0800026f   Thumb Code     0  startup_stm32f429_439xx.o(.text)
    DMA1_Stream7_IRQHandler                  0x0800026f   Thumb Code     0  startup_stm32f429_439xx.o(.text)
    DMA2D_IRQHandler                         0x0800026f   Thumb Code     0  startup_stm32f429_439xx.o(.text)
    DMA2_Stream0_IRQHandler                  0x0800026f   Thumb Code     0  startup_stm32f429_439xx.o(.text)
    DMA2_Stream1_IRQHandler                  0x0800026f   Thumb Code     0  startup_stm32f429_439xx.o(.text)
    DMA2_Stream2_IRQHandler                  0x0800026f   Thumb Code     0  startup_stm32f429_439xx.o(.text)
    DMA2_Stream3_IRQHandler                  0x0800026f   Thumb Code     0  startup_stm32f429_439xx.o(.text)
    DMA2_Stream4_IRQHandler                  0x0800026f   Thumb Code     0  startup_stm32f429_439xx.o(.text)
    DMA2_Stream5_IRQHandler                  0x0800026f   Thumb Code     0  startup_stm32f429_439xx.o(.text)
    DMA2_Stream6_IRQHandler                  0x0800026f   Thumb Code     0  startup_stm32f429_439xx.o(.text)
    DMA2_Stream7_IRQHandler                  0x0800026f   Thumb Code     0  startup_stm32f429_439xx.o(.text)
    ETH_IRQHandler                           0x0800026f   Thumb Code     0  startup_stm32f429_439xx.o(.text)
    ETH_WKUP_IRQHandler                      0x0800026f   Thumb Code     0  startup_stm32f429_439xx.o(.text)
    EXTI15_10_IRQHandler                     0x0800026f   Thumb Code     0  startup_stm32f429_439xx.o(.text)
    EXTI2_IRQHandler                         0x0800026f   Thumb Code     0  startup_stm32f429_439xx.o(.text)
    EXTI9_5_IRQHandler                       0x0800026f   Thumb Code     0  startup_stm32f429_439xx.o(.text)
    FLASH_IRQHandler                         0x0800026f   Thumb Code     0  startup_stm32f429_439xx.o(.text)
    FMC_IRQHandler                           0x0800026f   Thumb Code     0  startup_stm32f429_439xx.o(.text)
    FPU_IRQHandler                           0x0800026f   Thumb Code     0  startup_stm32f429_439xx.o(.text)
    HASH_RNG_IRQHandler                      0x0800026f   Thumb Code     0  startup_stm32f429_439xx.o(.text)
    I2C1_ER_IRQHandler                       0x0800026f   Thumb Code     0  startup_stm32f429_439xx.o(.text)
    I2C1_EV_IRQHandler                       0x0800026f   Thumb Code     0  startup_stm32f429_439xx.o(.text)
    I2C2_ER_IRQHandler                       0x0800026f   Thumb Code     0  startup_stm32f429_439xx.o(.text)
    I2C2_EV_IRQHandler                       0x0800026f   Thumb Code     0  startup_stm32f429_439xx.o(.text)
    I2C3_ER_IRQHandler                       0x0800026f   Thumb Code     0  startup_stm32f429_439xx.o(.text)
    I2C3_EV_IRQHandler                       0x0800026f   Thumb Code     0  startup_stm32f429_439xx.o(.text)
    LTDC_ER_IRQHandler                       0x0800026f   Thumb Code     0  startup_stm32f429_439xx.o(.text)
    LTDC_IRQHandler                          0x0800026f   Thumb Code     0  startup_stm32f429_439xx.o(.text)
    OTG_FS_IRQHandler                        0x0800026f   Thumb Code     0  startup_stm32f429_439xx.o(.text)
    OTG_FS_WKUP_IRQHandler                   0x0800026f   Thumb Code     0  startup_stm32f429_439xx.o(.text)
    OTG_HS_EP1_IN_IRQHandler                 0x0800026f   Thumb Code     0  startup_stm32f429_439xx.o(.text)
    OTG_HS_EP1_OUT_IRQHandler                0x0800026f   Thumb Code     0  startup_stm32f429_439xx.o(.text)
    OTG_HS_IRQHandler                        0x0800026f   Thumb Code     0  startup_stm32f429_439xx.o(.text)
    OTG_HS_WKUP_IRQHandler                   0x0800026f   Thumb Code     0  startup_stm32f429_439xx.o(.text)
    PVD_IRQHandler                           0x0800026f   Thumb Code     0  startup_stm32f429_439xx.o(.text)
    RCC_IRQHandler                           0x0800026f   Thumb Code     0  startup_stm32f429_439xx.o(.text)
    RTC_WKUP_IRQHandler                      0x0800026f   Thumb Code     0  startup_stm32f429_439xx.o(.text)
    SAI1_IRQHandler                          0x0800026f   Thumb Code     0  startup_stm32f429_439xx.o(.text)
    SDIO_IRQHandler                          0x0800026f   Thumb Code     0  startup_stm32f429_439xx.o(.text)
    SPI1_IRQHandler                          0x0800026f   Thumb Code     0  startup_stm32f429_439xx.o(.text)
    SPI2_IRQHandler                          0x0800026f   Thumb Code     0  startup_stm32f429_439xx.o(.text)
    SPI3_IRQHandler                          0x0800026f   Thumb Code     0  startup_stm32f429_439xx.o(.text)
    SPI4_IRQHandler                          0x0800026f   Thumb Code     0  startup_stm32f429_439xx.o(.text)
    SPI5_IRQHandler                          0x0800026f   Thumb Code     0  startup_stm32f429_439xx.o(.text)
    SPI6_IRQHandler                          0x0800026f   Thumb Code     0  startup_stm32f429_439xx.o(.text)
    TAMP_STAMP_IRQHandler                    0x0800026f   Thumb Code     0  startup_stm32f429_439xx.o(.text)
    TIM1_BRK_TIM9_IRQHandler                 0x0800026f   Thumb Code     0  startup_stm32f429_439xx.o(.text)
    TIM1_CC_IRQHandler                       0x0800026f   Thumb Code     0  startup_stm32f429_439xx.o(.text)
    TIM1_TRG_COM_TIM11_IRQHandler            0x0800026f   Thumb Code     0  startup_stm32f429_439xx.o(.text)
    TIM1_UP_TIM10_IRQHandler                 0x0800026f   Thumb Code     0  startup_stm32f429_439xx.o(.text)
    TIM2_IRQHandler                          0x0800026f   Thumb Code     0  startup_stm32f429_439xx.o(.text)
    TIM4_IRQHandler                          0x0800026f   Thumb Code     0  startup_stm32f429_439xx.o(.text)
    TIM5_IRQHandler                          0x0800026f   Thumb Code     0  startup_stm32f429_439xx.o(.text)
    TIM6_DAC_IRQHandler                      0x0800026f   Thumb Code     0  startup_stm32f429_439xx.o(.text)
    TIM7_IRQHandler                          0x0800026f   Thumb Code     0  startup_stm32f429_439xx.o(.text)
    TIM8_BRK_TIM12_IRQHandler                0x0800026f   Thumb Code     0  startup_stm32f429_439xx.o(.text)
    TIM8_CC_IRQHandler                       0x0800026f   Thumb Code     0  startup_stm32f429_439xx.o(.text)
    TIM8_TRG_COM_TIM14_IRQHandler            0x0800026f   Thumb Code     0  startup_stm32f429_439xx.o(.text)
    TIM8_UP_TIM13_IRQHandler                 0x0800026f   Thumb Code     0  startup_stm32f429_439xx.o(.text)
    UART4_IRQHandler                         0x0800026f   Thumb Code     0  startup_stm32f429_439xx.o(.text)
    UART5_IRQHandler                         0x0800026f   Thumb Code     0  startup_stm32f429_439xx.o(.text)
    UART7_IRQHandler                         0x0800026f   Thumb Code     0  startup_stm32f429_439xx.o(.text)
    UART8_IRQHandler                         0x0800026f   Thumb Code     0  startup_stm32f429_439xx.o(.text)
    USART1_IRQHandler                        0x0800026f   Thumb Code     0  startup_stm32f429_439xx.o(.text)
    USART2_IRQHandler                        0x0800026f   Thumb Code     0  startup_stm32f429_439xx.o(.text)
    USART3_IRQHandler                        0x0800026f   Thumb Code     0  startup_stm32f429_439xx.o(.text)
    USART6_IRQHandler                        0x0800026f   Thumb Code     0  startup_stm32f429_439xx.o(.text)
    WWDG_IRQHandler                          0x0800026f   Thumb Code     0  startup_stm32f429_439xx.o(.text)
    __user_initial_stackheap                 0x08000271   Thumb Code     0  startup_stm32f429_439xx.o(.text)
    __2sprintf                               0x08000295   Thumb Code    34  noretval__2sprintf.o(.text)
    _printf_int_dec                          0x080002bd   Thumb Code   102  _printf_dec.o(.text)
    __printf                                 0x08000335   Thumb Code   310  __printf_flags_wp.o(.text)
    __use_two_region_memory                  0x08000471   Thumb Code     2  heapauxi.o(.text)
    __rt_heap_escrow$2region                 0x08000473   Thumb Code     2  heapauxi.o(.text)
    __rt_heap_expand$2region                 0x08000475   Thumb Code     2  heapauxi.o(.text)
    _printf_int_common                       0x08000477   Thumb Code   184  _printf_intcommon.o(.text)
    _printf_char_common                      0x0800053b   Thumb Code    32  _printf_char_common.o(.text)
    _sputc                                   0x08000561   Thumb Code    10  _sputc.o(.text)
    __user_setup_stackheap                   0x0800056b   Thumb Code    74  sys_stackheap_outer.o(.text)
    exit                                     0x080005b5   Thumb Code    12  exit.o(.text)
    __user_libspace                          0x080005c1   Thumb Code     8  libspace.o(.text)
    __user_perproc_libspace                  0x080005c1   Thumb Code     0  libspace.o(.text)
    __user_perthread_libspace                0x080005c1   Thumb Code     0  libspace.o(.text)
    _sys_exit                                0x080005c9   Thumb Code     8  sys_exit.o(.text)
    __I$use$semihosting                      0x080005d5   Thumb Code     0  use_no_semi.o(.text)
    __use_no_semihosting_swi                 0x080005d5   Thumb Code     2  use_no_semi.o(.text)
    BusFault_Handler                         0x080005d7   Thumb Code     4  stm32f4xx_it.o(i.BusFault_Handler)
    __semihosting_library_function           0x080005d7   Thumb Code     0  indicate_semi.o(.text)
    DMA1_Stream2_IRQHandler                  0x080005dd   Thumb Code    50  stm32f429i_discovery_i2c_ee.o(i.DMA1_Stream2_IRQHandler)
    DMA1_Stream4_IRQHandler                  0x0800061d   Thumb Code    84  stm32f429i_discovery_i2c_ee.o(i.DMA1_Stream4_IRQHandler)
    DMA_ClearFlag                            0x08000689   Thumb Code    38  stm32f4xx_dma.o(i.DMA_ClearFlag)
    DMA_Cmd                                  0x080006bd   Thumb Code    22  stm32f4xx_dma.o(i.DMA_Cmd)
    DMA_DeInit                               0x080006d5   Thumb Code   324  stm32f4xx_dma.o(i.DMA_DeInit)
    DMA_GetFlagStatus                        0x0800082d   Thumb Code    52  stm32f4xx_dma.o(i.DMA_GetFlagStatus)
    DMA_ITConfig                             0x0800086d   Thumb Code    58  stm32f4xx_dma.o(i.DMA_ITConfig)
    DMA_Init                                 0x080008a9   Thumb Code    82  stm32f4xx_dma.o(i.DMA_Init)
    DebugMon_Handler                         0x08000901   Thumb Code     2  stm32f4xx_it.o(i.DebugMon_Handler)
    EXTI0_IRQHandler                         0x08000905   Thumb Code    16  stm32f4xx_it.o(i.EXTI0_IRQHandler)
    EXTI1_IRQHandler                         0x08000919   Thumb Code    10  stm32f4xx_it.o(i.EXTI1_IRQHandler)
    EXTI3_IRQHandler                         0x08000925   Thumb Code    16  stm32f4xx_it.o(i.EXTI3_IRQHandler)
    EXTI4_IRQHandler                         0x08000939   Thumb Code    16  stm32f4xx_it.o(i.EXTI4_IRQHandler)
    EXTI_ClearITPendingBit                   0x0800094d   Thumb Code     6  stm32f4xx_exti.o(i.EXTI_ClearITPendingBit)
    EXTI_Init                                0x08000959   Thumb Code   142  stm32f4xx_exti.o(i.EXTI_Init)
    ExtPBNum2                                0x080009ed   Thumb Code   124  main.o(i.ExtPBNum2)
    ExtPB_Config                             0x08000a6d   Thumb Code   124  main.o(i.ExtPB_Config)
    FMC_GetFlagStatus                        0x08000aed   Thumb Code    64  stm32f4xx_fmc.o(i.FMC_GetFlagStatus)
    FMC_SDRAMCmdConfig                       0x08000b39   Thumb Code    28  stm32f4xx_fmc.o(i.FMC_SDRAMCmdConfig)
    FMC_SDRAMInit                            0x08000b59   Thumb Code   244  stm32f4xx_fmc.o(i.FMC_SDRAMInit)
    FMC_SetRefreshCount                      0x08000c55   Thumb Code    18  stm32f4xx_fmc.o(i.FMC_SetRefreshCount)
    GPIO_Init                                0x08000c6d   Thumb Code   144  stm32f4xx_gpio.o(i.GPIO_Init)
    GPIO_PinAFConfig                         0x08000cfd   Thumb Code    70  stm32f4xx_gpio.o(i.GPIO_PinAFConfig)
    GPIO_ResetBits                           0x08000d43   Thumb Code     4  stm32f4xx_gpio.o(i.GPIO_ResetBits)
    GPIO_SetBits                             0x08000d47   Thumb Code     4  stm32f4xx_gpio.o(i.GPIO_SetBits)
    GPIO_WriteBit                            0x08000d4b   Thumb Code    10  stm32f4xx_gpio.o(i.GPIO_WriteBit)
    HardFault_Handler                        0x08000d55   Thumb Code     4  stm32f4xx_it.o(i.HardFault_Handler)
    I2C_AcknowledgeConfig                    0x08000d59   Thumb Code    24  stm32f4xx_i2c.o(i.I2C_AcknowledgeConfig)
    I2C_CheckEvent                           0x08000d71   Thumb Code    42  stm32f4xx_i2c.o(i.I2C_CheckEvent)
    I2C_ClearFlag                            0x08000d9b   Thumb Code    12  stm32f4xx_i2c.o(i.I2C_ClearFlag)
    I2C_Cmd                                  0x08000da7   Thumb Code    24  stm32f4xx_i2c.o(i.I2C_Cmd)
    I2C_DMACmd                               0x08000dbf   Thumb Code    24  stm32f4xx_i2c.o(i.I2C_DMACmd)
    I2C_DMALastTransferCmd                   0x08000dd7   Thumb Code    24  stm32f4xx_i2c.o(i.I2C_DMALastTransferCmd)
    I2C_GenerateSTART                        0x08000def   Thumb Code    24  stm32f4xx_i2c.o(i.I2C_GenerateSTART)
    I2C_GenerateSTOP                         0x08000e07   Thumb Code    24  stm32f4xx_i2c.o(i.I2C_GenerateSTOP)
    I2C_GetFlagStatus                        0x08000e1f   Thumb Code    58  stm32f4xx_i2c.o(i.I2C_GetFlagStatus)
    I2C_Init                                 0x08000e59   Thumb Code   218  stm32f4xx_i2c.o(i.I2C_Init)
    I2C_ReceiveData                          0x08000f41   Thumb Code     8  stm32f4xx_i2c.o(i.I2C_ReceiveData)
    I2C_Send7bitAddress                      0x08000f49   Thumb Code    16  stm32f4xx_i2c.o(i.I2C_Send7bitAddress)
    I2C_SendData                             0x08000f59   Thumb Code     4  stm32f4xx_i2c.o(i.I2C_SendData)
    LCD_ChipSelect                           0x080010c5   Thumb Code    26  stm32f429i_discovery_lcd.o(i.LCD_ChipSelect)
    LCD_Clear                                0x080010e5   Thumb Code    26  stm32f429i_discovery_lcd.o(i.LCD_Clear)
    LCD_CtrlLinesConfig                      0x08001105   Thumb Code    70  stm32f429i_discovery_lcd.o(i.LCD_CtrlLinesConfig)
    LCD_CtrlLinesWrite                       0x08001155   Thumb Code    20  stm32f429i_discovery_lcd.o(i.LCD_CtrlLinesWrite)
    LCD_DisplayChar                          0x08001169   Thumb Code    42  stm32f429i_discovery_lcd.o(i.LCD_DisplayChar)
    LCD_DisplayStringLine                    0x08001199   Thumb Code    78  stm32f429i_discovery_lcd.o(i.LCD_DisplayStringLine)
    LCD_DrawChar                             0x080011ed   Thumb Code   200  stm32f429i_discovery_lcd.o(i.LCD_DrawChar)
    LCD_GetFont                              0x080012c5   Thumb Code     6  stm32f429i_discovery_lcd.o(i.LCD_GetFont)
    LCD_Init                                 0x080012d1   Thumb Code   154  stm32f429i_discovery_lcd.o(i.LCD_Init)
    LCD_LayerInit                            0x0800136d   Thumb Code   152  stm32f429i_discovery_lcd.o(i.LCD_LayerInit)
    LCD_PowerOn                              0x08001411   Thumb Code   652  stm32f429i_discovery_lcd.o(i.LCD_PowerOn)
    LCD_SPIConfig                            0x0800169d   Thumb Code   204  stm32f429i_discovery_lcd.o(i.LCD_SPIConfig)
    LCD_SetFont                              0x08001771   Thumb Code     6  stm32f429i_discovery_lcd.o(i.LCD_SetFont)
    LCD_SetLayer                             0x0800177d   Thumb Code    32  stm32f429i_discovery_lcd.o(i.LCD_SetLayer)
    LCD_WriteCommand                         0x080017a9   Thumb Code    66  stm32f429i_discovery_lcd.o(i.LCD_WriteCommand)
    LCD_WriteData                            0x080017f5   Thumb Code    64  stm32f429i_discovery_lcd.o(i.LCD_WriteData)
    LTDC_Cmd                                 0x0800183d   Thumb Code    30  stm32f4xx_ltdc.o(i.LTDC_Cmd)
    LTDC_DitherCmd                           0x08001861   Thumb Code    30  stm32f4xx_ltdc.o(i.LTDC_DitherCmd)
    LTDC_Init                                0x08001885   Thumb Code   378  stm32f4xx_ltdc.o(i.LTDC_Init)
    LTDC_LayerCmd                            0x08001a0d   Thumb Code    22  stm32f4xx_ltdc.o(i.LTDC_LayerCmd)
    LTDC_LayerInit                           0x08001a23   Thumb Code   276  stm32f4xx_ltdc.o(i.LTDC_LayerInit)
    LTDC_ReloadConfig                        0x08001b39   Thumb Code     6  stm32f4xx_ltdc.o(i.LTDC_ReloadConfig)
    MemManage_Handler                        0x08001b45   Thumb Code     4  stm32f4xx_it.o(i.MemManage_Handler)
    NMI_Handler                              0x08001b49   Thumb Code     2  stm32f4xx_it.o(i.NMI_Handler)
    NVIC_Init                                0x08001b4d   Thumb Code   108  misc.o(i.NVIC_Init)
    PB_Config                                0x08001bc5   Thumb Code    12  main.o(i.PB_Config)
    PWR_BackupAccessCmd                      0x08001bd1   Thumb Code     6  stm32f4xx_pwr.o(i.PWR_BackupAccessCmd)
    PendSV_Handler                           0x08001bdd   Thumb Code     2  stm32f4xx_it.o(i.PendSV_Handler)
    RCC_AHB1PeriphClockCmd                   0x08001be1   Thumb Code    26  stm32f4xx_rcc.o(i.RCC_AHB1PeriphClockCmd)
    RCC_AHB3PeriphClockCmd                   0x08001c01   Thumb Code    26  stm32f4xx_rcc.o(i.RCC_AHB3PeriphClockCmd)
    RCC_APB1PeriphClockCmd                   0x08001c21   Thumb Code    26  stm32f4xx_rcc.o(i.RCC_APB1PeriphClockCmd)
    RCC_APB1PeriphResetCmd                   0x08001c41   Thumb Code    26  stm32f4xx_rcc.o(i.RCC_APB1PeriphResetCmd)
    RCC_APB2PeriphClockCmd                   0x08001c61   Thumb Code    26  stm32f4xx_rcc.o(i.RCC_APB2PeriphClockCmd)
    RCC_APB2PeriphResetCmd                   0x08001c81   Thumb Code    26  stm32f4xx_rcc.o(i.RCC_APB2PeriphResetCmd)
    RCC_GetClocksFreq                        0x08001ca1   Thumb Code   214  stm32f4xx_rcc.o(i.RCC_GetClocksFreq)
    RCC_GetFlagStatus                        0x08001d89   Thumb Code    60  stm32f4xx_rcc.o(i.RCC_GetFlagStatus)
    RCC_LSEConfig                            0x08001dc9   Thumb Code    40  stm32f4xx_rcc.o(i.RCC_LSEConfig)
    RCC_LTDCCLKDivConfig                     0x08001df5   Thumb Code    18  stm32f4xx_rcc.o(i.RCC_LTDCCLKDivConfig)
    RCC_PLLSAICmd                            0x08001e0d   Thumb Code     6  stm32f4xx_rcc.o(i.RCC_PLLSAICmd)
    RCC_PLLSAIConfig                         0x08001e19   Thumb Code    18  stm32f4xx_rcc.o(i.RCC_PLLSAIConfig)
    RCC_RTCCLKCmd                            0x08001e31   Thumb Code     6  stm32f4xx_rcc.o(i.RCC_RTCCLKCmd)
    RCC_RTCCLKConfig                         0x08001e3d   Thumb Code    50  stm32f4xx_rcc.o(i.RCC_RTCCLKConfig)
    RTC_Alarm_IRQHandler                     0x08001e79   Thumb Code     2  stm32f4xx_it.o(i.RTC_Alarm_IRQHandler)
    RTC_Config                               0x08001ead   Thumb Code   114  main.o(i.RTC_Config)
    RTC_EnterInitMode                        0x08001f2d   Thumb Code    76  stm32f4xx_rtc.o(i.RTC_EnterInitMode)
    RTC_ExitInitMode                         0x08001f7d   Thumb Code    14  stm32f4xx_rtc.o(i.RTC_ExitInitMode)
    RTC_GetTime                              0x08001f91   Thumb Code    72  stm32f4xx_rtc.o(i.RTC_GetTime)
    RTC_Init                                 0x08001fe1   Thumb Code    94  stm32f4xx_rtc.o(i.RTC_Init)
    RTC_SetDate                              0x08002045   Thumb Code   190  stm32f4xx_rtc.o(i.RTC_SetDate)
    RTC_SetTime                              0x0800210d   Thumb Code   198  stm32f4xx_rtc.o(i.RTC_SetTime)
    RTC_WaitForSynchro                       0x080021dd   Thumb Code    92  stm32f4xx_rtc.o(i.RTC_WaitForSynchro)
    SDRAM_GPIOConfig                         0x0800223d   Thumb Code   492  stm32f429i_discovery_sdram.o(i.SDRAM_GPIOConfig)
    SDRAM_Init                               0x08002441   Thumb Code   104  stm32f429i_discovery_sdram.o(i.SDRAM_Init)
    SDRAM_InitSequence                       0x080024a9   Thumb Code   200  stm32f429i_discovery_sdram.o(i.SDRAM_InitSequence)
    SPI_Cmd                                  0x08002571   Thumb Code    24  stm32f4xx_spi.o(i.SPI_Cmd)
    SPI_I2S_DeInit                           0x08002589   Thumb Code   152  stm32f4xx_spi.o(i.SPI_I2S_DeInit)
    SPI_I2S_GetFlagStatus                    0x08002639   Thumb Code    18  stm32f4xx_spi.o(i.SPI_I2S_GetFlagStatus)
    SPI_I2S_SendData                         0x0800264b   Thumb Code     4  stm32f4xx_spi.o(i.SPI_I2S_SendData)
    SPI_Init                                 0x0800264f   Thumb Code    60  stm32f4xx_spi.o(i.SPI_Init)
    STM_EVAL_PBInit                          0x0800268d   Thumb Code   142  stm32f429i_discovery.o(i.STM_EVAL_PBInit)
    SVC_Handler                              0x08002739   Thumb Code     2  stm32f4xx_it.o(i.SVC_Handler)
    SYSCFG_EXTILineConfig                    0x0800273d   Thumb Code    60  stm32f4xx_syscfg.o(i.SYSCFG_EXTILineConfig)
    SysTick_Handler                          0x08002899   Thumb Code     2  stm32f4xx_it.o(i.SysTick_Handler)
    SystemInit                               0x0800289d   Thumb Code    88  system_stm32f4xx.o(i.SystemInit)
    TIM3_IRQHandler                          0x08002905   Thumb Code     2  stm32f4xx_it.o(i.TIM3_IRQHandler)
    UsageFault_Handler                       0x08002907   Thumb Code     4  stm32f4xx_it.o(i.UsageFault_Handler)
    _is_digit                                0x0800290b   Thumb Code    14  __printf_wp.o(i._is_digit)
    main                                     0x08002959   Thumb Code   470  main.o(i.main)
    sEE_Init                                 0x08002b7d   Thumb Code    86  stm32f429i_discovery_i2c_ee.o(i.sEE_Init)
    sEE_LowLevel_DMAConfig                   0x08002be1   Thumb Code    56  stm32f429i_discovery.o(i.sEE_LowLevel_DMAConfig)
    sEE_LowLevel_Init                        0x08002c21   Thumb Code   316  stm32f429i_discovery.o(i.sEE_LowLevel_Init)
    sEE_ReadBuffer                           0x08002d7d   Thumb Code   542  stm32f429i_discovery_i2c_ee.o(i.sEE_ReadBuffer)
    sEE_TIMEOUT_UserCallback                 0x08002fbd   Thumb Code     4  stm32f429i_discovery_i2c_ee.o(i.sEE_TIMEOUT_UserCallback)
    sEE_WaitEepromStandbyState               0x08002fc1   Thumb Code   210  stm32f429i_discovery_i2c_ee.o(i.sEE_WaitEepromStandbyState)
    sEE_WriteBuffer                          0x080030a9   Thumb Code   692  stm32f429i_discovery_i2c_ee.o(i.sEE_WriteBuffer)
    sEE_WritePage                            0x08003365   Thumb Code   276  stm32f429i_discovery_i2c_ee.o(i.sEE_WritePage)
    _fp_init                                 0x08003495   Thumb Code    10  fpinit.o(x$fpl$fpinit)
    __fplib_config_fpu_vfp                   0x0800349d   Thumb Code     0  fpinit.o(x$fpl$fpinit)
    __fplib_config_pureend_doubles           0x0800349d   Thumb Code     0  fpinit.o(x$fpl$fpinit)
    GPIO_PIN                                 0x080034a0   Data           4  stm32f429i_discovery.o(.constdata)
    GPIO_CLK                                 0x080034a4   Data           8  stm32f429i_discovery.o(.constdata)
    BUTTON_PIN                               0x080034ac   Data           2  stm32f429i_discovery.o(.constdata)
    BUTTON_CLK                               0x080034b0   Data           4  stm32f429i_discovery.o(.constdata)
    BUTTON_EXTI_LINE                         0x080034b4   Data           2  stm32f429i_discovery.o(.constdata)
    BUTTON_PORT_SOURCE                       0x080034b6   Data           1  stm32f429i_discovery.o(.constdata)
    BUTTON_PIN_SOURCE                        0x080034b7   Data           1  stm32f429i_discovery.o(.constdata)
    BUTTON_IRQn                              0x080034b8   Data           1  stm32f429i_discovery.o(.constdata)
    ASCII16x24_Table                         0x080034ba   Data        4560  stm32f429i_discovery_lcd.o(.constdata)
    ASCII12x12_Table                         0x0800468a   Data        2304  stm32f429i_discovery_lcd.o(.constdata)
    ASCII8x12_Table                          0x08004f8a   Data        2304  stm32f429i_discovery_lcd.o(.constdata)
    ASCII8x8_Table                           0x0800588a   Data        1536  stm32f429i_discovery_lcd.o(.constdata)
    Region$$Table$$Base                      0x08005e9c   Number         0  anon$$obj.o(Region$$Table)
    Region$$Table$$Limit                     0x08005ebc   Number         0  anon$$obj.o(Region$$Table)
    memLocation                              0x20000000   Data           2  main.o(.data)
    Tx1_Buffer                               0x20000002   Data           1  main.o(.data)
    NumDataRead                              0x20000004   Data           2  main.o(.data)
    toBeSaved                                0x20000006   Data           1  main.o(.data)
    counter                                  0x20000008   Data           4  main.o(.data)
    x                                        0x2000000c   Data           4  main.o(.data)
    y                                        0x20000010   Data           4  main.o(.data)
    UBPressed                                0x20000014   Data           1  main.o(.data)
    EB1Pressed                               0x20000015   Data           1  main.o(.data)
    EB2Pressed                               0x20000016   Data           1  main.o(.data)
    state                                    0x20000018   Data           4  main.o(.data)
    Rx1_Buffer                               0x2000001c   Data           1  main.o(.data)
    line                                     0x2000001e   Data           2  main.o(.data)
    hours                                    0x20000020   Data           4  main.o(.data)
    minutes                                  0x20000024   Data           4  main.o(.data)
    seconds                                  0x20000028   Data           4  main.o(.data)
    RTC_TimeStructure                        0x2000002c   Data           4  main.o(.data)
    RTC_DateStructure                        0x20000030   Data           4  main.o(.data)
    GPIO_PORT                                0x20000044   Data           8  stm32f429i_discovery.o(.data)
    BUTTON_PORT                              0x2000004c   Data           4  stm32f429i_discovery.o(.data)
    NVIC_InitStructure                       0x20000050   Data           4  stm32f429i_discovery.o(.data)
    Font16x24                                0x20000054   Data           8  stm32f429i_discovery_lcd.o(.data)
    Font12x12                                0x2000005c   Data           8  stm32f429i_discovery_lcd.o(.data)
    Font8x12                                 0x20000064   Data           8  stm32f429i_discovery_lcd.o(.data)
    Font8x8                                  0x2000006c   Data           8  stm32f429i_discovery_lcd.o(.data)
    sEEAddress                               0x20000084   Data           2  stm32f429i_discovery_i2c_ee.o(.data)
    sEETimeout                               0x20000088   Data           4  stm32f429i_discovery_i2c_ee.o(.data)
    sEEDataReadPointer                       0x2000008c   Data           4  stm32f429i_discovery_i2c_ee.o(.data)
    sEEDataWritePointer                      0x20000090   Data           4  stm32f429i_discovery_i2c_ee.o(.data)
    sEEDataNum                               0x20000094   Data           1  stm32f429i_discovery_i2c_ee.o(.data)
    test1                                    0x20000098   Data          15  main.o(.bss)
    time                                     0x200000a7   Data          15  main.o(.bss)
    saved                                    0x200000b6   Data          15  main.o(.bss)
    RTC_InitStructure                        0x200000c8   Data          12  main.o(.bss)
    sEEDMA_InitStructure                     0x200000d4   Data          60  stm32f429i_discovery.o(.bss)
    __libspace_start                         0x20000110   Data          96  libspace.o(.bss)
    __temporary_stack_top$libspace           0x20000170   Data           0  libspace.o(.bss)



==============================================================================

Memory Map of the image

  Image Entry point : 0x08000255

  Load Region LR_1 (Base: 0x08000000, Size: 0x00005f54, Max: 0xffffffff, ABSOLUTE)

    Execution Region ER_RO (Base: 0x08000000, Size: 0x00005ebc, Max: 0xffffffff, ABSOLUTE)

    Base Addr    Size         Type   Attr      Idx    E Section Name        Object

    0x08000000   0x000001ac   Data   RO          445    RESET               startup_stm32f429_439xx.o
    0x080001ac   0x00000008   Code   RO         3889  * !!!main             c_w.l(__main.o)
    0x080001b4   0x00000034   Code   RO         4052    !!!scatter          c_w.l(__scatter.o)
    0x080001e8   0x0000001a   Code   RO         4054    !!handler_copy      c_w.l(__scatter_copy.o)
    0x08000202   0x00000002   PAD
    0x08000204   0x0000001c   Code   RO         4056    !!handler_zi        c_w.l(__scatter_zi.o)
    0x08000220   0x00000000   Code   RO         3886    .ARM.Collect$$_printf_percent$$00000000  c_w.l(_printf_percent.o)
    0x08000220   0x00000006   Code   RO         3885    .ARM.Collect$$_printf_percent$$00000009  c_w.l(_printf_d.o)
    0x08000226   0x00000004   Code   RO         3898    .ARM.Collect$$_printf_percent$$00000017  c_w.l(_printf_percent_end.o)
    0x0800022a   0x00000002   Code   RO         3925    .ARM.Collect$$libinit$$00000000  c_w.l(libinit.o)
    0x0800022c   0x00000004   Code   RO         3931    .ARM.Collect$$libinit$$00000001  c_w.l(libinit2.o)
    0x08000230   0x00000000   Code   RO         3935    .ARM.Collect$$libinit$$00000008  c_w.l(libinit2.o)
    0x08000230   0x00000000   Code   RO         3937    .ARM.Collect$$libinit$$0000000A  c_w.l(libinit2.o)
    0x08000230   0x00000000   Code   RO         3939    .ARM.Collect$$libinit$$0000000C  c_w.l(libinit2.o)
    0x08000230   0x00000000   Code   RO         3942    .ARM.Collect$$libinit$$0000000F  c_w.l(libinit2.o)
    0x08000230   0x00000000   Code   RO         3944    .ARM.Collect$$libinit$$00000011  c_w.l(libinit2.o)
    0x08000230   0x00000000   Code   RO         3946    .ARM.Collect$$libinit$$00000013  c_w.l(libinit2.o)
    0x08000230   0x00000000   Code   RO         3948    .ARM.Collect$$libinit$$00000015  c_w.l(libinit2.o)
    0x08000230   0x00000000   Code   RO         3950    .ARM.Collect$$libinit$$00000017  c_w.l(libinit2.o)
    0x08000230   0x00000000   Code   RO         3952    .ARM.Collect$$libinit$$00000019  c_w.l(libinit2.o)
    0x08000230   0x00000000   Code   RO         3954    .ARM.Collect$$libinit$$0000001B  c_w.l(libinit2.o)
    0x08000230   0x00000000   Code   RO         3956    .ARM.Collect$$libinit$$0000001D  c_w.l(libinit2.o)
    0x08000230   0x00000000   Code   RO         3958    .ARM.Collect$$libinit$$0000001F  c_w.l(libinit2.o)
    0x08000230   0x00000000   Code   RO         3960    .ARM.Collect$$libinit$$00000021  c_w.l(libinit2.o)
    0x08000230   0x00000000   Code   RO         3962    .ARM.Collect$$libinit$$00000023  c_w.l(libinit2.o)
    0x08000230   0x00000000   Code   RO         3966    .ARM.Collect$$libinit$$0000002A  c_w.l(libinit2.o)
    0x08000230   0x00000000   Code   RO         3968    .ARM.Collect$$libinit$$0000002C  c_w.l(libinit2.o)
    0x08000230   0x00000000   Code   RO         3970    .ARM.Collect$$libinit$$0000002E  c_w.l(libinit2.o)
    0x08000230   0x00000000   Code   RO         3972    .ARM.Collect$$libinit$$00000030  c_w.l(libinit2.o)
    0x08000230   0x00000002   Code   RO         3973    .ARM.Collect$$libinit$$00000031  c_w.l(libinit2.o)
    0x08000232   0x00000002   Code   RO         3993    .ARM.Collect$$libshutdown$$00000000  c_w.l(libshutdown.o)
    0x08000234   0x00000000   Code   RO         4007    .ARM.Collect$$libshutdown$$00000003  c_w.l(libshutdown2.o)
    0x08000234   0x00000000   Code   RO         4010    .ARM.Collect$$libshutdown$$00000006  c_w.l(libshutdown2.o)
    0x08000234   0x00000000   Code   RO         4013    .ARM.Collect$$libshutdown$$00000009  c_w.l(libshutdown2.o)
    0x08000234   0x00000000   Code   RO         4015    .ARM.Collect$$libshutdown$$0000000B  c_w.l(libshutdown2.o)
    0x08000234   0x00000000   Code   RO         4018    .ARM.Collect$$libshutdown$$0000000E  c_w.l(libshutdown2.o)
    0x08000234   0x00000002   Code   RO         4019    .ARM.Collect$$libshutdown$$0000000F  c_w.l(libshutdown2.o)
    0x08000236   0x00000000   Code   RO         3891    .ARM.Collect$$rtentry$$00000000  c_w.l(rtentry.o)
    0x08000236   0x00000000   Code   RO         3900    .ARM.Collect$$rtentry$$00000002  c_w.l(rtentry2.o)
    0x08000236   0x00000006   Code   RO         3912    .ARM.Collect$$rtentry$$00000004  c_w.l(rtentry4.o)
    0x0800023c   0x00000000   Code   RO         3902    .ARM.Collect$$rtentry$$00000009  c_w.l(rtentry2.o)
    0x0800023c   0x00000004   Code   RO         3903    .ARM.Collect$$rtentry$$0000000A  c_w.l(rtentry2.o)
    0x08000240   0x00000000   Code   RO         3905    .ARM.Collect$$rtentry$$0000000C  c_w.l(rtentry2.o)
    0x08000240   0x00000008   Code   RO         3906    .ARM.Collect$$rtentry$$0000000D  c_w.l(rtentry2.o)
    0x08000248   0x00000002   Code   RO         3929    .ARM.Collect$$rtexit$$00000000  c_w.l(rtexit.o)
    0x0800024a   0x00000000   Code   RO         3975    .ARM.Collect$$rtexit$$00000002  c_w.l(rtexit2.o)
    0x0800024a   0x00000004   Code   RO         3976    .ARM.Collect$$rtexit$$00000003  c_w.l(rtexit2.o)
    0x0800024e   0x00000006   Code   RO         3977    .ARM.Collect$$rtexit$$00000004  c_w.l(rtexit2.o)
    0x08000254   0x00000040   Code   RO          446  * .text               startup_stm32f429_439xx.o
    0x08000294   0x00000028   Code   RO         3859    .text               c_w.l(noretval__2sprintf.o)
    0x080002bc   0x00000078   Code   RO         3863    .text               c_w.l(_printf_dec.o)
    0x08000334   0x0000013c   Code   RO         3877    .text               c_w.l(__printf_flags_wp.o)
    0x08000470   0x00000006   Code   RO         3887    .text               c_w.l(heapauxi.o)
    0x08000476   0x000000b8   Code   RO         3892    .text               c_w.l(_printf_intcommon.o)
    0x0800052e   0x00000002   PAD
    0x08000530   0x00000030   Code   RO         3894    .text               c_w.l(_printf_char_common.o)
    0x08000560   0x0000000a   Code   RO         3896    .text               c_w.l(_sputc.o)
    0x0800056a   0x0000004a   Code   RO         3916    .text               c_w.l(sys_stackheap_outer.o)
    0x080005b4   0x0000000c   Code   RO         3918    .text               c_w.l(exit.o)
    0x080005c0   0x00000008   Code   RO         3926    .text               c_w.l(libspace.o)
    0x080005c8   0x0000000c   Code   RO         3985    .text               c_w.l(sys_exit.o)
    0x080005d4   0x00000002   Code   RO         3996    .text               c_w.l(use_no_semi.o)
    0x080005d6   0x00000000   Code   RO         3998    .text               c_w.l(indicate_semi.o)
    0x080005d6   0x00000004   Code   RO          190    i.BusFault_Handler  stm32f4xx_it.o
    0x080005da   0x00000002   PAD
    0x080005dc   0x00000040   Code   RO         3783    i.DMA1_Stream2_IRQHandler  stm32f429i_discovery_i2c_ee.o
    0x0800061c   0x0000006c   Code   RO         3784    i.DMA1_Stream4_IRQHandler  stm32f429i_discovery_i2c_ee.o
    0x08000688   0x00000034   Code   RO          742    i.DMA_ClearFlag     stm32f4xx_dma.o
    0x080006bc   0x00000016   Code   RO          744    i.DMA_Cmd           stm32f4xx_dma.o
    0x080006d2   0x00000002   PAD
    0x080006d4   0x00000158   Code   RO          745    i.DMA_DeInit        stm32f4xx_dma.o
    0x0800082c   0x00000040   Code   RO          753    i.DMA_GetFlagStatus  stm32f4xx_dma.o
    0x0800086c   0x0000003a   Code   RO          755    i.DMA_ITConfig      stm32f4xx_dma.o
    0x080008a6   0x00000002   PAD
    0x080008a8   0x00000058   Code   RO          756    i.DMA_Init          stm32f4xx_dma.o
    0x08000900   0x00000002   Code   RO          191    i.DebugMon_Handler  stm32f4xx_it.o
    0x08000902   0x00000002   PAD
    0x08000904   0x00000014   Code   RO          192    i.EXTI0_IRQHandler  stm32f4xx_it.o
    0x08000918   0x0000000a   Code   RO          193    i.EXTI1_IRQHandler  stm32f4xx_it.o
    0x08000922   0x00000002   PAD
    0x08000924   0x00000014   Code   RO          194    i.EXTI3_IRQHandler  stm32f4xx_it.o
    0x08000938   0x00000014   Code   RO          195    i.EXTI4_IRQHandler  stm32f4xx_it.o
    0x0800094c   0x0000000c   Code   RO          999    i.EXTI_ClearITPendingBit  stm32f4xx_exti.o
    0x08000958   0x00000094   Code   RO         1004    i.EXTI_Init         stm32f4xx_exti.o
    0x080009ec   0x00000080   Code   RO            3    i.ExtPBNum2         main.o
    0x08000a6c   0x00000080   Code   RO            4    i.ExtPB_Config      main.o
    0x08000aec   0x0000004c   Code   RO         1063    i.FMC_GetFlagStatus  stm32f4xx_fmc.o
    0x08000b38   0x00000020   Code   RO         1080    i.FMC_SDRAMCmdConfig  stm32f4xx_fmc.o
    0x08000b58   0x000000fc   Code   RO         1082    i.FMC_SDRAMInit     stm32f4xx_fmc.o
    0x08000c54   0x00000018   Code   RO         1086    i.FMC_SetRefreshCount  stm32f4xx_fmc.o
    0x08000c6c   0x00000090   Code   RO         1237    i.GPIO_Init         stm32f4xx_gpio.o
    0x08000cfc   0x00000046   Code   RO         1238    i.GPIO_PinAFConfig  stm32f4xx_gpio.o
    0x08000d42   0x00000004   Code   RO         1244    i.GPIO_ResetBits    stm32f4xx_gpio.o
    0x08000d46   0x00000004   Code   RO         1245    i.GPIO_SetBits      stm32f4xx_gpio.o
    0x08000d4a   0x0000000a   Code   RO         1249    i.GPIO_WriteBit     stm32f4xx_gpio.o
    0x08000d54   0x00000004   Code   RO          197    i.HardFault_Handler  stm32f4xx_it.o
    0x08000d58   0x00000018   Code   RO         1335    i.I2C_AcknowledgeConfig  stm32f4xx_i2c.o
    0x08000d70   0x0000002a   Code   RO         1338    i.I2C_CheckEvent    stm32f4xx_i2c.o
    0x08000d9a   0x0000000c   Code   RO         1339    i.I2C_ClearFlag     stm32f4xx_i2c.o
    0x08000da6   0x00000018   Code   RO         1341    i.I2C_Cmd           stm32f4xx_i2c.o
    0x08000dbe   0x00000018   Code   RO         1342    i.I2C_DMACmd        stm32f4xx_i2c.o
    0x08000dd6   0x00000018   Code   RO         1343    i.I2C_DMALastTransferCmd  stm32f4xx_i2c.o
    0x08000dee   0x00000018   Code   RO         1349    i.I2C_GenerateSTART  stm32f4xx_i2c.o
    0x08000e06   0x00000018   Code   RO         1350    i.I2C_GenerateSTOP  stm32f4xx_i2c.o
    0x08000e1e   0x0000003a   Code   RO         1351    i.I2C_GetFlagStatus  stm32f4xx_i2c.o
    0x08000e58   0x000000e8   Code   RO         1356    i.I2C_Init          stm32f4xx_i2c.o
    0x08000f40   0x00000008   Code   RO         1361    i.I2C_ReceiveData   stm32f4xx_i2c.o
    0x08000f48   0x00000010   Code   RO         1363    i.I2C_Send7bitAddress  stm32f4xx_i2c.o
    0x08000f58   0x00000004   Code   RO         1364    i.I2C_SendData      stm32f4xx_i2c.o
    0x08000f5c   0x00000168   Code   RO         3402    i.LCD_AF_GPIOConfig  stm32f429i_discovery_lcd.o
    0x080010c4   0x00000020   Code   RO         3403    i.LCD_ChipSelect    stm32f429i_discovery_lcd.o
    0x080010e4   0x00000020   Code   RO         3404    i.LCD_Clear         stm32f429i_discovery_lcd.o
    0x08001104   0x00000050   Code   RO         3408    i.LCD_CtrlLinesConfig  stm32f429i_discovery_lcd.o
    0x08001154   0x00000014   Code   RO         3409    i.LCD_CtrlLinesWrite  stm32f429i_discovery_lcd.o
    0x08001168   0x00000030   Code   RO         3411    i.LCD_DisplayChar   stm32f429i_discovery_lcd.o
    0x08001198   0x00000054   Code   RO         3414    i.LCD_DisplayStringLine  stm32f429i_discovery_lcd.o
    0x080011ec   0x000000d8   Code   RO         3415    i.LCD_DrawChar      stm32f429i_discovery_lcd.o
    0x080012c4   0x0000000c   Code   RO         3428    i.LCD_GetFont       stm32f429i_discovery_lcd.o
    0x080012d0   0x0000009a   Code   RO         3429    i.LCD_Init          stm32f429i_discovery_lcd.o
    0x0800136a   0x00000002   PAD
    0x0800136c   0x000000a4   Code   RO         3430    i.LCD_LayerInit     stm32f429i_discovery_lcd.o
    0x08001410   0x0000028c   Code   RO         3434    i.LCD_PowerOn       stm32f429i_discovery_lcd.o
    0x0800169c   0x000000d4   Code   RO         3436    i.LCD_SPIConfig     stm32f429i_discovery_lcd.o
    0x08001770   0x0000000c   Code   RO         3442    i.LCD_SetFont       stm32f429i_discovery_lcd.o
    0x0800177c   0x0000002c   Code   RO         3443    i.LCD_SetLayer      stm32f429i_discovery_lcd.o
    0x080017a8   0x0000004c   Code   RO         3449    i.LCD_WriteCommand  stm32f429i_discovery_lcd.o
    0x080017f4   0x00000048   Code   RO         3450    i.LCD_WriteData     stm32f429i_discovery_lcd.o
    0x0800183c   0x00000024   Code   RO         1563    i.LTDC_Cmd          stm32f4xx_ltdc.o
    0x08001860   0x00000024   Code   RO         1567    i.LTDC_DitherCmd    stm32f4xx_ltdc.o
    0x08001884   0x00000188   Code   RO         1574    i.LTDC_Init         stm32f4xx_ltdc.o
    0x08001a0c   0x00000016   Code   RO         1578    i.LTDC_LayerCmd     stm32f4xx_ltdc.o
    0x08001a22   0x00000114   Code   RO         1579    i.LTDC_LayerInit    stm32f4xx_ltdc.o
    0x08001b36   0x00000002   PAD
    0x08001b38   0x0000000c   Code   RO         1586    i.LTDC_ReloadConfig  stm32f4xx_ltdc.o
    0x08001b44   0x00000004   Code   RO          198    i.MemManage_Handler  stm32f4xx_it.o
    0x08001b48   0x00000002   Code   RO          199    i.NMI_Handler       stm32f4xx_it.o
    0x08001b4a   0x00000002   PAD
    0x08001b4c   0x00000078   Code   RO          452    i.NVIC_Init         misc.o
    0x08001bc4   0x0000000c   Code   RO            5    i.PB_Config         main.o
    0x08001bd0   0x0000000c   Code   RO         3216    i.PWR_BackupAccessCmd  stm32f4xx_pwr.o
    0x08001bdc   0x00000002   Code   RO          200    i.PendSV_Handler    stm32f4xx_it.o
    0x08001bde   0x00000002   PAD
    0x08001be0   0x00000020   Code   RO         1752    i.RCC_AHB1PeriphClockCmd  stm32f4xx_rcc.o
    0x08001c00   0x00000020   Code   RO         1758    i.RCC_AHB3PeriphClockCmd  stm32f4xx_rcc.o
    0x08001c20   0x00000020   Code   RO         1761    i.RCC_APB1PeriphClockCmd  stm32f4xx_rcc.o
    0x08001c40   0x00000020   Code   RO         1763    i.RCC_APB1PeriphResetCmd  stm32f4xx_rcc.o
    0x08001c60   0x00000020   Code   RO         1764    i.RCC_APB2PeriphClockCmd  stm32f4xx_rcc.o
    0x08001c80   0x00000020   Code   RO         1766    i.RCC_APB2PeriphResetCmd  stm32f4xx_rcc.o
    0x08001ca0   0x000000e8   Code   RO         1773    i.RCC_GetClocksFreq  stm32f4xx_rcc.o
    0x08001d88   0x00000040   Code   RO         1774    i.RCC_GetFlagStatus  stm32f4xx_rcc.o
    0x08001dc8   0x0000002c   Code   RO         1782    i.RCC_LSEConfig     stm32f4xx_rcc.o
    0x08001df4   0x00000018   Code   RO         1784    i.RCC_LTDCCLKDivConfig  stm32f4xx_rcc.o
    0x08001e0c   0x0000000c   Code   RO         1793    i.RCC_PLLSAICmd     stm32f4xx_rcc.o
    0x08001e18   0x00000018   Code   RO         1794    i.RCC_PLLSAIConfig  stm32f4xx_rcc.o
    0x08001e30   0x0000000c   Code   RO         1795    i.RCC_RTCCLKCmd     stm32f4xx_rcc.o
    0x08001e3c   0x0000003c   Code   RO         1796    i.RCC_RTCCLKConfig  stm32f4xx_rcc.o
    0x08001e78   0x00000002   Code   RO          201    i.RTC_Alarm_IRQHandler  stm32f4xx_it.o
    0x08001e7a   0x00000016   Code   RO         2865    i.RTC_Bcd2ToByte    stm32f4xx_rtc.o
    0x08001e90   0x0000001c   Code   RO         2867    i.RTC_ByteToBcd2    stm32f4xx_rtc.o
    0x08001eac   0x00000080   Code   RO            6    i.RTC_Config        main.o
    0x08001f2c   0x00000050   Code   RO         2877    i.RTC_EnterInitMode  stm32f4xx_rtc.o
    0x08001f7c   0x00000014   Code   RO         2878    i.RTC_ExitInitMode  stm32f4xx_rtc.o
    0x08001f90   0x00000050   Code   RO         2886    i.RTC_GetTime       stm32f4xx_rtc.o
    0x08001fe0   0x00000064   Code   RO         2891    i.RTC_Init          stm32f4xx_rtc.o
    0x08002044   0x000000c8   Code   RO         2897    i.RTC_SetDate       stm32f4xx_rtc.o
    0x0800210c   0x000000d0   Code   RO         2898    i.RTC_SetTime       stm32f4xx_rtc.o
    0x080021dc   0x00000060   Code   RO         2914    i.RTC_WaitForSynchro  stm32f4xx_rtc.o
    0x0800223c   0x00000204   Code   RO         3734    i.SDRAM_GPIOConfig  stm32f429i_discovery_sdram.o
    0x08002440   0x00000068   Code   RO         3735    i.SDRAM_Init        stm32f429i_discovery_sdram.o
    0x080024a8   0x000000c8   Code   RO         3736    i.SDRAM_InitSequence  stm32f429i_discovery_sdram.o
    0x08002570   0x00000018   Code   RO         2086    i.SPI_Cmd           stm32f4xx_spi.o
    0x08002588   0x000000b0   Code   RO         2093    i.SPI_I2S_DeInit    stm32f4xx_spi.o
    0x08002638   0x00000012   Code   RO         2094    i.SPI_I2S_GetFlagStatus  stm32f4xx_spi.o
    0x0800264a   0x00000004   Code   RO         2098    i.SPI_I2S_SendData  stm32f4xx_spi.o
    0x0800264e   0x0000003c   Code   RO         2099    i.SPI_Init          stm32f4xx_spi.o
    0x0800268a   0x00000002   PAD
    0x0800268c   0x000000ac   Code   RO         3331    i.STM_EVAL_PBInit   stm32f429i_discovery.o
    0x08002738   0x00000002   Code   RO          202    i.SVC_Handler       stm32f4xx_it.o
    0x0800273a   0x00000002   PAD
    0x0800273c   0x00000040   Code   RO         2247    i.SYSCFG_EXTILineConfig  stm32f4xx_syscfg.o
    0x0800277c   0x0000011c   Code   RO          305    i.SetSysClock       system_stm32f4xx.o
    0x08002898   0x00000002   Code   RO          203    i.SysTick_Handler   stm32f4xx_it.o
    0x0800289a   0x00000002   PAD
    0x0800289c   0x00000068   Code   RO          307    i.SystemInit        system_stm32f4xx.o
    0x08002904   0x00000002   Code   RO          204    i.TIM3_IRQHandler   stm32f4xx_it.o
    0x08002906   0x00000004   Code   RO          205    i.UsageFault_Handler  stm32f4xx_it.o
    0x0800290a   0x0000000e   Code   RO         3875    i._is_digit         c_w.l(__printf_wp.o)
    0x08002918   0x0000001c   Code   RO         3452    i.delay             stm32f429i_discovery_lcd.o
    0x08002934   0x00000024   Code   RO         3739    i.delay             stm32f429i_discovery_sdram.o
    0x08002958   0x00000224   Code   RO            7    i.main              main.o
    0x08002b7c   0x00000064   Code   RO         3786    i.sEE_Init          stm32f429i_discovery_i2c_ee.o
    0x08002be0   0x00000040   Code   RO         3332    i.sEE_LowLevel_DMAConfig  stm32f429i_discovery.o
    0x08002c20   0x0000015c   Code   RO         3334    i.sEE_LowLevel_Init  stm32f429i_discovery.o
    0x08002d7c   0x00000240   Code   RO         3787    i.sEE_ReadBuffer    stm32f429i_discovery_i2c_ee.o
    0x08002fbc   0x00000004   Code   RO         3788    i.sEE_TIMEOUT_UserCallback  stm32f429i_discovery_i2c_ee.o
    0x08002fc0   0x000000e8   Code   RO         3789    i.sEE_WaitEepromStandbyState  stm32f429i_discovery_i2c_ee.o
    0x080030a8   0x000002bc   Code   RO         3790    i.sEE_WriteBuffer   stm32f429i_discovery_i2c_ee.o
    0x08003364   0x00000130   Code   RO         3791    i.sEE_WritePage     stm32f429i_discovery_i2c_ee.o
    0x08003494   0x0000000a   Code   RO         3983    x$fpl$fpinit        fz_wm.l(fpinit.o)
    0x0800349e   0x00000002   PAD
    0x080034a0   0x00000019   Data   RO         3336    .constdata          stm32f429i_discovery.o
    0x080034b9   0x00000001   PAD
    0x080034ba   0x000029d0   Data   RO         3453    .constdata          stm32f429i_discovery_lcd.o
    0x08005e8a   0x00000011   Data   RO         3878    .constdata          c_w.l(__printf_flags_wp.o)
    0x08005e9b   0x00000001   PAD
    0x08005e9c   0x00000020   Data   RO         4050    Region$$Table       anon$$obj.o


    Execution Region ER_RW (Base: 0x20000000, Size: 0x00000098, Max: 0xffffffff, ABSOLUTE)

    Base Addr    Size         Type   Attr      Idx    E Section Name        Object

    0x20000000   0x00000034   Data   RW            9    .data               main.o
    0x20000034   0x00000010   Data   RW         1804    .data               stm32f4xx_rcc.o
    0x20000044   0x00000010   Data   RW         3337    .data               stm32f429i_discovery.o
    0x20000054   0x00000030   Data   RW         3454    .data               stm32f429i_discovery_lcd.o
    0x20000084   0x00000011   Data   RW         3792    .data               stm32f429i_discovery_i2c_ee.o


    Execution Region ER_ZI (Base: 0x20000098, Size: 0x000006d8, Max: 0xffffffff, ABSOLUTE)

    Base Addr    Size         Type   Attr      Idx    E Section Name        Object

    0x20000098   0x0000003c   Zero   RW            8    .bss                main.o
    0x200000d4   0x0000003c   Zero   RW         3335    .bss                stm32f429i_discovery.o
    0x20000110   0x00000060   Zero   RW         3927    .bss                c_w.l(libspace.o)
    0x20000170   0x00000200   Zero   RW          444    HEAP                startup_stm32f429_439xx.o
    0x20000370   0x00000400   Zero   RW          443    STACK               startup_stm32f429_439xx.o


==============================================================================

Image component sizes


      Code (inc. data)   RO Data    RW Data    ZI Data      Debug   Object Name

       944        100          0         52         60     267993   main.o
       120         12          0          0          0       1208   misc.o
        64         26        428          0       1536        772   startup_stm32f429_439xx.o
       584         70         25         16         60       6045   stm32f429i_discovery.o
      2088        144          0         17          0       7668   stm32f429i_discovery_i2c_ee.o
      2298        138      10704         48          0      14884   stm32f429i_discovery_lcd.o
       856         28          0          0          0       3533   stm32f429i_discovery_sdram.o
       628         52          0          0          0       5629   stm32f4xx_dma.o
       160         12          0          0          0       1769   stm32f4xx_exti.o
       384         30          0          0          0       3835   stm32f4xx_fmc.o
       232          0          0          0          0       3951   stm32f4xx_gpio.o
       516         14          0          0          0       9394   stm32f4xx_i2c.o
       100         12          0          0          0       6123   stm32f4xx_it.o
       774         32          0          0          0       4685   stm32f4xx_ltdc.o
        12          6          0          0          0        602   stm32f4xx_pwr.o
       664         96          0         16          0      11535   stm32f4xx_rcc.o
       834         48          0          0          0       7397   stm32f4xx_rtc.o
       282         24          0          0          0       4029   stm32f4xx_spi.o
        64          4          0          0          0        724   stm32f4xx_syscfg.o
       388         32          0          0          0     326453   system_stm32f4xx.o

    ----------------------------------------------------------------------
     12016        880      11190        152       1656     688229   Object Totals
         0          0         32          0          0          0   (incl. Generated)
        24          0          1          3          0          0   (incl. Padding)

    ----------------------------------------------------------------------

      Code (inc. data)   RO Data    RW Data    ZI Data      Debug   Library Member Name

         8          0          0          0          0         68   __main.o
       316          6         17          0          0         92   __printf_flags_wp.o
        14          0          0          0          0         68   __printf_wp.o
        52          8          0          0          0          0   __scatter.o
        26          0          0          0          0          0   __scatter_copy.o
        28          0          0          0          0          0   __scatter_zi.o
        48          6          0          0          0         96   _printf_char_common.o
         6          0          0          0          0          0   _printf_d.o
       120         18          0          0          0         92   _printf_dec.o
       184          0          0          0          0         88   _printf_intcommon.o
         0          0          0          0          0          0   _printf_percent.o
         4          0          0          0          0          0   _printf_percent_end.o
        10          0          0          0          0         68   _sputc.o
        12          0          0          0          0         72   exit.o
         6          0          0          0          0        152   heapauxi.o
         0          0          0          0          0          0   indicate_semi.o
         2          0          0          0          0          0   libinit.o
         6          0          0          0          0          0   libinit2.o
         2          0          0          0          0          0   libshutdown.o
         2          0          0          0          0          0   libshutdown2.o
         8          4          0          0         96         68   libspace.o
        40          6          0          0          0         84   noretval__2sprintf.o
         0          0          0          0          0          0   rtentry.o
        12          0          0          0          0          0   rtentry2.o
         6          0          0          0          0          0   rtentry4.o
         2          0          0          0          0          0   rtexit.o
        10          0          0          0          0          0   rtexit2.o
        12          4          0          0          0         68   sys_exit.o
        74          0          0          0          0         80   sys_stackheap_outer.o
         2          0          0          0          0         68   use_no_semi.o
        10          0          0          0          0        116   fpinit.o

    ----------------------------------------------------------------------
      1028         52         18          0         96       1280   Library Totals
         6          0          1          0          0          0   (incl. Padding)

    ----------------------------------------------------------------------

      Code (inc. data)   RO Data    RW Data    ZI Data      Debug   Library Name

      1012         52         17          0         96       1164   c_w.l
        10          0          0          0          0        116   fz_wm.l

    ----------------------------------------------------------------------
      1028         52         18          0         96       1280   Library Totals

    ----------------------------------------------------------------------

==============================================================================


      Code (inc. data)   RO Data    RW Data    ZI Data      Debug   

     13044        932      11208        152       1752     677185   Grand Totals
     13044        932      11208        152       1752     677185   ELF Image Totals
     13044        932      11208        152          0          0   ROM Totals

==============================================================================

    Total RO  Size (Code + RO Data)                24252 (  23.68kB)
    Total RW  Size (RW Data + ZI Data)              1904 (   1.86kB)
    Total ROM Size (Code + RO Data + RW Data)      24404 (  23.83kB)

==============================================================================

