<html>
<body>
<pre>
<h1>µVision Build Log</h1>
<h2>Project:</h2>
E:\School\Year3\3TA4\Labs\lab5\lab5.uvproj
Project File Date:  11/23/2015

<h2>Output:</h2>
Build target 'lab5'
compiling main.c...
linking...
Program Size: Code=8128 RO-data=11192 RW-data=124 ZI-data=1028  
FromELF: creating hex file...
".\lab5.axf" - 0 Error(s), 0 Warning(s).
Load "E:\\School\\Year3\\3TA4\\Labs\\lab5\\lab5.axf" 
Erase Done.
Programming Done.
Verify OK.
</pre>
</body>
</html>
.
compiling stm32f4xx_gpio.c...
compiling stm32f4xx_i2c.c...
compiling stm32f4xx_ltdc.c...
compiling stm32f4xx_rcc.c...
compiling stm32f4xx_spi.c...
compiling stm32f4xx_syscfg.c...
compiling stm32f4xx_tim.c...
compiling stm32f4xx_rtc.c...
compiling stm32f4xx_pwr.c...
compiling stm32f429i_discovery.c...
compiling stm32f429i_discovery_lcd.c...
compiling stm32f429i_discovery_sdram.c...
compiling stm32f429i_discovery_i2c_ee.c...
linking...
Program Size: Code=8112 RO-data=11192 RW-data=124 ZI-data=1028  
FromELF: creating hex file...
".\lab5.axf" - 0 Error(s), 0 Warning(s).
ad "E:\\School\\Year3\\3TA4\\Labs\\lab5\\lab5.axf" 
Erase Done.
Programming Done.
Verify OK.
...
compiling stm32f4xx_pwr.c...
compiling stm32f429i_discovery.c...
compiling stm32f429i_discovery_lcd.c...
compiling stm32f429i_discovery_sdram.c...
compiling stm32f429i_discovery_i2c_ee.c...
".\lab5.axf" - 2 Error(s), 1 Warning(s).
Target not created
