ARM Linker, 5.03 [Build 76] [MDK-ARM Lite]

==============================================================================

Section Cross References

    stm32f4xx_rng.o(i.RNG_DeInit) refers to stm32f4xx_rcc.o(i.RCC_AHB2PeriphResetCmd) for RCC_AHB2PeriphResetCmd
    main.o(i.LCD_DisplayFloat) refers to f2d.o(.text) for __aeabi_f2d
    main.o(i.LCD_DisplayFloat) refers to printfa.o(i.__0sprintf) for __2sprintf
    main.o(i.LCD_DisplayFloat) refers to main.o(i.LCD_DisplayString) for LCD_DisplayString
    main.o(i.LCD_DisplayInt) refers to printfa.o(i.__0sprintf) for __2sprintf
    main.o(i.LCD_DisplayInt) refers to main.o(i.LCD_DisplayString) for LCD_DisplayString
    main.o(i.LCD_DisplayString) refers to stm32f429i_discovery_lcd.o(i.LCD_GetFont) for LCD_GetFont
    main.o(i.LCD_DisplayString) refers to stm32f429i_discovery_lcd.o(i.LCD_DisplayChar) for LCD_DisplayChar
    main.o(i.LED_Config) refers to stm32f429i_discovery.o(i.STM_EVAL_LEDInit) for STM_EVAL_LEDInit
    main.o(i.LED_Config) refers to stm32f429i_discovery.o(i.STM_EVAL_LEDOn) for STM_EVAL_LEDOn
    main.o(i.PB_Config) refers to stm32f429i_discovery.o(i.STM_EVAL_PBInit) for STM_EVAL_PBInit
    main.o(i.RNG_Config) refers to stm32f4xx_rcc.o(i.RCC_AHB2PeriphClockCmd) for RCC_AHB2PeriphClockCmd
    main.o(i.RNG_Config) refers to stm32f4xx_rng.o(i.RNG_Cmd) for RNG_Cmd
    main.o(i.TIM3_Config) refers to stm32f4xx_rcc.o(i.RCC_APB1PeriphClockCmd) for RCC_APB1PeriphClockCmd
    main.o(i.TIM3_Config) refers to misc.o(i.NVIC_Init) for NVIC_Init
    main.o(i.TIM3_Config) refers to stm32f4xx_tim.o(i.TIM_TimeBaseInit) for TIM_TimeBaseInit
    main.o(i.TIM3_Config) refers to main.o(.data) for PrescalerValue
    main.o(i.TIM3_OCConfig) refers to stm32f4xx_tim.o(i.TIM_OC1Init) for TIM_OC1Init
    main.o(i.TIM3_OCConfig) refers to stm32f4xx_tim.o(i.TIM_OC1PreloadConfig) for TIM_OC1PreloadConfig
    main.o(i.TIM3_OCConfig) refers to main.o(.data) for CCR1_Val
    main.o(i.TIM_Config) refers to stm32f4xx_rcc.o(i.RCC_APB1PeriphClockCmd) for RCC_APB1PeriphClockCmd
    main.o(i.TIM_Config) refers to misc.o(i.NVIC_Init) for NVIC_Init
    main.o(i.externalButton) refers to stm32f4xx_rcc.o(i.RCC_AHB1PeriphClockCmd) for RCC_AHB1PeriphClockCmd
    main.o(i.externalButton) refers to stm32f4xx_rcc.o(i.RCC_APB2PeriphClockCmd) for RCC_APB2PeriphClockCmd
    main.o(i.externalButton) refers to stm32f4xx_gpio.o(i.GPIO_Init) for GPIO_Init
    main.o(i.externalButton) refers to stm32f4xx_syscfg.o(i.SYSCFG_EXTILineConfig) for SYSCFG_EXTILineConfig
    main.o(i.externalButton) refers to stm32f4xx_exti.o(i.EXTI_Init) for EXTI_Init
    main.o(i.externalButton) refers to misc.o(i.NVIC_Init) for NVIC_Init
    main.o(i.externalButton) refers to stm32f4xx_exti.o(i.EXTI_ClearITPendingBit) for EXTI_ClearITPendingBit
    main.o(i.main) refers to main.o(i.PB_Config) for PB_Config
    main.o(i.main) refers to main.o(i.LED_Config) for LED_Config
    main.o(i.main) refers to main.o(i.TIM3_Config) for TIM3_Config
    main.o(i.main) refers to main.o(i.TIM3_OCConfig) for TIM3_OCConfig
    main.o(i.main) refers to stm32f4xx_tim.o(i.TIM_ITConfig) for TIM_ITConfig
    main.o(i.main) refers to stm32f4xx_tim.o(i.TIM_Cmd) for TIM_Cmd
    main.o(i.main) refers to stm32f429i_discovery_lcd.o(i.LCD_Init) for LCD_Init
    main.o(i.main) refers to stm32f429i_discovery_lcd.o(i.LCD_LayerInit) for LCD_LayerInit
    main.o(i.main) refers to stm32f4xx_ltdc.o(i.LTDC_Cmd) for LTDC_Cmd
    main.o(i.main) refers to stm32f429i_discovery_lcd.o(i.LCD_SetLayer) for LCD_SetLayer
    main.o(i.main) refers to stm32f4xx_flash.o(i.FLASH_Unlock) for FLASH_Unlock
    main.o(i.main) refers to eeprom.o(i.EE_Init) for EE_Init
    main.o(i.main) refers to main.o(i.RNG_Config) for RNG_Config
    main.o(i.main) refers to stm32f429i_discovery_lcd.o(i.LCD_Clear) for LCD_Clear
    main.o(i.main) refers to stm32f429i_discovery_lcd.o(i.LCD_GetFont) for LCD_GetFont
    main.o(i.main) refers to stm32f429i_discovery_lcd.o(i.LCD_DisplayStringLine) for LCD_DisplayStringLine
    main.o(i.main) refers to eeprom.o(i.EE_WriteVariable) for EE_WriteVariable
    main.o(i.main) refers to eeprom.o(i.EE_ReadVariable) for EE_ReadVariable
    main.o(i.main) refers to printfa.o(i.__0sprintf) for __2sprintf
    main.o(i.main) refers to main.o(i.resetTimer) for resetTimer
    main.o(i.main) refers to main.o(i.externalButton) for externalButton
    main.o(i.main) refers to stm32f4xx_tim.o(i.TIM_GetCounter) for TIM_GetCounter
    main.o(i.main) refers to stm32f429i_discovery.o(i.STM_EVAL_LEDOn) for STM_EVAL_LEDOn
    main.o(i.main) refers to stm32f429i_discovery.o(i.STM_EVAL_LEDOff) for STM_EVAL_LEDOff
    main.o(i.main) refers to main.o(i.resetTimerLong) for resetTimerLong
    main.o(i.main) refers to main.o(i.randomNumber) for randomNumber
    main.o(i.main) refers to system_stm32f4xx.o(.data) for SystemCoreClock
    main.o(i.main) refers to main.o(.data) for PrescalerValue
    main.o(i.main) refers to main.o(.bss) for str
[...]
    Removing stm32f4xx_tim.o(i.TIM_ClearOC4Ref), (24 bytes).
    Removing stm32f4xx_tim.o(i.TIM_CounterModeConfig), (18 bytes).
    Removing stm32f4xx_tim.o(i.TIM_CtrlPWMOutputs), (30 bytes).
    Removing stm32f4xx_tim.o(i.TIM_DMACmd), (18 bytes).
    Removing stm32f4xx_tim.o(i.TIM_DMAConfig), (10 bytes).
    Removing stm32f4xx_tim.o(i.TIM_DeInit), (400 bytes).
    Removing stm32f4xx_tim.o(i.TIM_ETRClockMode1Config), (54 bytes).
    Removing stm32f4xx_tim.o(i.TIM_ETRClockMode2Config), (32 bytes).
    Removing stm32f4xx_tim.o(i.TIM_ETRConfig), (28 bytes).
    Removing stm32f4xx_tim.o(i.TIM_EncoderInterfaceConfig), (66 bytes).
    Removing stm32f4xx_tim.o(i.TIM_ForcedOC1Config), (18 bytes).
    Removing stm32f4xx_tim.o(i.TIM_ForcedOC2Config), (26 bytes).
    Removing stm32f4xx_tim.o(i.TIM_ForcedOC3Config), (18 bytes).
    Removing stm32f4xx_tim.o(i.TIM_ForcedOC4Config), (26 bytes).
    Removing stm32f4xx_tim.o(i.TIM_GenerateEvent), (4 bytes).
    Removing stm32f4xx_tim.o(i.TIM_GetCapture1), (6 bytes).
    Removing stm32f4xx_tim.o(i.TIM_GetCapture2), (6 bytes).
    Removing stm32f4xx_tim.o(i.TIM_GetCapture3), (6 bytes).
    Removing stm32f4xx_tim.o(i.TIM_GetCapture4), (6 bytes).
    Removing stm32f4xx_tim.o(i.TIM_GetFlagStatus), (18 bytes).
    Removing stm32f4xx_tim.o(i.TIM_GetPrescaler), (6 bytes).
    Removing stm32f4xx_tim.o(i.TIM_ICInit), (110 bytes).
    Removing stm32f4xx_tim.o(i.TIM_ICStructInit), (18 bytes).
    Removing stm32f4xx_tim.o(i.TIM_ITRxExternalClockConfig), (24 bytes).
    Removing stm32f4xx_tim.o(i.TIM_InternalClockConfig), (12 bytes).
    Removing stm32f4xx_tim.o(i.TIM_OC1FastConfig), (18 bytes).
    Removing stm32f4xx_tim.o(i.TIM_OC1NPolarityConfig), (18 bytes).
    Removing stm32f4xx_tim.o(i.TIM_OC1PolarityConfig), (18 bytes).
    Removing stm32f4xx_tim.o(i.TIM_OC2FastConfig), (26 bytes).
    Removing stm32f4xx_tim.o(i.TIM_OC2Init), (164 bytes).
    Removing stm32f4xx_tim.o(i.TIM_OC2NPolarityConfig), (26 bytes).
    Removing stm32f4xx_tim.o(i.TIM_OC2PolarityConfig), (26 bytes).
    Removing stm32f4xx_tim.o(i.TIM_OC2PreloadConfig), (26 bytes).
    Removing stm32f4xx_tim.o(i.TIM_OC3FastConfig), (18 bytes).
    Removing stm32f4xx_tim.o(i.TIM_OC3Init), (160 bytes).
    Removing stm32f4xx_tim.o(i.TIM_OC3NPolarityConfig), (26 bytes).
    Removing stm32f4xx_tim.o(i.TIM_OC3PolarityConfig), (26 bytes).
    Removing stm32f4xx_tim.o(i.TIM_OC3PreloadConfig), (18 bytes).
    Removing stm32f4xx_tim.o(i.TIM_OC4FastConfig), (26 bytes).
    Removing stm32f4xx_tim.o(i.TIM_OC4Init), (120 bytes).
    Removing stm32f4xx_tim.o(i.TIM_OC4PolarityConfig), (26 bytes).
    Removing stm32f4xx_tim.o(i.TIM_OC4PreloadConfig), (26 bytes).
    Removing stm32f4xx_tim.o(i.TIM_OCStructInit), (20 bytes).
    Removing stm32f4xx_tim.o(i.TIM_PWMIConfig), (124 bytes).
    Removing stm32f4xx_tim.o(i.TIM_RemapConfig), (6 bytes).
    Removing stm32f4xx_tim.o(i.TIM_SelectCCDMA), (24 bytes).
    Removing stm32f4xx_tim.o(i.TIM_SelectCOM), (24 bytes).
    Removing stm32f4xx_tim.o(i.TIM_SelectHallSensor), (24 bytes).
    Removing stm32f4xx_tim.o(i.TIM_SelectInputTrigger), (18 bytes).
    Removing stm32f4xx_tim.o(i.TIM_SelectMasterSlaveMode), (18 bytes).
    Removing stm32f4xx_tim.o(i.TIM_SelectOCxM), (86 bytes).
    Removing stm32f4xx_tim.o(i.TIM_SelectOnePulseMode), (18 bytes).
    Removing stm32f4xx_tim.o(i.TIM_SelectOutputTrigger), (18 bytes).
    Removing stm32f4xx_tim.o(i.TIM_SelectSlaveMode), (18 bytes).
    Removing stm32f4xx_tim.o(i.TIM_SetAutoreload), (4 bytes).
    Removing stm32f4xx_tim.o(i.TIM_SetClockDivision), (18 bytes).
    Removing stm32f4xx_tim.o(i.TIM_SetCompare1), (4 bytes).
    Removing stm32f4xx_tim.o(i.TIM_SetCompare2), (4 bytes).
    Removing stm32f4xx_tim.o(i.TIM_SetCompare3), (4 bytes).
    Removing stm32f4xx_tim.o(i.TIM_SetCompare4), (4 bytes).
    Removing stm32f4xx_tim.o(i.TIM_SetIC1Prescaler), (18 bytes).
    Removing stm32f4xx_tim.o(i.TIM_SetIC2Prescaler), (26 bytes).
    Removing stm32f4xx_tim.o(i.TIM_SetIC3Prescaler), (18 bytes).
    Removing stm32f4xx_tim.o(i.TIM_SetIC4Prescaler), (26 bytes).
    Removing stm32f4xx_tim.o(i.TIM_TIxExternalClockConfig), (62 bytes).
    Removing stm32f4xx_tim.o(i.TIM_TimeBaseStructInit), (18 bytes).
    Removing stm32f4xx_tim.o(i.TIM_UpdateDisableConfig), (24 bytes).
    Removing stm32f4xx_tim.o(i.TIM_UpdateRequestConfig), (24 bytes).
    Removing stm32f4xx_flash.o(.rev16_text), (4 bytes).
    Removing stm32f4xx_flash.o(.revsh_text), (4 bytes).
    Removing stm32f4xx_flash.o(i.FLASH_ClearFlag), (12 bytes).
    Removing stm32f4xx_flash.o(i.FLASH_DataCacheCmd), (36 bytes).
    Removing stm32f4xx_flash.o(i.FLASH_DataCacheReset), (20 bytes).
    Removing stm32f4xx_flash.o(i.FLASH_EraseAllBank1Sectors), (108 bytes).
    Removing stm32f4xx_flash.o(i.FLASH_EraseAllBank2Sectors), (108 bytes).
    Removing stm32f4xx_flash.o(i.FLASH_EraseAllSectors), (112 bytes).
    Removing stm32f4xx_flash.o(i.FLASH_GetFlagStatus), (24 bytes).
    Removing stm32f4xx_flash.o(i.FLASH_ITConfig), (32 bytes).
    Removing stm32f4xx_flash.o(i.FLASH_InstructionCacheCmd), (36 bytes).
    Removing stm32f4xx_flash.o(i.FLASH_InstructionCacheReset), (20 bytes).
    Removing stm32f4xx_flash.o(i.FLASH_Lock), (20 bytes).
    Removing stm32f4xx_flash.o(i.FLASH_OB_BORConfig), (28 bytes).
    Removing stm32f4xx_flash.o(i.FLASH_OB_BootConfig), (28 bytes).
    Removing stm32f4xx_flash.o(i.FLASH_OB_GetBOR), (16 bytes).
    Removing stm32f4xx_flash.o(i.FLASH_OB_GetPCROP), (12 bytes).
    Removing stm32f4xx_flash.o(i.FLASH_OB_GetPCROP1), (12 bytes).
    Removing stm32f4xx_flash.o(i.FLASH_OB_GetRDP), (24 bytes).
    Removing stm32f4xx_flash.o(i.FLASH_OB_GetUser), (16 bytes).
    Removing stm32f4xx_flash.o(i.FLASH_OB_GetWRP), (12 bytes).
    Removing stm32f4xx_flash.o(i.FLASH_OB_GetWRP1), (12 bytes).
    Removing stm32f4xx_flash.o(i.FLASH_OB_Launch), (32 bytes).
    Removing stm32f4xx_flash.o(i.FLASH_OB_Lock), (20 bytes).
    Removing stm32f4xx_flash.o(i.FLASH_OB_PCROP1Config), (52 bytes).
    Removing stm32f4xx_flash.o(i.FLASH_OB_PCROPConfig), (52 bytes).
    Removing stm32f4xx_flash.o(i.FLASH_OB_PCROPSelectionConfig), (24 bytes).
    Removing stm32f4xx_flash.o(i.FLASH_OB_RDPConfig), (28 bytes).
    Removing stm32f4xx_flash.o(i.FLASH_OB_Unlock), (36 bytes).
    Removing stm32f4xx_flash.o(i.FLASH_OB_UserConfig), (48 bytes).
    Removing stm32f4xx_flash.o(i.FLASH_OB_WRP1Config), (52 bytes).
    Removing stm32f4xx_flash.o(i.FLASH_OB_WRPConfig), (52 bytes).
    Removing stm32f4xx_flash.o(i.FLASH_PrefetchBufferCmd), (36 bytes).
    Removing stm32f4xx_flash.o(i.FLASH_ProgramByte), (76 bytes).
    Removing stm32f4xx_flash.o(i.FLASH_ProgramDoubleWord), (84 bytes).
    Removing stm32f4xx_flash.o(i.FLASH_ProgramWord), (80 bytes).
    Removing stm32f4xx_flash.o(i.FLASH_SetLatency), (12 bytes).
    Removing stm32f429i_discovery.o(.rev16_text), (4 bytes).
    Removing stm32f429i_discovery.o(.revsh_text), (4 bytes).
    Removing stm32f429i_discovery.o(i.STM_EVAL_LEDToggle), (36 bytes).
    Removing stm32f429i_discovery.o(i.STM_EVAL_PBGetState), (32 bytes).
    Removing stm32f429i_discovery.o(i.sEE_LowLevel_DMAConfig), (64 bytes).
    Removing stm32f429i_discovery.o(i.sEE_LowLevel_DeInit), (156 bytes).
    Removing stm32f429i_discovery.o(i.sEE_LowLevel_Init), (348 bytes).
    Removing stm32f429i_discovery.o(.bss), (60 bytes).
    Removing stm32f429i_discovery_lcd.o(.rev16_text), (4 bytes).
    Removing stm32f429i_discovery_lcd.o(.revsh_text), (4 bytes).
    Removing stm32f429i_discovery_lcd.o(i.LCD_ClearLine), (60 bytes).
    Removing stm32f429i_discovery_lcd.o(i.LCD_ClosedPolyLine), (48 bytes).
    Removing stm32f429i_discovery_lcd.o(i.LCD_ClosedPolyLineRelative), (18 bytes).
    Removing stm32f429i_discovery_lcd.o(i.LCD_DeInit), (544 bytes).
    Removing stm32f429i_discovery_lcd.o(i.LCD_DisplayOff), (10 bytes).
    Removing stm32f429i_discovery_lcd.o(i.LCD_DisplayOn), (10 bytes).
    Removing stm32f429i_discovery_lcd.o(i.LCD_DrawCircle), (204 bytes).
    Removing stm32f429i_discovery_lcd.o(i.LCD_DrawEllipse), (716 bytes).
    Removing stm32f429i_discovery_lcd.o(i.LCD_DrawFullCircle), (146 bytes).
    Removing stm32f429i_discovery_lcd.o(i.LCD_DrawFullEllipse), (512 bytes).
    Removing stm32f429i_discovery_lcd.o(i.LCD_DrawFullRect), (160 bytes).
    Removing stm32f429i_discovery_lcd.o(i.LCD_DrawLine), (168 bytes).
    Removing stm32f429i_discovery_lcd.o(i.LCD_DrawMonoPict), (80 bytes).
    Removing stm32f429i_discovery_lcd.o(i.LCD_DrawRect), (68 bytes).
    Removing stm32f429i_discovery_lcd.o(i.LCD_DrawUniLine), (286 bytes).
    Removing stm32f429i_discovery_lcd.o(i.LCD_FillPolyLine), (432 bytes).
    Removing stm32f429i_discovery_lcd.o(i.LCD_FillTriangle), (296 bytes).
    Removing stm32f429i_discovery_lcd.o(i.LCD_GetColors), (24 bytes).
    Removing stm32f429i_discovery_lcd.o(i.LCD_PolyLine), (68 bytes).
    Removing stm32f429i_discovery_lcd.o(i.LCD_PolyLineRelative), (18 bytes).
    Removing stm32f429i_discovery_lcd.o(i.LCD_PolyLineRelativeClosed), (118 bytes).
    Removing stm32f429i_discovery_lcd.o(i.LCD_ReSetColorKeying), (56 bytes).
    Removing stm32f429i_discovery_lcd.o(i.LCD_SetBackColor), (12 bytes).
    Removing stm32f429i_discovery_lcd.o(i.LCD_SetColorKeying), (76 bytes).
    Removing stm32f429i_discovery_lcd.o(i.LCD_SetColors), (20 bytes).
    Removing stm32f429i_discovery_lcd.o(i.LCD_SetCursor), (28 bytes).
    Removing stm32f429i_discovery_lcd.o(i.LCD_SetDisplayWindow), (100 bytes).
    Removing stm32f429i_discovery_lcd.o(i.LCD_SetTextColor), (12 bytes).
    Removing stm32f429i_discovery_lcd.o(i.LCD_SetTransparency), (48 bytes).
    Removing stm32f429i_discovery_lcd.o(i.LCD_Triangle), (108 bytes).
    Removing stm32f429i_discovery_lcd.o(i.LCD_WindowModeDisable), (18 bytes).
    Removing stm32f429i_discovery_lcd.o(i.LCD_WriteBMP), (332 bytes).
    Removing stm32f429i_discovery_lcd.o(i.PutPixel), (42 bytes).
    Removing stm32f429i_discovery_sdram.o(.rev16_text), (4 bytes).
    Removing stm32f429i_discovery_sdram.o(.revsh_text), (4 bytes).
    Removing stm32f429i_discovery_sdram.o(i.SDRAM_ReadBuffer), (50 bytes).
    Removing stm32f429i_discovery_sdram.o(i.SDRAM_WriteBuffer), (58 bytes).
    Removing f2d.o(.text), (38 bytes).

460 unused section(s) (total 21390 bytes) removed from the image.

==============================================================================

Image Symbol Table

    Local Symbols

    Symbol Name                              Value     Ov Type        Size  Object(Section)

    ../clib/microlib/division.c              0x00000000   Number         0  uldiv.o ABSOLUTE
    ../clib/microlib/division.c              0x00000000   Number         0  uidiv.o ABSOLUTE
    ../clib/microlib/init/entry.s            0x00000000   Number         0  entry9a.o ABSOLUTE
    ../clib/microlib/init/entry.s            0x00000000   Number         0  entry10a.o ABSOLUTE
    ../clib/microlib/init/entry.s            0x00000000   Number         0  entry9b.o ABSOLUTE
    ../clib/microlib/init/entry.s            0x00000000   Number         0  entry8b.o ABSOLUTE
    ../clib/microlib/init/entry.s            0x00000000   Number         0  entry8a.o ABSOLUTE
    ../clib/microlib/init/entry.s            0x00000000   Number         0  entry7b.o ABSOLUTE
    ../clib/microlib/init/entry.s            0x00000000   Number         0  entry7a.o ABSOLUTE
    ../clib/microlib/init/entry.s            0x00000000   Number         0  entry5.o ABSOLUTE
    ../clib/microlib/init/entry.s            0x00000000   Number         0  entry.o ABSOLUTE
    ../clib/microlib/init/entry.s            0x00000000   Number         0  entry11b.o ABSOLUTE
    ../clib/microlib/init/entry.s            0x00000000   Number         0  entry11a.o ABSOLUTE
    ../clib/microlib/init/entry.s            0x00000000   Number         0  entry10b.o ABSOLUTE
    ../clib/microlib/init/entry.s            0x00000000   Number         0  entry2.o ABSOLUTE
    ../clib/microlib/longlong.c              0x00000000   Number         0  llshl.o ABSOLUTE
    ../clib/microlib/longlong.c              0x00000000   Number         0  llsshr.o ABSOLUTE
    ../clib/microlib/longlong.c              0x00000000   Number         0  llushr.o ABSOLUTE
    ../clib/microlib/printf/printf.c         0x00000000   Number         0  printf7.o ABSOLUTE
    ../clib/microlib/printf/printf.c         0x00000000   Number         0  printfa.o ABSOLUTE
    ../clib/microlib/printf/printf.c         0x00000000   Number         0  printf0.o ABSOLUTE
    ../clib/microlib/printf/printf.c         0x00000000   Number         0  printf1.o ABSOLUTE
    ../clib/microlib/printf/printf.c         0x00000000   Number         0  printf2.o ABSOLUTE
    ../clib/microlib/printf/printf.c         0x00000000   Number         0  printf3.o ABSOLUTE
    ../clib/microlib/printf/printf.c         0x00000000   Number         0  printfb.o ABSOLUTE
    ../clib/microlib/printf/printf.c         0x00000000   Number         0  printf8.o ABSOLUTE
    ../clib/microlib/printf/printf.c         0x00000000   Number         0  printf4.o ABSOLUTE
    ../clib/microlib/printf/printf.c         0x00000000   Number         0  printf5.o ABSOLUTE
    ../clib/microlib/printf/printf.c         0x00000000   Number         0  printf6.o ABSOLUTE
    ../clib/microlib/printf/stubs.s          0x00000000   Number         0  stubs.o ABSOLUTE
    ../clib/microlib/stdio/fputc.c           0x00000000   Number         0  fputc.o ABSOLUTE
    ../clib/microlib/stdio/semi.s            0x00000000   Number         0  semi.o ABSOLUTE
    ../clib/microlib/stdio/streams.c         0x00000000   Number         0  stdout.o ABSOLUTE
    ../clib/microlib/stubs.s                 0x00000000   Number         0  iusefp.o ABSOLUTE
    ../clib/microlib/stubs.s                 0x00000000   Number         0  iusesemip.o ABSOLUTE
    ../fplib/microlib/f2d.c                  0x00000000   Number         0  f2d.o ABSOLUTE
    ../fplib/microlib/fpadd.c                0x00000000   Number         0  dadd.o ABSOLUTE
    ../fplib/microlib/fpdiv.c                0x00000000   Number         0  ddiv.o ABSOLUTE
    ../fplib/microlib/fpepilogue.c           0x00000000   Number         0  depilogue.o ABSOLUTE
    ../fplib/microlib/fpfix.c                0x00000000   Number         0  dfixul.o ABSOLUTE
    ../fplib/microlib/fpmul.c                0x00000000   Number         0  dmul.o ABSOLUTE
    ..\STM32F429I-Discovery_FW_V1.0.1\Libraries\STM32F4xx_StdPeriph_Driver\src\misc.c 0x00000000   Number         0  misc.o ABSOLUTE
    ..\STM32F429I-Discovery_FW_V1.0.1\Libraries\STM32F4xx_StdPeriph_Driver\src\stm32f4xx_adc.c 0x00000000   Number         0  stm32f4xx_adc.o ABSOLUTE
    ..\STM32F429I-Discovery_FW_V1.0.1\Libraries\STM32F4xx_StdPeriph_Driver\src\stm32f4xx_dma.c 0x00000000   Number         0  stm32f4xx_dma.o ABSOLUTE
    ..\STM32F429I-Discovery_FW_V1.0.1\Libraries\STM32F4xx_StdPeriph_Driver\src\stm32f4xx_dma2d.c 0x00000000   Number         0  stm32f4xx_dma2d.o ABSOLUTE
    ..\STM32F429I-Discovery_FW_V1.0.1\Libraries\STM32F4xx_StdPeriph_Driver\src\stm32f4xx_exti.c 0x00000000   Number         0  stm32f4xx_exti.o ABSOLUTE
    ..\STM32F429I-Discovery_FW_V1.0.1\Libraries\STM32F4xx_StdPeriph_Driver\src\stm32f4xx_flash.c 0x00000000   Number         0  stm32f4xx_flash.o ABSOLUTE
    ..\STM32F429I-Discovery_FW_V1.0.1\Libraries\STM32F4xx_StdPeriph_Driver\src\stm32f4xx_fmc.c 0x00000000   Number         0  stm32f4xx_fmc.o ABSOLUTE
    ..\STM32F429I-Discovery_FW_V1.0.1\Libraries\STM32F4xx_StdPeriph_Driver\src\stm32f4xx_gpio.c 0x00000000   Number         0  stm32f4xx_gpio.o ABSOLUTE
    ..\STM32F429I-Discovery_FW_V1.0.1\Libraries\STM32F4xx_StdPeriph_Driver\src\stm32f4xx_i2c.c 0x00000000   Number         0  stm32f4xx_i2c.o ABSOLUTE
    ..\STM32F429I-Discovery_FW_V1.0.1\Libraries\STM32F4xx_StdPeriph_Driver\src\stm32f4xx_ltdc.c 0x00000000   Number         0  stm32f4xx_ltdc.o ABSOLUTE
    ..\STM32F429I-Discovery_FW_V1.0.1\Libraries\STM32F4xx_StdPeriph_Driver\src\stm32f4xx_rcc.c 0x00000000   Number         0  stm32f4xx_rcc.o ABSOLUTE
    ..\STM32F429I-Discovery_FW_V1.0.1\Libraries\STM32F4xx_StdPeriph_Driver\src\stm32f4xx_rng.c 0x00000000   Number         0  stm32f4xx_rng.o ABSOLUTE
    ..\STM32F429I-Discovery_FW_V1.0.1\Libraries\STM32F4xx_StdPeriph_Driver\src\stm32f4xx_spi.c 0x00000000   Number         0  stm32f4xx_spi.o ABSOLUTE
    ..\STM32F429I-Discovery_FW_V1.0.1\Libraries\STM32F4xx_StdPeriph_Driver\src\stm32f4xx_syscfg.c 0x00000000   Number         0  stm32f4xx_syscfg.o ABSOLUTE
    ..\STM32F429I-Discovery_FW_V1.0.1\Libraries\STM32F4xx_StdPeriph_Driver\src\stm32f4xx_tim.c 0x00000000   Number         0  stm32f4xx_tim.o ABSOLUTE
    ..\STM32F429I-Discovery_FW_V1.0.1\Utilities\STM32F429I-Discovery\stm32f429i_discovery.c 0x00000000   Number         0  stm32f429i_discovery.o ABSOLUTE
    ..\STM32F429I-Discovery_FW_V1.0.1\Utilities\STM32F429I-Discovery\stm32f429i_discovery_lcd.c 0x00000000   Number         0  stm32f429i_discovery_lcd.o ABSOLUTE
    ..\STM32F429I-Discovery_FW_V1.0.1\Utilities\STM32F429I-Discovery\stm32f429i_discovery_sdram.c 0x00000000   Number         0  stm32f429i_discovery_sdram.o ABSOLUTE
    ..\\STM32F429I-Discovery_FW_V1.0.1\\Libraries\\STM32F4xx_StdPeriph_Driver\\src\\misc.c 0x00000000   Number         0  misc.o ABSOLUTE
    ..\\STM32F429I-Discovery_FW_V1.0.1\\Libraries\\STM32F4xx_StdPeriph_Driver\\src\\stm32f4xx_adc.c 0x00000000   Number         0  stm32f4xx_adc.o ABSOLUTE
    ..\\STM32F429I-Discovery_FW_V1.0.1\\Libraries\\STM32F4xx_StdPeriph_Driver\\src\\stm32f4xx_dma.c 0x00000000   Number         0  stm32f4xx_dma.o ABSOLUTE
    ..\\STM32F429I-Discovery_FW_V1.0.1\\Libraries\\STM32F4xx_StdPeriph_Driver\\src\\stm32f4xx_dma2d.c 0x00000000   Number         0  stm32f4xx_dma2d.o ABSOLUTE
    ..\\STM32F429I-Discovery_FW_V1.0.1\\Libraries\\STM32F4xx_StdPeriph_Driver\\src\\stm32f4xx_exti.c 0x00000000   Number         0  stm32f4xx_exti.o ABSOLUTE
    ..\\STM32F429I-Discovery_FW_V1.0.1\\Libraries\\STM32F4xx_StdPeriph_Driver\\src\\stm32f4xx_flash.c 0x00000000   Number         0  stm32f4xx_flash.o ABSOLUTE
    ..\\STM32F429I-Discovery_FW_V1.0.1\\Libraries\\STM32F4xx_StdPeriph_Driver\\src\\stm32f4xx_fmc.c 0x00000000   Number         0  stm32f4xx_fmc.o ABSOLUTE
    ..\\STM32F429I-Discovery_FW_V1.0.1\\Libraries\\STM32F4xx_StdPeriph_Driver\\src\\stm32f4xx_gpio.c 0x00000000   Number         0  stm32f4xx_gpio.o ABSOLUTE
    ..\\STM32F429I-Discovery_FW_V1.0.1\\Libraries\\STM32F4xx_StdPeriph_Driver\\src\\stm32f4xx_i2c.c 0x00000000   Number         0  stm32f4xx_i2c.o ABSOLUTE
    ..\\STM32F429I-Discovery_FW_V1.0.1\\Libraries\\STM32F4xx_StdPeriph_Driver\\src\\stm32f4xx_ltdc.c 0x00000000   Number         0  stm32f4xx_ltdc.o ABSOLUTE
    ..\\STM32F429I-Discovery_FW_V1.0.1\\Libraries\\STM32F4xx_StdPeriph_Driver\\src\\stm32f4xx_rcc.c 0x00000000   Number         0  stm32f4xx_rcc.o ABSOLUTE
    ..\\STM32F429I-Discovery_FW_V1.0.1\\Libraries\\STM32F4xx_StdPeriph_Driver\\src\\stm32f4xx_rng.c 0x00000000   Number         0  stm32f4xx_rng.o ABSOLUTE
    ..\\STM32F429I-Discovery_FW_V1.0.1\\Libraries\\STM32F4xx_StdPeriph_Driver\\src\\stm32f4xx_spi.c 0x00000000   Number         0  stm32f4xx_spi.o ABSOLUTE
    ..\\STM32F429I-Discovery_FW_V1.0.1\\Libraries\\STM32F4xx_StdPeriph_Driver\\src\\stm32f4xx_syscfg.c 0x00000000   Number         0  stm32f4xx_syscfg.o ABSOLUTE
    ..\\STM32F429I-Discovery_FW_V1.0.1\\Libraries\\STM32F4xx_StdPeriph_Driver\\src\\stm32f4xx_tim.c 0x00000000   Number         0  stm32f4xx_tim.o ABSOLUTE
    ..\\STM32F429I-Discovery_FW_V1.0.1\\Utilities\\STM32F429I-Discovery\\stm32f429i_discovery.c 0x00000000   Number         0  stm32f429i_discovery.o ABSOLUTE
    ..\\STM32F429I-Discovery_FW_V1.0.1\\Utilities\\STM32F429I-Discovery\\stm32f429i_discovery_lcd.c 0x00000000   Number         0  stm32f429i_discovery_lcd.o ABSOLUTE
    ..\\STM32F429I-Discovery_FW_V1.0.1\\Utilities\\STM32F429I-Discovery\\stm32f429i_discovery_sdram.c 0x00000000   Number         0  stm32f429i_discovery_sdram.o ABSOLUTE
    cdrcmple.s                               0x00000000   Number         0  cdrcmple.o ABSOLUTE
    dc.s                                     0x00000000   Number         0  dc.o ABSOLUTE
    handlers.s                               0x00000000   Number         0  handlers.o ABSOLUTE
    init.s                                   0x00000000   Number         0  init.o ABSOLUTE
    src\\eeprom.c                            0x00000000   Number         0  eeprom.o ABSOLUTE
    src\\main.c                              0x00000000   Number         0  main.o ABSOLUTE
    src\\stm32f4xx_it.c                      0x00000000   Number         0  stm32f4xx_it.o ABSOLUTE
    src\\system_stm32f4xx.c                  0x00000000   Number         0  system_stm32f4xx.o ABSOLUTE
    src\eeprom.c                             0x00000000   Number         0  eeprom.o ABSOLUTE
    src\main.c                               0x00000000   Number         0  main.o ABSOLUTE
    src\stm32f4xx_it.c                       0x00000000   Number         0  stm32f4xx_it.o ABSOLUTE
    src\system_stm32f4xx.c                   0x00000000   Number         0  system_stm32f4xx.o ABSOLUTE
    startup_stm32f429_439xx.s                0x00000000   Number         0  startup_stm32f429_439xx.o ABSOLUTE
    RESET                                    0x08000000   Section      428  startup_stm32f429_439xx.o(RESET)
    .ARM.Collect$$$$00000000                 0x080001ac   Section        0  entry.o(.ARM.Collect$$$$00000000)
    .ARM.Collect$$$$00000001                 0x080001ac   Section        4  entry2.o(.ARM.Collect$$$$00000001)
    .ARM.Collect$$$$00000004                 0x080001b0   Section        4  entry5.o(.ARM.Collect$$$$00000004)
    .ARM.Collect$$$$00000008                 0x080001b4   Section        0  entry7b.o(.ARM.Collect$$$$00000008)
    .ARM.Collect$$$$0000000A                 0x080001b4   Section        0  entry8b.o(.ARM.Collect$$$$0000000A)
    .ARM.Collect$$$$0000000B                 0x080001b4   Section        8  entry9a.o(.ARM.Collect$$$$0000000B)
    .ARM.Collect$$$$0000000D                 0x080001bc   Section        0  entry10a.o(.ARM.Collect$$$$0000000D)
    .ARM.Collect$$$$0000000F                 0x080001bc   Section        0  entry11a.o(.ARM.Collect$$$$0000000F)
    .ARM.Collect$$$$00002712                 0x080001bc   Section        4  entry2.o(.ARM.Collect$$$$00002712)
    __lit__00000000                          0x080001bc   Data           4  entry2.o(.ARM.Collect$$$$00002712)
    .text                                    0x080001c0   Section       36  startup_stm32f429_439xx.o(.text)
    $v0                                      0x080001c0   Number         0  startup_stm32f429_439xx.o(.text)
    .text                                    0x080001e4   Section        0  uidiv.o(.text)
    .text                                    0x08000210   Section        0  uldiv.o(.text)
    .text                                    0x08000272   Section        0  dadd.o(.text)
    .text                                    0x08000272   Section        0  iusefp.o(.text)
    .text                                    0x080003c0   Section        0  dmul.o(.text)
    .text                                    0x080004a4   Section        0  ddiv.o(.text)
    .text                                    0x08000582   Section        0  dfixul.o(.text)
    .text                                    0x080005b4   Section       40  cdrcmple.o(.text)
    .text                                    0x080005dc   Section       36  init.o(.text)
    .text                                    0x08000600   Section        0  llshl.o(.text)
    .text                                    0x0800061e   Section        0  llushr.o(.text)
    .text                                    0x0800063e   Section        0  llsshr.o(.text)
    .text                                    0x08000662   Section        0  depilogue.o(.text)
    i.BusFault_Handler                       0x08000720   Section        0  stm32f4xx_it.o(i.BusFault_Handler)
    i.DebugMon_Handler                       0x08000724   Section        0  stm32f4xx_it.o(i.DebugMon_Handler)
    i.EE_FindValidPage                       0x08000728   Section        0  eeprom.o(i.EE_FindValidPage)
    EE_FindValidPage                         0x08000729   Thumb Code    78  eeprom.o(i.EE_FindValidPage)
    i.EE_Format                              0x08000780   Section        0  eeprom.o(i.EE_Format)
    EE_Format                                0x08000781   Thumb Code    54  eeprom.o(i.EE_Format)
    i.EE_Init                                0x080007bc   Section        0  eeprom.o(i.EE_Init)
    i.EE_PageTransfer                        0x080009bc   Section        0  eeprom.o(i.EE_PageTransfer)
    EE_PageTransfer                          0x080009bd   Thumb Code   212  eeprom.o(i.EE_PageTransfer)
    i.EE_ReadVariable                        0x08000aa0   Section        0  eeprom.o(i.EE_ReadVariable)
    i.EE_VerifyPageFullWriteVariable         0x08000b00   Section        0  eeprom.o(i.EE_VerifyPageFullWriteVariable)
    EE_VerifyPageFullWriteVariable           0x08000b01   Thumb Code   100  eeprom.o(i.EE_VerifyPageFullWriteVariable)
    i.EE_WriteVariable                       0x08000b6c   Section        0  eeprom.o(i.EE_WriteVariable)
    i.EXTI0_IRQHandler                       0x08000b90   Section        0  stm32f4xx_it.o(i.EXTI0_IRQHandler)
    i.EXTI4_IRQHandler                       0x08000ba4   Section        0  stm32f4xx_it.o(i.EXTI4_IRQHandler)
    i.EXTI_ClearITPendingBit                 0x08000bb8   Section        0  stm32f4xx_exti.o(i.EXTI_ClearITPendingBit)
    i.EXTI_Init                              0x08000bc4   Section        0  stm32f4xx_exti.o(i.EXTI_Init)
    i.FLASH_EraseSector                      0x08000c58   Section        0  stm32f4xx_flash.o(i.FLASH_EraseSector)
    i.FLASH_GetStatus                        0x08000ce0   Section        0  stm32f4xx_flash.o(i.FLASH_GetStatus)
    i.FLASH_ProgramHalfWord                  0x08000d34   Section        0  stm32f4xx_flash.o(i.FLASH_ProgramHalfWord)
    i.FLASH_Unlock                           0x08000d84   Section        0  stm32f4xx_flash.o(i.FLASH_Unlock)
    i.FLASH_WaitForLastOperation             0x08000da8   Section        0  stm32f4xx_flash.o(i.FLASH_WaitForLastOperation)
    i.FMC_GetFlagStatus                      0x08000dcc   Section        0  stm32f4xx_fmc.o(i.FMC_GetFlagStatus)
    i.FMC_SDRAMCmdConfig                     0x08000e18   Section        0  stm32f4xx_fmc.o(i.FMC_SDRAMCmdConfig)
    i.FMC_SDRAMInit                          0x08000e38   Section        0  stm32f4xx_fmc.o(i.FMC_SDRAMInit)
    i.FMC_SetRefreshCount                    0x08000f34   Section        0  stm32f4xx_fmc.o(i.FMC_SetRefreshCount)
    i.GPIO_Init                              0x08000f4c   Section        0  stm32f4xx_gpio.o(i.GPIO_Init)
    i.GPIO_PinAFConfig                       0x08000fdc   Section        0  stm32f4xx_gpio.o(i.GPIO_PinAFConfig)
    i.GPIO_ResetBits                         0x08001022   Section        0  stm32f4xx_gpio.o(i.GPIO_ResetBits)
    i.GPIO_SetBits                           0x08001026   Section        0  stm32f4xx_gpio.o(i.GPIO_SetBits)
    i.GPIO_WriteBit                          0x0800102a   Section        0  stm32f4xx_gpio.o(i.GPIO_WriteBit)
    i.HardFault_Handler                      0x08001034   Section        0  stm32f4xx_it.o(i.HardFault_Handler)
    i.LCD_AF_GPIOConfig                      0x08001038   Section        0  stm32f429i_discovery_lcd.o(i.LCD_AF_GPIOConfig)
    LCD_AF_GPIOConfig                        0x08001039   Thumb Code   334  stm32f429i_discovery_lcd.o(i.LCD_AF_GPIOConfig)
    i.LCD_ChipSelect                         0x080011a0   Section        0  stm32f429i_discovery_lcd.o(i.LCD_ChipSelect)
    i.LCD_Clear                              0x080011c0   Section        0  stm32f429i_discovery_lcd.o(i.LCD_Clear)
    i.LCD_CtrlLinesConfig                    0x080011e0   Section        0  stm32f429i_discovery_lcd.o(i.LCD_CtrlLinesConfig)
    i.LCD_CtrlLinesWrite                     0x08001230   Section        0  stm32f429i_discovery_lcd.o(i.LCD_CtrlLinesWrite)
    i.LCD_DisplayChar                        0x08001244   Section        0  stm32f429i_discovery_lcd.o(i.LCD_DisplayChar)
    i.LCD_DisplayStringLine                  0x08001274   Section        0  stm32f429i_discovery_lcd.o(i.LCD_DisplayStringLine)
    i.LCD_DrawChar                           0x080012c8   Section        0  stm32f429i_discovery_lcd.o(i.LCD_DrawChar)
    i.LCD_GetFont                            0x080013a0   Section        0  stm32f429i_discovery_lcd.o(i.LCD_GetFont)
    i.LCD_Init                               0x080013ac   Section        0  stm32f429i_discovery_lcd.o(i.LCD_Init)
    i.LCD_LayerInit                          0x08001448   Section        0  stm32f429i_discovery_lcd.o(i.LCD_LayerInit)
    i.LCD_PowerOn                            0x080014ec   Section        0  stm32f429i_discovery_lcd.o(i.LCD_PowerOn)
    i.LCD_SPIConfig                          0x08001778   Section        0  stm32f429i_discovery_lcd.o(i.LCD_SPIConfig)
    i.LCD_SetFont                            0x0800184c   Section        0  stm32f429i_discovery_lcd.o(i.LCD_SetFont)
    i.LCD_SetLayer                           0x08001858   Section        0  stm32f429i_discovery_lcd.o(i.LCD_SetLayer)
    i.LCD_WriteCommand                       0x08001884   Section        0  stm32f429i_discovery_lcd.o(i.LCD_WriteCommand)
    i.LCD_WriteData                          0x080018d0   Section        0  stm32f429i_discovery_lcd.o(i.LCD_WriteData)
    i.LED_Config                             0x08001918   Section        0  main.o(i.LED_Config)
    i.LTDC_Cmd                               0x08001934   Section        0  stm32f4xx_ltdc.o(i.LTDC_Cmd)
    i.LTDC_DitherCmd                         0x08001958   Section        0  stm32f4xx_ltdc.o(i.LTDC_DitherCmd)
    i.LTDC_Init                              0x0800197c   Section        0  stm32f4xx_ltdc.o(i.LTDC_Init)
    i.LTDC_LayerCmd                          0x08001b04   Section        0  stm32f4xx_ltdc.o(i.LTDC_LayerCmd)
    i.LTDC_LayerInit                         0x08001b1a   Section        0  stm32f4xx_ltdc.o(i.LTDC_LayerInit)
    i.LTDC_ReloadConfig                      0x08001c30   Section        0  stm32f4xx_ltdc.o(i.LTDC_ReloadConfig)
    i.MemManage_Handler                      0x08001c3c   Section        0  stm32f4xx_it.o(i.MemManage_Handler)
    i.NMI_Handler                            0x08001c40   Section        0  stm32f4xx_it.o(i.NMI_Handler)
    i.NVIC_Init                              0x08001c44   Section        0  misc.o(i.NVIC_Init)
    i.PB_Config                              0x08001cbc   Section        0  main.o(i.PB_Config)
    i.PendSV_Handler                         0x08001cc8   Section        0  stm32f4xx_it.o(i.PendSV_Handler)
    i.RCC_AHB1PeriphClockCmd                 0x08001ccc   Section        0  stm32f4xx_rcc.o(i.RCC_AHB1PeriphClockCmd)
    i.RCC_AHB2PeriphClockCmd                 0x08001cec   Section        0  stm32f4xx_rcc.o(i.RCC_AHB2PeriphClockCmd)
    i.RCC_AHB3PeriphClockCmd                 0x08001d0c   Section        0  stm32f4xx_rcc.o(i.RCC_AHB3PeriphClockCmd)
    i.RCC_APB1PeriphClockCmd                 0x08001d2c   Section        0  stm32f4xx_rcc.o(i.RCC_APB1PeriphClockCmd)
    i.RCC_APB1PeriphResetCmd                 0x08001d4c   Section        0  stm32f4xx_rcc.o(i.RCC_APB1PeriphResetCmd)
    i.RCC_APB2PeriphClockCmd                 0x08001d6c   Section        0  stm32f4xx_rcc.o(i.RCC_APB2PeriphClockCmd)
    i.RCC_APB2PeriphResetCmd                 0x08001d8c   Section        0  stm32f4xx_rcc.o(i.RCC_APB2PeriphResetCmd)
    i.RCC_GetFlagStatus                      0x08001dac   Section        0  stm32f4xx_rcc.o(i.RCC_GetFlagStatus)
    i.RCC_LTDCCLKDivConfig                   0x08001dec   Section        0  stm32f4xx_rcc.o(i.RCC_LTDCCLKDivConfig)
    i.RCC_PLLSAICmd                          0x08001e04   Section        0  stm32f4xx_rcc.o(i.RCC_PLLSAICmd)
    i.RCC_PLLSAIConfig                       0x08001e10   Section        0  stm32f4xx_rcc.o(i.RCC_PLLSAIConfig)
    i.RNG_Cmd                                0x08001e28   Section        0  stm32f4xx_rng.o(i.RNG_Cmd)
    i.RNG_Config                             0x08001e4c   Section        0  main.o(i.RNG_Config)
    i.RNG_GetRandomNumber                    0x08001e60   Section        0  stm32f4xx_rng.o(i.RNG_GetRandomNumber)
    i.SDRAM_GPIOConfig                       0x08001e6c   Section        0  stm32f429i_discovery_sdram.o(i.SDRAM_GPIOConfig)
    i.SDRAM_Init                             0x08002070   Section        0  stm32f429i_discovery_sdram.o(i.SDRAM_Init)
    i.SDRAM_InitSequence                     0x080020d8   Section        0  stm32f429i_discovery_sdram.o(i.SDRAM_InitSequence)
    i.SPI_Cmd                                0x080021a0   Section        0  stm32f4xx_spi.o(i.SPI_Cmd)
    i.SPI_I2S_DeInit                         0x080021b8   Section        0  stm32f4xx_spi.o(i.SPI_I2S_DeInit)
    i.SPI_I2S_GetFlagStatus                  0x08002268   Section        0  stm32f4xx_spi.o(i.SPI_I2S_GetFlagStatus)
    i.SPI_I2S_SendData                       0x0800227a   Section        0  stm32f4xx_spi.o(i.SPI_I2S_SendData)
    i.SPI_Init                               0x0800227e   Section        0  stm32f4xx_spi.o(i.SPI_Init)
    i.STM_EVAL_LEDInit                       0x080022bc   Section        0  stm32f429i_discovery.o(i.STM_EVAL_LEDInit)
    i.STM_EVAL_LEDOff                        0x08002308   Section        0  stm32f429i_discovery.o(i.STM_EVAL_LEDOff)
    i.STM_EVAL_LEDOn                         0x08002320   Section        0  stm32f429i_discovery.o(i.STM_EVAL_LEDOn)
    i.STM_EVAL_PBInit                        0x08002338   Section        0  stm32f429i_discovery.o(i.STM_EVAL_PBInit)
    i.SVC_Handler                            0x080023e4   Section        0  stm32f4xx_it.o(i.SVC_Handler)
    i.SYSCFG_EXTILineConfig                  0x080023e8   Section        0  stm32f4xx_syscfg.o(i.SYSCFG_EXTILineConfig)
    i.SetSysClock                            0x08002428   Section        0  system_stm32f4xx.o(i.SetSysClock)
    SetSysClock                              0x08002429   Thumb Code   268  system_stm32f4xx.o(i.SetSysClock)
    i.SysTick_Handler                        0x08002544   Section        0  stm32f4xx_it.o(i.SysTick_Handler)
    i.SystemInit                             0x08002548   Section        0  system_stm32f4xx.o(i.SystemInit)
    i.TIM3_Config                            0x080025b0   Section        0  main.o(i.TIM3_Config)
    i.TIM3_IRQHandler                        0x08002600   Section        0  stm32f4xx_it.o(i.TIM3_IRQHandler)
    i.TIM3_OCConfig                          0x08002624   Section        0  main.o(i.TIM3_OCConfig)
    i.TIM_ClearITPendingBit                  0x0800265c   Section        0  stm32f4xx_tim.o(i.TIM_ClearITPendingBit)
    i.TIM_Cmd                                0x08002662   Section        0  stm32f4xx_tim.o(i.TIM_Cmd)
    i.TIM_GetCounter                         0x0800267a   Section        0  stm32f4xx_tim.o(i.TIM_GetCounter)
    i.TIM_GetITStatus                        0x08002680   Section        0  stm32f4xx_tim.o(i.TIM_GetITStatus)
    i.TIM_ITConfig                           0x080026a2   Section        0  stm32f4xx_tim.o(i.TIM_ITConfig)
    i.TIM_OC1Init                            0x080026b4   Section        0  stm32f4xx_tim.o(i.TIM_OC1Init)
    i.TIM_OC1PreloadConfig                   0x08002730   Section        0  stm32f4xx_tim.o(i.TIM_OC1PreloadConfig)
    i.TIM_PrescalerConfig                    0x08002742   Section        0  stm32f4xx_tim.o(i.TIM_PrescalerConfig)
    i.TIM_SetCounter                         0x08002748   Section        0  stm32f4xx_tim.o(i.TIM_SetCounter)
    i.TIM_TimeBaseInit                       0x0800274c   Section        0  stm32f4xx_tim.o(i.TIM_TimeBaseInit)
    i.UsageFault_Handler                     0x080027d0   Section        0  stm32f4xx_it.o(i.UsageFault_Handler)
    i.__0sprintf                             0x080027d4   Section        0  printfa.o(i.__0sprintf)
    i.__scatterload_copy                     0x080027fc   Section       14  handlers.o(i.__scatterload_copy)
    i.__scatterload_null                     0x0800280a   Section        2  handlers.o(i.__scatterload_null)
    i.__scatterload_zeroinit                 0x0800280c   Section       14  handlers.o(i.__scatterload_zeroinit)
    i._fp_digits                             0x0800281c   Section        0  printfa.o(i._fp_digits)
    _fp_digits                               0x0800281d   Thumb Code   326  printfa.o(i._fp_digits)
    i._printf_core                           0x08002978   Section        0  printfa.o(i._printf_core)
    _printf_core                             0x08002979   Thumb Code  1762  printfa.o(i._printf_core)
    i._printf_post_padding                   0x08003068   Section        0  printfa.o(i._printf_post_padding)
    _printf_post_padding                     0x08003069   Thumb Code    38  printfa.o(i._printf_post_padding)
    i._printf_pre_padding                    0x0800308e   Section        0  printfa.o(i._printf_pre_padding)
    _printf_pre_padding                      0x0800308f   Thumb Code    48  printfa.o(i._printf_pre_padding)
    i._sputc                                 0x080030be   Section        0  printfa.o(i._sputc)
    _sputc                                   0x080030bf   Thumb Code    10  printfa.o(i._sputc)
    i.delay                                  0x080030c8   Section        0  stm32f429i_discovery_lcd.o(i.delay)
    delay                                    0x080030c9   Thumb Code    28  stm32f429i_discovery_lcd.o(i.delay)
    i.delay                                  0x080030e4   Section        0  stm32f429i_discovery_sdram.o(i.delay)
    delay                                    0x080030e5   Thumb Code    32  stm32f429i_discovery_sdram.o(i.delay)
    i.externalButton                         0x08003108   Section        0  main.o(i.externalButton)
    i.main                                   0x08003188   Section        0  main.o(i.main)
    i.randomNumber                           0x080033f8   Section        0  main.o(i.randomNumber)
    i.resetTimer                             0x08003434   Section        0  main.o(i.resetTimer)
    i.resetTimerLong                         0x0800346c   Section        0  main.o(i.resetTimerLong)
    .constdata                               0x080034a4   Section       25  stm32f429i_discovery.o(.constdata)
    .constdata                               0x080034be   Section    10704  stm32f429i_discovery_lcd.o(.constdata)
    .data                                    0x20000000   Section       38  main.o(.data)
    .data                                    0x20000028   Section       20  system_stm32f4xx.o(.data)
    .data                                    0x2000003c   Section        2  eeprom.o(.data)
    .data                                    0x20000040   Section       16  stm32f429i_discovery.o(.data)
    .data                                    0x20000050   Section       48  stm32f429i_discovery_lcd.o(.data)
    CurrentTextColor                         0x20000070   Data           2  stm32f429i_discovery_lcd.o(.data)
    CurrentBackColor                         0x20000072   Data           2  stm32f429i_discovery_lcd.o(.data)
    CurrentFrameBuffer                       0x20000074   Data           4  stm32f429i_discovery_lcd.o(.data)
    CurrentLayer                             0x20000078   Data           4  stm32f429i_discovery_lcd.o(.data)
    LCD_Currentfonts                         0x2000007c   Data           4  stm32f429i_discovery_lcd.o(.data)
    .bss                                     0x20000080   Section       61  main.o(.bss)
    STACK                                    0x200000c0   Section     1024  startup_stm32f429_439xx.o(STACK)

    Global Symbols

    Symbol Name                              Value     Ov Type        Size  Object(Section)

    BuildAttributes$$THM_ISAv4$E$P$D$K$B$S$7EM$VFPi3$EXTD16$VFPS$VFMA$PE$A:L22UL41UL21$X:L11$S22US41US21$IEEE1$IW$USESV6$~STKCKD$USESV7$~SHL$OSPACE$ROPI$EBA8$MICROLIB$REQ8$PRES8$EABIv2 0x00000000   Number         0  anon$$obj.o ABSOLUTE
    __ARM_use_no_argv                        0x00000000   Number         0  main.o ABSOLUTE
    _printf_a                                0x00000000   Number         0  stubs.o ABSOLUTE
    _printf_c                                0x00000000   Number         0  stubs.o ABSOLUTE
    _printf_charcount                        0x00000000   Number         0  stubs.o ABSOLUTE
    _printf_d                                0x00000000   Number         0  stubs.o ABSOLUTE
    _printf_e                                0x00000000   Number         0  stubs.o ABSOLUTE
    _printf_f                                0x00000000   Number         0  stubs.o ABSOLUTE
    _printf_flags                            0x00000000   Number         0  stubs.o ABSOLUTE
    _printf_fp_dec                           0x00000000   Number         0  stubs.o ABSOLUTE
    _printf_fp_hex                           0x00000000   Number         0  stubs.o ABSOLUTE
    _printf_g                                0x00000000   Number         0  stubs.o ABSOLUTE
    _printf_i                                0x00000000   Number         0  stubs.o ABSOLUTE
    _printf_int_dec                          0x00000000   Number         0  stubs.o ABSOLUTE
    _printf_l                                0x00000000   Number         0  stubs.o ABSOLUTE
    _printf_lc                               0x00000000   Number         0  stubs.o ABSOLUTE
    _printf_ll                               0x00000000   Number         0  stubs.o ABSOLUTE
    _printf_lld                              0x00000000   Number         0  stubs.o ABSOLUTE
    _printf_lli                              0x00000000   Number         0  stubs.o ABSOLUTE
    _printf_llo                              0x00000000   Number         0  stubs.o ABSOLUTE
    _printf_llu                              0x00000000   Number         0  stubs.o ABSOLUTE
    _printf_llx                              0x00000000   Number         0  stubs.o ABSOLUTE
    _printf_longlong_dec                     0x00000000   Number         0  stubs.o ABSOLUTE
    _printf_longlong_hex                     0x00000000   Number         0  stubs.o ABSOLUTE
    _printf_longlong_oct                     0x00000000   Number         0  stubs.o ABSOLUTE
    _printf_ls                               0x00000000   Number         0  stubs.o ABSOLUTE
    _printf_mbtowc                           0x00000000   Number         0  stubs.o ABSOLUTE
    _printf_n                                0x00000000   Number         0  stubs.o ABSOLUTE
    _printf_o                                0x00000000   Number         0  stubs.o ABSOLUTE
    _printf_p                                0x00000000   Number         0  stubs.o ABSOLUTE
    _printf_percent                          0x00000000   Number         0  stubs.o ABSOLUTE
    _printf_pre_padding                      0x00000000   Number         0  stubs.o ABSOLUTE
    _printf_return_value                     0x00000000   Number         0  stubs.o ABSOLUTE
    _printf_s                                0x00000000   Number         0  stubs.o ABSOLUTE
    _printf_sizespec                         0x00000000   Number         0  stubs.o ABSOLUTE
    _printf_str                              0x00000000   Number         0  stubs.o ABSOLUTE
    _printf_truncate_signed                  0x00000000   Number         0  stubs.o ABSOLUTE
    _printf_truncate_unsigned                0x00000000   Number         0  stubs.o ABSOLUTE
    _printf_u                                0x00000000   Number         0  stubs.o ABSOLUTE
    _printf_wc                               0x00000000   Number         0  stubs.o ABSOLUTE
    _printf_wctomb                           0x00000000   Number         0  stubs.o ABSOLUTE
    _printf_widthprec                        0x00000000   Number         0  stubs.o ABSOLUTE
    _printf_x                                0x00000000   Number         0  stubs.o ABSOLUTE
    __cpp_initialize__aeabi_                  - Undefined Weak Reference
    __cxa_finalize                            - Undefined Weak Reference
    __decompress                              - Undefined Weak Reference
    _clock_init                               - Undefined Weak Reference
    _microlib_exit                            - Undefined Weak Reference
    __Vectors_Size                           0x000001ac   Number         0  startup_stm32f429_439xx.o ABSOLUTE
    __Vectors                                0x08000000   Data           4  startup_stm32f429_439xx.o(RESET)
    __Vectors_End                            0x080001ac   Data           0  startup_stm32f429_439xx.o(RESET)
    __main                                   0x080001ad   Thumb Code     0  entry.o(.ARM.Collect$$$$00000000)
    _main_stk                                0x080001ad   Thumb Code     0  entry2.o(.ARM.Collect$$$$00000001)
    _main_scatterload                        0x080001b1   Thumb Code     0  entry5.o(.ARM.Collect$$$$00000004)
    __main_after_scatterload                 0x080001b5   Thumb Code     0  entry5.o(.ARM.Collect$$$$00000004)
    _main_clock                              0x080001b5   Thumb Code     0  entry7b.o(.ARM.Collect$$$$00000008)
    _main_cpp_init                           0x080001b5   Thumb Code     0  entry8b.o(.ARM.Collect$$$$0000000A)
    _main_init                               0x080001b5   Thumb Code     0  entry9a.o(.ARM.Collect$$$$0000000B)
    __rt_final_cpp                           0x080001bd   Thumb Code     0  entry10a.o(.ARM.Collect$$$$0000000D)
    __rt_final_exit                          0x080001bd   Thumb Code     0  entry11a.o(.ARM.Collect$$$$0000000F)
    Reset_Handler                            0x080001c1   Thumb Code     8  startup_stm32f429_439xx.o(.text)
    ADC_IRQHandler                           0x080001db   Thumb Code     0  startup_stm32f429_439xx.o(.text)
    CAN1_RX0_IRQHandler                      0x080001db   Thumb Code     0  startup_stm32f429_439xx.o(.text)
    CAN1_RX1_IRQHandler                      0x080001db   Thumb Code     0  startup_stm32f429_439xx.o(.text)
    CAN1_SCE_IRQHandler                      0x080001db   Thumb Code     0  startup_stm32f429_439xx.o(.text)
    CAN1_TX_IRQHandler                       0x080001db   Thumb Code     0  startup_stm32f429_439xx.o(.text)
    CAN2_RX0_IRQHandler                      0x080001db   Thumb Code     0  startup_stm32f429_439xx.o(.text)
    CAN2_RX1_IRQHandler                      0x080001db   Thumb Code     0  startup_stm32f429_439xx.o(.text)
    CAN2_SCE_IRQHandler                      0x080001db   Thumb Code     0  startup_stm32f429_439xx.o(.text)
    CAN2_TX_IRQHandler                       0x080001db   Thumb Code     0  startup_stm32f429_439xx.o(.text)
    CRYP_IRQHandler                          0x080001db   Thumb Code     0  startup_stm32f429_439xx.o(.text)
    DCMI_IRQHandler                          0x080001db   Thumb Code     0  startup_stm32f429_439xx.o(.text)
    DMA1_Stream0_IRQHandler                  0x080001db   Thumb Code     0  startup_stm32f429_439xx.o(.text)
    DMA1_Stream1_IRQHandler                  0x080001db   Thumb Code     0  startup_stm32f429_439xx.o(.text)
    DMA1_Stream2_IRQHandler                  0x080001db   Thumb Code     0  startup_stm32f429_439xx.o(.text)
    DMA1_Stream3_IRQHandler                  0x080001db   Thumb Code     0  startup_stm32f429_439xx.o(.text)
    DMA1_Stream4_IRQHandler                  0x080001db   Thumb Code     0  startup_stm32f429_439xx.o(.text)
    DMA1_Stream5_IRQHandler                  0x080001db   Thumb Code     0  startup_stm32f429_439xx.o(.text)
    DMA1_Stream6_IRQHandler                  0x080001db   Thumb Code     0  startup_stm32f429_439xx.o(.text)
    DMA1_Stream7_IRQHandler                  0x080001db   Thumb Code     0  startup_stm32f429_439xx.o(.text)
    DMA2D_IRQHandler                         0x080001db   Thumb Code     0  startup_stm32f429_439xx.o(.text)
    DMA2_Stream0_IRQHandler                  0x080001db   Thumb Code     0  startup_stm32f429_439xx.o(.text)
    DMA2_Stream1_IRQHandler                  0x080001db   Thumb Code     0  startup_stm32f429_439xx.o(.text)
    DMA2_Stream2_IRQHandler                  0x080001db   Thumb Code     0  startup_stm32f429_439xx.o(.text)
    DMA2_Stream3_IRQHandler                  0x080001db   Thumb Code     0  startup_stm32f429_439xx.o(.text)
    DMA2_Stream4_IRQHandler                  0x080001db   Thumb Code     0  startup_stm32f429_439xx.o(.text)
    DMA2_Stream5_IRQHandler                  0x080001db   Thumb Code     0  startup_stm32f429_439xx.o(.text)
    DMA2_Stream6_IRQHandler                  0x080001db   Thumb Code     0  startup_stm32f429_439xx.o(.text)
    DMA2_Stream7_IRQHandler                  0x080001db   Thumb Code     0  startup_stm32f429_439xx.o(.text)
    ETH_IRQHandler                           0x080001db   Thumb Code     0  startup_stm32f429_439xx.o(.text)
    ETH_WKUP_IRQHandler                      0x080001db   Thumb Code     0  startup_stm32f429_439xx.o(.text)
    EXTI15_10_IRQHandler                     0x080001db   Thumb Code     0  startup_stm32f429_439xx.o(.text)
    EXTI1_IRQHandler                         0x080001db   Thumb Code     0  startup_stm32f429_439xx.o(.text)
    EXTI2_IRQHandler                         0x080001db   Thumb Code     0  startup_stm32f429_439xx.o(.text)
    EXTI3_IRQHandler                         0x080001db   Thumb Code     0  startup_stm32f429_439xx.o(.text)
    EXTI9_5_IRQHandler                       0x080001db   Thumb Code     0  startup_stm32f429_439xx.o(.text)
    FLASH_IRQHandler                         0x080001db   Thumb Code     0  startup_stm32f429_439xx.o(.text)
    FMC_IRQHandler                           0x080001db   Thumb Code     0  startup_stm32f429_439xx.o(.text)
    FPU_IRQHandler                           0x080001db   Thumb Code     0  startup_stm32f429_439xx.o(.text)
    HASH_RNG_IRQHandler                      0x080001db   Thumb Code     0  startup_stm32f429_439xx.o(.text)
    I2C1_ER_IRQHandler                       0x080001db   Thumb Code     0  startup_stm32f429_439xx.o(.text)
    I2C1_EV_IRQHandler                       0x080001db   Thumb Code     0  startup_stm32f429_439xx.o(.text)
    I2C2_ER_IRQHandler                       0x080001db   Thumb Code     0  startup_stm32f429_439xx.o(.text)
    I2C2_EV_IRQHandler                       0x080001db   Thumb Code     0  startup_stm32f429_439xx.o(.text)
    I2C3_ER_IRQHandler                       0x080001db   Thumb Code     0  startup_stm32f429_439xx.o(.text)
    I2C3_EV_IRQHandler                       0x080001db   Thumb Code     0  startup_stm32f429_439xx.o(.text)
    LTDC_ER_IRQHandler                       0x080001db   Thumb Code     0  startup_stm32f429_439xx.o(.text)
    LTDC_IRQHandler                          0x080001db   Thumb Code     0  startup_stm32f429_439xx.o(.text)
    OTG_FS_IRQHandler                        0x080001db   Thumb Code     0  startup_stm32f429_439xx.o(.text)
    OTG_FS_WKUP_IRQHandler                   0x080001db   Thumb Code     0  startup_stm32f429_439xx.o(.text)
    OTG_HS_EP1_IN_IRQHandler                 0x080001db   Thumb Code     0  startup_stm32f429_439xx.o(.text)
    OTG_HS_EP1_OUT_IRQHandler                0x080001db   Thumb Code     0  startup_stm32f429_439xx.o(.text)
    OTG_HS_IRQHandler                        0x080001db   Thumb Code     0  startup_stm32f429_439xx.o(.text)
    OTG_HS_WKUP_IRQHandler                   0x080001db   Thumb Code     0  startup_stm32f429_439xx.o(.text)
    PVD_IRQHandler                           0x080001db   Thumb Code     0  startup_stm32f429_439xx.o(.text)
    RCC_IRQHandler                           0x080001db   Thumb Code     0  startup_stm32f429_439xx.o(.text)
    RTC_Alarm_IRQHandler                     0x080001db   Thumb Code     0  startup_stm32f429_439xx.o(.text)
    RTC_WKUP_IRQHandler                      0x080001db   Thumb Code     0  startup_stm32f429_439xx.o(.text)
    SAI1_IRQHandler                          0x080001db   Thumb Code     0  startup_stm32f429_439xx.o(.text)
    SDIO_IRQHandler                          0x080001db   Thumb Code     0  startup_stm32f429_439xx.o(.text)
    SPI1_IRQHandler                          0x080001db   Thumb Code     0  startup_stm32f429_439xx.o(.text)
    SPI2_IRQHandler                          0x080001db   Thumb Code     0  startup_stm32f429_439xx.o(.text)
    SPI3_IRQHandler                          0x080001db   Thumb Code     0  startup_stm32f429_439xx.o(.text)
    SPI4_IRQHandler                          0x080001db   Thumb Code     0  startup_stm32f429_439xx.o(.text)
    SPI5_IRQHandler                          0x080001db   Thumb Code     0  startup_stm32f429_439xx.o(.text)
    SPI6_IRQHandler                          0x080001db   Thumb Code     0  startup_stm32f429_439xx.o(.text)
    TAMP_STAMP_IRQHandler                    0x080001db   Thumb Code     0  startup_stm32f429_439xx.o(.text)
    TIM1_BRK_TIM9_IRQHandler                 0x080001db   Thumb Code     0  startup_stm32f429_439xx.o(.text)
    TIM1_CC_IRQHandler                       0x080001db   Thumb Code     0  startup_stm32f429_439xx.o(.text)
    TIM1_TRG_COM_TIM11_IRQHandler            0x080001db   Thumb Code     0  startup_stm32f429_439xx.o(.text)
    TIM1_UP_TIM10_IRQHandler                 0x080001db   Thumb Code     0  startup_stm32f429_439xx.o(.text)
    TIM2_IRQHandler                          0x080001db   Thumb Code     0  startup_stm32f429_439xx.o(.text)
    TIM4_IRQHandler                          0x080001db   Thumb Code     0  startup_stm32f429_439xx.o(.text)
    TIM5_IRQHandler                          0x080001db   Thumb Code     0  startup_stm32f429_439xx.o(.text)
    TIM6_DAC_IRQHandler                      0x080001db   Thumb Code     0  startup_stm32f429_439xx.o(.text)
    TIM7_IRQHandler                          0x080001db   Thumb Code     0  startup_stm32f429_439xx.o(.text)
    TIM8_BRK_TIM12_IRQHandler                0x080001db   Thumb Code     0  startup_stm32f429_439xx.o(.text)
    TIM8_CC_IRQHandler                       0x080001db   Thumb Code     0  startup_stm32f429_439xx.o(.text)
    TIM8_TRG_COM_TIM14_IRQHandler            0x080001db   Thumb Code     0  startup_stm32f429_439xx.o(.text)
    TIM8_UP_TIM13_IRQHandler                 0x080001db   Thumb Code     0  startup_stm32f429_439xx.o(.text)
    UART4_IRQHandler                         0x080001db   Thumb Code     0  startup_stm32f429_439xx.o(.text)
    UART5_IRQHandler                         0x080001db   Thumb Code     0  startup_stm32f429_439xx.o(.text)
    UART7_IRQHandler                         0x080001db   Thumb Code     0  startup_stm32f429_439xx.o(.text)
    UART8_IRQHandler                         0x080001db   Thumb Code     0  startup_stm32f429_439xx.o(.text)
    USART1_IRQHandler                        0x080001db   Thumb Code     0  startup_stm32f429_439xx.o(.text)
    USART2_IRQHandler                        0x080001db   Thumb Code     0  startup_stm32f429_439xx.o(.text)
    USART3_IRQHandler                        0x080001db   Thumb Code     0  startup_stm32f429_439xx.o(.text)
    USART6_IRQHandler                        0x080001db   Thumb Code     0  startup_stm32f429_439xx.o(.text)
    WWDG_IRQHandler                          0x080001db   Thumb Code     0  startup_stm32f429_439xx.o(.text)
    __aeabi_uidiv                            0x080001e5   Thumb Code     0  uidiv.o(.text)
    __aeabi_uidivmod                         0x080001e5   Thumb Code    44  uidiv.o(.text)
    __aeabi_uldivmod                         0x08000211   Thumb Code    98  uldiv.o(.text)
    __I$use$fp                               0x08000273   Thumb Code     0  iusefp.o(.text)
    __aeabi_dadd                             0x08000273   Thumb Code   322  dadd.o(.text)
    __aeabi_dsub                             0x080003b5   Thumb Code     6  dadd.o(.text)
    __aeabi_drsub                            0x080003bb   Thumb Code     6  dadd.o(.text)
    __aeabi_dmul                             0x080003c1   Thumb Code   228  dmul.o(.text)
    __aeabi_ddiv                             0x080004a5   Thumb Code   222  ddiv.o(.text)
    __aeabi_d2ulz                            0x08000583   Thumb Code    48  dfixul.o(.text)
    __aeabi_cdrcmple                         0x080005b5   Thumb Code    38  cdrcmple.o(.text)
    __scatterload                            0x080005dd   Thumb Code    28  init.o(.text)
    __scatterload_rt2                        0x080005dd   Thumb Code     0  init.o(.text)
    __aeabi_llsl                             0x08000601   Thumb Code    30  llshl.o(.text)
    _ll_shift_l                              0x08000601   Thumb Code     0  llshl.o(.text)
    __aeabi_llsr                             0x0800061f   Thumb Code    32  llushr.o(.text)
    _ll_ushift_r                             0x0800061f   Thumb Code     0  llushr.o(.text)
    __aeabi_lasr                             0x0800063f   Thumb Code    36  llsshr.o(.text)
    _ll_sshift_r                             0x0800063f   Thumb Code     0  llsshr.o(.text)
    _double_round                            0x08000663   Thumb Code    26  depilogue.o(.text)
    _double_epilogue                         0x0800067d   Thumb Code   164  depilogue.o(.text)
    BusFault_Handler                         0x08000721   Thumb Code     4  stm32f4xx_it.o(i.BusFault_Handler)
    DebugMon_Handler                         0x08000725   Thumb Code     2  stm32f4xx_it.o(i.DebugMon_Handler)
    EE_Init                                  0x080007bd   Thumb Code   496  eeprom.o(i.EE_Init)
    EE_ReadVariable                          0x08000aa1   Thumb Code    92  eeprom.o(i.EE_ReadVariable)
    EE_WriteVariable                         0x08000b6d   Thumb Code    36  eeprom.o(i.EE_WriteVariable)
    EXTI0_IRQHandler                         0x08000b91   Thumb Code    14  stm32f4xx_it.o(i.EXTI0_IRQHandler)
    EXTI4_IRQHandler                         0x08000ba5   Thumb Code    16  stm32f4xx_it.o(i.EXTI4_IRQHandler)
    EXTI_ClearITPendingBit                   0x08000bb9   Thumb Code     6  stm32f4xx_exti.o(i.EXTI_ClearITPendingBit)
    EXTI_Init                                0x08000bc5   Thumb Code   142  stm32f4xx_exti.o(i.EXTI_Init)
    FLASH_EraseSector                        0x08000c59   Thumb Code   130  stm32f4xx_flash.o(i.FLASH_EraseSector)
    FLASH_GetStatus                          0x08000ce1   Thumb Code    80  stm32f4xx_flash.o(i.FLASH_GetStatus)
    FLASH_ProgramHalfWord                    0x08000d35   Thumb Code    74  stm32f4xx_flash.o(i.FLASH_ProgramHalfWord)
    FLASH_Unlock                             0x08000d85   Thumb Code    24  stm32f4xx_flash.o(i.FLASH_Unlock)
    FLASH_WaitForLastOperation               0x08000da9   Thumb Code    34  stm32f4xx_flash.o(i.FLASH_WaitForLastOperation)
    FMC_GetFlagStatus                        0x08000dcd   Thumb Code    64  stm32f4xx_fmc.o(i.FMC_GetFlagStatus)
    FMC_SDRAMCmdConfig                       0x08000e19   Thumb Code    28  stm32f4xx_fmc.o(i.FMC_SDRAMCmdConfig)
    FMC_SDRAMInit                            0x08000e39   Thumb Code   244  stm32f4xx_fmc.o(i.FMC_SDRAMInit)
    FMC_SetRefreshCount                      0x08000f35   Thumb Code    18  stm32f4xx_fmc.o(i.FMC_SetRefreshCount)
    GPIO_Init                                0x08000f4d   Thumb Code   144  stm32f4xx_gpio.o(i.GPIO_Init)
    GPIO_PinAFConfig                         0x08000fdd   Thumb Code    70  stm32f4xx_gpio.o(i.GPIO_PinAFConfig)
    GPIO_ResetBits                           0x08001023   Thumb Code     4  stm32f4xx_gpio.o(i.GPIO_ResetBits)
    GPIO_SetBits                             0x08001027   Thumb Code     4  stm32f4xx_gpio.o(i.GPIO_SetBits)
    GPIO_WriteBit                            0x0800102b   Thumb Code    10  stm32f4xx_gpio.o(i.GPIO_WriteBit)
    HardFault_Handler                        0x08001035   Thumb Code     4  stm32f4xx_it.o(i.HardFault_Handler)
    LCD_ChipSelect                           0x080011a1   Thumb Code    26  stm32f429i_discovery_lcd.o(i.LCD_ChipSelect)
    LCD_Clear                                0x080011c1   Thumb Code    26  stm32f429i_discovery_lcd.o(i.LCD_Clear)
    LCD_CtrlLinesConfig                      0x080011e1   Thumb Code    70  stm32f429i_discovery_lcd.o(i.LCD_CtrlLinesConfig)
    LCD_CtrlLinesWrite                       0x08001231   Thumb Code    20  stm32f429i_discovery_lcd.o(i.LCD_CtrlLinesWrite)
    LCD_DisplayChar                          0x08001245   Thumb Code    42  stm32f429i_discovery_lcd.o(i.LCD_DisplayChar)
    LCD_DisplayStringLine                    0x08001275   Thumb Code    78  stm32f429i_discovery_lcd.o(i.LCD_DisplayStringLine)
    LCD_DrawChar                             0x080012c9   Thumb Code   200  stm32f429i_discovery_lcd.o(i.LCD_DrawChar)
    LCD_GetFont                              0x080013a1   Thumb Code     6  stm32f429i_discovery_lcd.o(i.LCD_GetFont)
    LCD_Init                                 0x080013ad   Thumb Code   154  stm32f429i_discovery_lcd.o(i.LCD_Init)
    LCD_LayerInit                            0x08001449   Thumb Code   152  stm32f429i_discovery_lcd.o(i.LCD_LayerInit)
    LCD_PowerOn                              0x080014ed   Thumb Code   652  stm32f429i_discovery_lcd.o(i.LCD_PowerOn)
    LCD_SPIConfig                            0x08001779   Thumb Code   204  stm32f429i_discovery_lcd.o(i.LCD_SPIConfig)
    LCD_SetFont                              0x0800184d   Thumb Code     6  stm32f429i_discovery_lcd.o(i.LCD_SetFont)
    LCD_SetLayer                             0x08001859   Thumb Code    32  stm32f429i_discovery_lcd.o(i.LCD_SetLayer)
    LCD_WriteCommand                         0x08001885   Thumb Code    66  stm32f429i_discovery_lcd.o(i.LCD_WriteCommand)
    LCD_WriteData                            0x080018d1   Thumb Code    64  stm32f429i_discovery_lcd.o(i.LCD_WriteData)
    LED_Config                               0x08001919   Thumb Code    28  main.o(i.LED_Config)
    LTDC_Cmd                                 0x08001935   Thumb Code    30  stm32f4xx_ltdc.o(i.LTDC_Cmd)
    LTDC_DitherCmd                           0x08001959   Thumb Code    30  stm32f4xx_ltdc.o(i.LTDC_DitherCmd)
    LTDC_Init                                0x0800197d   Thumb Code   378  stm32f4xx_ltdc.o(i.LTDC_Init)
    LTDC_LayerCmd                            0x08001b05   Thumb Code    22  stm32f4xx_ltdc.o(i.LTDC_LayerCmd)
    LTDC_LayerInit                           0x08001b1b   Thumb Code   276  stm32f4xx_ltdc.o(i.LTDC_LayerInit)
    LTDC_ReloadConfig                        0x08001c31   Thumb Code     6  stm32f4xx_ltdc.o(i.LTDC_ReloadConfig)
    MemManage_Handler                        0x08001c3d   Thumb Code     4  stm32f4xx_it.o(i.MemManage_Handler)
    NMI_Handler                              0x08001c41   Thumb Code     2  stm32f4xx_it.o(i.NMI_Handler)
    NVIC_Init                                0x08001c45   Thumb Code   108  misc.o(i.NVIC_Init)
    PB_Config                                0x08001cbd   Thumb Code    12  main.o(i.PB_Config)
    PendSV_Handler                           0x08001cc9   Thumb Code     2  stm32f4xx_it.o(i.PendSV_Handler)
    RCC_AHB1PeriphClockCmd                   0x08001ccd   Thumb Code    26  stm32f4xx_rcc.o(i.RCC_AHB1PeriphClockCmd)
    RCC_AHB2PeriphClockCmd                   0x08001ced   Thumb Code    26  stm32f4xx_rcc.o(i.RCC_AHB2PeriphClockCmd)
    RCC_AHB3PeriphClockCmd                   0x08001d0d   Thumb Code    26  stm32f4xx_rcc.o(i.RCC_AHB3PeriphClockCmd)
    RCC_APB1PeriphClockCmd                   0x08001d2d   Thumb Code    26  stm32f4xx_rcc.o(i.RCC_APB1PeriphClockCmd)
    RCC_APB1PeriphResetCmd                   0x08001d4d   Thumb Code    26  stm32f4xx_rcc.o(i.RCC_APB1PeriphResetCmd)
    RCC_APB2PeriphClockCmd                   0x08001d6d   Thumb Code    26  stm32f4xx_rcc.o(i.RCC_APB2PeriphClockCmd)
    RCC_APB2PeriphResetCmd                   0x08001d8d   Thumb Code    26  stm32f4xx_rcc.o(i.RCC_APB2PeriphResetCmd)
    RCC_GetFlagStatus                        0x08001dad   Thumb Code    60  stm32f4xx_rcc.o(i.RCC_GetFlagStatus)
    RCC_LTDCCLKDivConfig                     0x08001ded   Thumb Code    18  stm32f4xx_rcc.o(i.RCC_LTDCCLKDivConfig)
    RCC_PLLSAICmd                            0x08001e05   Thumb Code     6  stm32f4xx_rcc.o(i.RCC_PLLSAICmd)
    RCC_PLLSAIConfig                         0x08001e11   Thumb Code    18  stm32f4xx_rcc.o(i.RCC_PLLSAIConfig)
    RNG_Cmd                                  0x08001e29   Thumb Code    30  stm32f4xx_rng.o(i.RNG_Cmd)
    RNG_Config                               0x08001e4d   Thumb Code    18  main.o(i.RNG_Config)
    RNG_GetRandomNumber                      0x08001e61   Thumb Code     6  stm32f4xx_rng.o(i.RNG_GetRandomNumber)
    SDRAM_GPIOConfig                         0x08001e6d   Thumb Code   492  stm32f429i_discovery_sdram.o(i.SDRAM_GPIOConfig)
    SDRAM_Init                               0x08002071   Thumb Code   104  stm32f429i_discovery_sdram.o(i.SDRAM_Init)
    SDRAM_InitSequence                       0x080020d9   Thumb Code   200  stm32f429i_discovery_sdram.o(i.SDRAM_InitSequence)
    SPI_Cmd                                  0x080021a1   Thumb Code    24  stm32f4xx_spi.o(i.SPI_Cmd)
    SPI_I2S_DeInit                           0x080021b9   Thumb Code   152  stm32f4xx_spi.o(i.SPI_I2S_DeInit)
    SPI_I2S_GetFlagStatus                    0x08002269   Thumb Code    18  stm32f4xx_spi.o(i.SPI_I2S_GetFlagStatus)
    SPI_I2S_SendData                         0x0800227b   Thumb Code     4  stm32f4xx_spi.o(i.SPI_I2S_SendData)
    SPI_Init                                 0x0800227f   Thumb Code    60  stm32f4xx_spi.o(i.SPI_Init)
    STM_EVAL_LEDInit                         0x080022bd   Thumb Code    62  stm32f429i_discovery.o(i.STM_EVAL_LEDInit)
    STM_EVAL_LEDOff                          0x08002309   Thumb Code    16  stm32f429i_discovery.o(i.STM_EVAL_LEDOff)
    STM_EVAL_LEDOn                           0x08002321   Thumb Code    16  stm32f429i_discovery.o(i.STM_EVAL_LEDOn)
    STM_EVAL_PBInit                          0x08002339   Thumb Code   142  stm32f429i_discovery.o(i.STM_EVAL_PBInit)
    SVC_Handler                              0x080023e5   Thumb Code     2  stm32f4xx_it.o(i.SVC_Handler)
    SYSCFG_EXTILineConfig                    0x080023e9   Thumb Code    60  stm32f4xx_syscfg.o(i.SYSCFG_EXTILineConfig)
    SysTick_Handler                          0x08002545   Thumb Code     2  stm32f4xx_it.o(i.SysTick_Handler)
    SystemInit                               0x08002549   Thumb Code    88  system_stm32f4xx.o(i.SystemInit)
    TIM3_Config                              0x080025b1   Thumb Code    72  main.o(i.TIM3_Config)
    TIM3_IRQHandler                          0x08002601   Thumb Code    30  stm32f4xx_it.o(i.TIM3_IRQHandler)
    TIM3_OCConfig                            0x08002625   Thumb Code    48  main.o(i.TIM3_OCConfig)
    TIM_ClearITPendingBit                    0x0800265d   Thumb Code     6  stm32f4xx_tim.o(i.TIM_ClearITPendingBit)
    TIM_Cmd                                  0x08002663   Thumb Code    24  stm32f4xx_tim.o(i.TIM_Cmd)
    TIM_GetCounter                           0x0800267b   Thumb Code     6  stm32f4xx_tim.o(i.TIM_GetCounter)
    TIM_GetITStatus                          0x08002681   Thumb Code    34  stm32f4xx_tim.o(i.TIM_GetITStatus)
    TIM_ITConfig                             0x080026a3   Thumb Code    18  stm32f4xx_tim.o(i.TIM_ITConfig)
    TIM_OC1Init                              0x080026b5   Thumb Code   114  stm32f4xx_tim.o(i.TIM_OC1Init)
    TIM_OC1PreloadConfig                     0x08002731   Thumb Code    18  stm32f4xx_tim.o(i.TIM_OC1PreloadConfig)
    TIM_PrescalerConfig                      0x08002743   Thumb Code     6  stm32f4xx_tim.o(i.TIM_PrescalerConfig)
    TIM_SetCounter                           0x08002749   Thumb Code     4  stm32f4xx_tim.o(i.TIM_SetCounter)
    TIM_TimeBaseInit                         0x0800274d   Thumb Code   104  stm32f4xx_tim.o(i.TIM_TimeBaseInit)
    UsageFault_Handler                       0x080027d1   Thumb Code     4  stm32f4xx_it.o(i.UsageFault_Handler)
    __0sprintf                               0x080027d5   Thumb Code    34  printfa.o(i.__0sprintf)
    __1sprintf                               0x080027d5   Thumb Code     0  printfa.o(i.__0sprintf)
    __2sprintf                               0x080027d5   Thumb Code     0  printfa.o(i.__0sprintf)
    __c89sprintf                             0x080027d5   Thumb Code     0  printfa.o(i.__0sprintf)
    sprintf                                  0x080027d5   Thumb Code     0  printfa.o(i.__0sprintf)
    __scatterload_copy                       0x080027fd   Thumb Code    14  handlers.o(i.__scatterload_copy)
    __scatterload_null                       0x0800280b   Thumb Code     2  handlers.o(i.__scatterload_null)
    __scatterload_zeroinit                   0x0800280d   Thumb Code    14  handlers.o(i.__scatterload_zeroinit)
    externalButton                           0x08003109   Thumb Code   124  main.o(i.externalButton)
    main                                     0x08003189   Thumb Code   544  main.o(i.main)
    randomNumber                             0x080033f9   Thumb Code    52  main.o(i.randomNumber)
    resetTimer                               0x08003435   Thumb Code    52  main.o(i.resetTimer)
    resetTimerLong                           0x0800346d   Thumb Code    52  main.o(i.resetTimerLong)
    GPIO_PIN                                 0x080034a4   Data           4  stm32f429i_discovery.o(.constdata)
    GPIO_CLK                                 0x080034a8   Data           8  stm32f429i_discovery.o(.constdata)
    BUTTON_PIN                               0x080034b0   Data           2  stm32f429i_discovery.o(.constdata)
    BUTTON_CLK                               0x080034b4   Data           4  stm32f429i_discovery.o(.constdata)
    BUTTON_EXTI_LINE                         0x080034b8   Data           2  stm32f429i_discovery.o(.constdata)
    BUTTON_PORT_SOURCE                       0x080034ba   Data           1  stm32f429i_discovery.o(.constdata)
    BUTTON_PIN_SOURCE                        0x080034bb   Data           1  stm32f429i_discovery.o(.constdata)
    BUTTON_IRQn                              0x080034bc   Data           1  stm32f429i_discovery.o(.constdata)
    ASCII16x24_Table                         0x080034be   Data        4560  stm32f429i_discovery_lcd.o(.constdata)
    ASCII12x12_Table                         0x0800468e   Data        2304  stm32f429i_discovery_lcd.o(.constdata)
    ASCII8x12_Table                          0x08004f8e   Data        2304  stm32f429i_discovery_lcd.o(.constdata)
    ASCII8x8_Table                           0x0800588e   Data        1536  stm32f429i_discovery_lcd.o(.constdata)
    Region$$Table$$Base                      0x08005e90   Number         0  anon$$obj.o(Region$$Table)
    Region$$Table$$Limit                     0x08005eb0   Number         0  anon$$obj.o(Region$$Table)
    CCR1_Val                                 0x20000000   Data           2  main.o(.data)
    PrescalerValue                           0x20000002   Data           2  main.o(.data)
    UBPressed                                0x20000004   Data           1  main.o(.data)
    ExtButtonPressed                         0x20000005   Data           1  main.o(.data)
    VirtAddVarTab                            0x20000006   Data           6  main.o(.data)
    VarDataTab                               0x2000000c   Data           6  main.o(.data)
    VarValue                                 0x20000012   Data           2  main.o(.data)
    counter                                  0x20000014   Data           4  main.o(.data)
    toggle                                   0x20000018   Data           4  main.o(.data)
    rand                                     0x2000001c   Data           4  main.o(.data)
    i                                        0x20000020   Data           4  main.o(.data)
    line                                     0x20000024   Data           2  main.o(.data)
    SystemCoreClock                          0x20000028   Data           4  system_stm32f4xx.o(.data)
    AHBPrescTable                            0x2000002c   Data          16  system_stm32f4xx.o(.data)
    DataVar                                  0x2000003c   Data           2  eeprom.o(.data)
    GPIO_PORT                                0x20000040   Data           8  stm32f429i_discovery.o(.data)
    BUTTON_PORT                              0x20000048   Data           4  stm32f429i_discovery.o(.data)
    NVIC_InitStructure                       0x2000004c   Data           4  stm32f429i_discovery.o(.data)
    Font16x24                                0x20000050   Data           8  stm32f429i_discovery_lcd.o(.data)
    Font12x12                                0x20000058   Data           8  stm32f429i_discovery_lcd.o(.data)
    Font8x12                                 0x20000060   Data           8  stm32f429i_discovery_lcd.o(.data)
    Font8x8                                  0x20000068   Data           8  stm32f429i_discovery_lcd.o(.data)
    TIM_TimeBaseStructure                    0x20000080   Data          12  main.o(.bss)
    TIM_OCInitStructure                      0x2000008c   Data          20  main.o(.bss)
    lcd_buffer                               0x200000a0   Data          14  main.o(.bss)
    str                                      0x200000ae   Data          15  main.o(.bss)
    __initial_sp                             0x200004c0   Data           0  startup_stm32f429_439xx.o(STACK)



==============================================================================

Memory Map of the image

  Image Entry point : 0x080001ad

  Load Region LR_IROM1 (Base: 0x08000000, Size: 0x00005f30, Max: 0x00200000, ABSOLUTE)

    Execution Region ER_IROM1 (Base: 0x08000000, Size: 0x00005eb0, Max: 0x00200000, ABSOLUTE)

    Base Addr    Size         Type   Attr      Idx    E Section Name        Object

    0x08000000   0x000001ac   Data   RO          486    RESET               startup_stm32f429_439xx.o
    0x080001ac   0x00000000   Code   RO         3599  * .ARM.Collect$$$$00000000  mc_w.l(entry.o)
    0x080001ac   0x00000004   Code   RO         3865    .ARM.Collect$$$$00000001  mc_w.l(entry2.o)
    0x080001b0   0x00000004   Code   RO         3868    .ARM.Collect$$$$00000004  mc_w.l(entry5.o)
    0x080001b4   0x00000000   Code   RO         3870    .ARM.Collect$$$$00000008  mc_w.l(entry7b.o)
    0x080001b4   0x00000000   Code   RO         3872    .ARM.Collect$$$$0000000A  mc_w.l(entry8b.o)
    0x080001b4   0x00000008   Code   RO         3873    .ARM.Collect$$$$0000000B  mc_w.l(entry9a.o)
    0x080001bc   0x00000000   Code   RO         3875    .ARM.Collect$$$$0000000D  mc_w.l(entry10a.o)
    0x080001bc   0x00000000   Code   RO         3877    .ARM.Collect$$$$0000000F  mc_w.l(entry11a.o)
    0x080001bc   0x00000004   Code   RO         3866    .ARM.Collect$$$$00002712  mc_w.l(entry2.o)
    0x080001c0   0x00000024   Code   RO          487    .text               startup_stm32f429_439xx.o
    0x080001e4   0x0000002c   Code   RO         3882    .text               mc_w.l(uidiv.o)
    0x08000210   0x00000062   Code   RO         3884    .text               mc_w.l(uldiv.o)
    0x08000272   0x00000000   Code   RO         3886    .text               mc_w.l(iusefp.o)
    0x08000272   0x0000014e   Code   RO         3887    .text               mf_w.l(dadd.o)
    0x080003c0   0x000000e4   Code   RO         3889    .text               mf_w.l(dmul.o)
    0x080004a4   0x000000de   Code   RO         3891    .text               mf_w.l(ddiv.o)
    0x08000582   0x00000030   Code   RO         3893    .text               mf_w.l(dfixul.o)
    0x080005b2   0x00000002   PAD
    0x080005b4   0x00000028   Code   RO         3895    .text               mf_w.l(cdrcmple.o)
    0x080005dc   0x00000024   Code   RO         3897    .text               mc_w.l(init.o)
    0x08000600   0x0000001e   Code   RO         3900    .text               mc_w.l(llshl.o)
    0x0800061e   0x00000020   Code   RO         3902    .text               mc_w.l(llushr.o)
    0x0800063e   0x00000024   Code   RO         3904    .text               mc_w.l(llsshr.o)
    0x08000662   0x000000be   Code   RO         3907    .text               mf_w.l(depilogue.o)
    0x08000720   0x00000004   Code   RO          303    i.BusFault_Handler  stm32f4xx_it.o
    0x08000724   0x00000002   Code   RO          304    i.DebugMon_Handler  stm32f4xx_it.o
    0x08000726   0x00000002   PAD
    0x08000728   0x00000058   Code   RO          430    i.EE_FindValidPage  eeprom.o
    0x08000780   0x0000003c   Code   RO          431    i.EE_Format         eeprom.o
    0x080007bc   0x00000200   Code   RO          432    i.EE_Init           eeprom.o
    0x080009bc   0x000000e4   Code   RO          433    i.EE_PageTransfer   eeprom.o
    0x08000aa0   0x00000060   Code   RO          434    i.EE_ReadVariable   eeprom.o
    0x08000b00   0x0000006c   Code   RO          435    i.EE_VerifyPageFullWriteVariable  eeprom.o
    0x08000b6c   0x00000024   Code   RO          436    i.EE_WriteVariable  eeprom.o
    0x08000b90   0x00000014   Code   RO          305    i.EXTI0_IRQHandler  stm32f4xx_it.o
    0x08000ba4   0x00000014   Code   RO          306    i.EXTI4_IRQHandler  stm32f4xx_it.o
    0x08000bb8   0x0000000c   Code   RO         1036    i.EXTI_ClearITPendingBit  stm32f4xx_exti.o
    0x08000bc4   0x00000094   Code   RO         1041    i.EXTI_Init         stm32f4xx_exti.o
    0x08000c58   0x00000088   Code   RO         2905    i.FLASH_EraseSector  stm32f4xx_flash.o
    0x08000ce0   0x00000054   Code   RO         2907    i.FLASH_GetStatus   stm32f4xx_flash.o
    0x08000d34   0x00000050   Code   RO         2934    i.FLASH_ProgramHalfWord  stm32f4xx_flash.o
    0x08000d84   0x00000024   Code   RO         2937    i.FLASH_Unlock      stm32f4xx_flash.o
    0x08000da8   0x00000022   Code   RO         2938    i.FLASH_WaitForLastOperation  stm32f4xx_flash.o
    0x08000dca   0x00000002   PAD
    0x08000dcc   0x0000004c   Code   RO         1100    i.FMC_GetFlagStatus  stm32f4xx_fmc.o
    0x08000e18   0x00000020   Code   RO         1117    i.FMC_SDRAMCmdConfig  stm32f4xx_fmc.o
    0x08000e38   0x000000fc   Code   RO         1119    i.FMC_SDRAMInit     stm32f4xx_fmc.o
    0x08000f34   0x00000018   Code   RO         1123    i.FMC_SetRefreshCount  stm32f4xx_fmc.o
    0x08000f4c   0x00000090   Code   RO         1274    i.GPIO_Init         stm32f4xx_gpio.o
    0x08000fdc   0x00000046   Code   RO         1275    i.GPIO_PinAFConfig  stm32f4xx_gpio.o
    0x08001022   0x00000004   Code   RO         1281    i.GPIO_ResetBits    stm32f4xx_gpio.o
    0x08001026   0x00000004   Code   RO         1282    i.GPIO_SetBits      stm32f4xx_gpio.o
    0x0800102a   0x0000000a   Code   RO         1286    i.GPIO_WriteBit     stm32f4xx_gpio.o
    0x08001034   0x00000004   Code   RO          307    i.HardFault_Handler  stm32f4xx_it.o
    0x08001038   0x00000168   Code   RO         3226    i.LCD_AF_GPIOConfig  stm32f429i_discovery_lcd.o
    0x080011a0   0x00000020   Code   RO         3227    i.LCD_ChipSelect    stm32f429i_discovery_lcd.o
    0x080011c0   0x00000020   Code   RO         3228    i.LCD_Clear         stm32f429i_discovery_lcd.o
    0x080011e0   0x00000050   Code   RO         3232    i.LCD_CtrlLinesConfig  stm32f429i_discovery_lcd.o
    0x08001230   0x00000014   Code   RO         3233    i.LCD_CtrlLinesWrite  stm32f429i_discovery_lcd.o
    0x08001244   0x00000030   Code   RO         3235    i.LCD_DisplayChar   stm32f429i_discovery_lcd.o
    0x08001274   0x00000054   Code   RO         3238    i.LCD_DisplayStringLine  stm32f429i_discovery_lcd.o
    0x080012c8   0x000000d8   Code   RO         3239    i.LCD_DrawChar      stm32f429i_discovery_lcd.o
    0x080013a0   0x0000000c   Code   RO         3252    i.LCD_GetFont       stm32f429i_discovery_lcd.o
    0x080013ac   0x0000009a   Code   RO         3253    i.LCD_Init          stm32f429i_discovery_lcd.o
    0x08001446   0x00000002   PAD
    0x08001448   0x000000a4   Code   RO         3254    i.LCD_LayerInit     stm32f429i_discovery_lcd.o
    0x080014ec   0x0000028c   Code   RO         3258    i.LCD_PowerOn       stm32f429i_discovery_lcd.o
    0x08001778   0x000000d4   Code   RO         3260    i.LCD_SPIConfig     stm32f429i_discovery_lcd.o
    0x0800184c   0x0000000c   Code   RO         3266    i.LCD_SetFont       stm32f429i_discovery_lcd.o
    0x08001858   0x0000002c   Code   RO         3267    i.LCD_SetLayer      stm32f429i_discovery_lcd.o
    0x08001884   0x0000004c   Code   RO         3273    i.LCD_WriteCommand  stm32f429i_discovery_lcd.o
    0x080018d0   0x00000048   Code   RO         3274    i.LCD_WriteData     stm32f429i_discovery_lcd.o
    0x08001918   0x0000001c   Code   RO          181    i.LED_Config        main.o
    0x08001934   0x00000024   Code   RO         1600    i.LTDC_Cmd          stm32f4xx_ltdc.o
    0x08001958   0x00000024   Code   RO         1604    i.LTDC_DitherCmd    stm32f4xx_ltdc.o
    0x0800197c   0x00000188   Code   RO         1611    i.LTDC_Init         stm32f4xx_ltdc.o
    0x08001b04   0x00000016   Code   RO         1615    i.LTDC_LayerCmd     stm32f4xx_ltdc.o
    0x08001b1a   0x00000114   Code   RO         1616    i.LTDC_LayerInit    stm32f4xx_ltdc.o
    0x08001c2e   0x00000002   PAD
    0x08001c30   0x0000000c   Code   RO         1623    i.LTDC_ReloadConfig  stm32f4xx_ltdc.o
    0x08001c3c   0x00000004   Code   RO          308    i.MemManage_Handler  stm32f4xx_it.o
    0x08001c40   0x00000002   Code   RO          309    i.NMI_Handler       stm32f4xx_it.o
    0x08001c42   0x00000002   PAD
    0x08001c44   0x00000078   Code   RO          493    i.NVIC_Init         misc.o
    0x08001cbc   0x0000000c   Code   RO          182    i.PB_Config         main.o
    0x08001cc8   0x00000002   Code   RO          310    i.PendSV_Handler    stm32f4xx_it.o
    0x08001cca   0x00000002   PAD
    0x08001ccc   0x00000020   Code   RO         1789    i.RCC_AHB1PeriphClockCmd  stm32f4xx_rcc.o
    0x08001cec   0x00000020   Code   RO         1792    i.RCC_AHB2PeriphClockCmd  stm32f4xx_rcc.o
    0x08001d0c   0x00000020   Code   RO         1795    i.RCC_AHB3PeriphClockCmd  stm32f4xx_rcc.o
    0x08001d2c   0x00000020   Code   RO         1798    i.RCC_APB1PeriphClockCmd  stm32f4xx_rcc.o
    0x08001d4c   0x00000020   Code   RO         1800    i.RCC_APB1PeriphResetCmd  stm32f4xx_rcc.o
    0x08001d6c   0x00000020   Code   RO         1801    i.RCC_APB2PeriphClockCmd  stm32f4xx_rcc.o
    0x08001d8c   0x00000020   Code   RO         1803    i.RCC_APB2PeriphResetCmd  stm32f4xx_rcc.o
    0x08001dac   0x00000040   Code   RO         1811    i.RCC_GetFlagStatus  stm32f4xx_rcc.o
    0x08001dec   0x00000018   Code   RO         1821    i.RCC_LTDCCLKDivConfig  stm32f4xx_rcc.o
    0x08001e04   0x0000000c   Code   RO         1830    i.RCC_PLLSAICmd     stm32f4xx_rcc.o
    0x08001e10   0x00000018   Code   RO         1831    i.RCC_PLLSAIConfig  stm32f4xx_rcc.o
    0x08001e28   0x00000024   Code   RO            5    i.RNG_Cmd           stm32f4xx_rng.o
    0x08001e4c   0x00000012   Code   RO          183    i.RNG_Config        main.o
    0x08001e5e   0x00000002   PAD
    0x08001e60   0x0000000c   Code   RO            9    i.RNG_GetRandomNumber  stm32f4xx_rng.o
    0x08001e6c   0x00000204   Code   RO         3552    i.SDRAM_GPIOConfig  stm32f429i_discovery_sdram.o
    0x08002070   0x00000068   Code   RO         3553    i.SDRAM_Init        stm32f429i_discovery_sdram.o
    0x080020d8   0x000000c8   Code   RO         3554    i.SDRAM_InitSequence  stm32f429i_discovery_sdram.o
    0x080021a0   0x00000018   Code   RO         2123    i.SPI_Cmd           stm32f4xx_spi.o
    0x080021b8   0x000000b0   Code   RO         2130    i.SPI_I2S_DeInit    stm32f4xx_spi.o
    0x08002268   0x00000012   Code   RO         2131    i.SPI_I2S_GetFlagStatus  stm32f4xx_spi.o
    0x0800227a   0x00000004   Code   RO         2135    i.SPI_I2S_SendData  stm32f4xx_spi.o
    0x0800227e   0x0000003c   Code   RO         2136    i.SPI_Init          stm32f4xx_spi.o
    0x080022ba   0x00000002   PAD
    0x080022bc   0x0000004c   Code   RO         3153    i.STM_EVAL_LEDInit  stm32f429i_discovery.o
    0x08002308   0x00000018   Code   RO         3154    i.STM_EVAL_LEDOff   stm32f429i_discovery.o
    0x08002320   0x00000018   Code   RO         3155    i.STM_EVAL_LEDOn    stm32f429i_discovery.o
    0x08002338   0x000000ac   Code   RO         3158    i.STM_EVAL_PBInit   stm32f429i_discovery.o
    0x080023e4   0x00000002   Code   RO          311    i.SVC_Handler       stm32f4xx_it.o
    0x080023e6   0x00000002   PAD
    0x080023e8   0x00000040   Code   RO         2284    i.SYSCFG_EXTILineConfig  stm32f4xx_syscfg.o
    0x08002428   0x0000011c   Code   RO          393    i.SetSysClock       system_stm32f4xx.o
    0x08002544   0x00000002   Code   RO          312    i.SysTick_Handler   stm32f4xx_it.o
    0x08002546   0x00000002   PAD
    0x08002548   0x00000068   Code   RO          395    i.SystemInit        system_stm32f4xx.o
    0x080025b0   0x00000050   Code   RO          184    i.TIM3_Config       main.o
    0x08002600   0x00000024   Code   RO          313    i.TIM3_IRQHandler   stm32f4xx_it.o
    0x08002624   0x00000038   Code   RO          185    i.TIM3_OCConfig     main.o
    0x0800265c   0x00000006   Code   RO         2348    i.TIM_ClearITPendingBit  stm32f4xx_tim.o
    0x08002662   0x00000018   Code   RO         2353    i.TIM_Cmd           stm32f4xx_tim.o
    0x0800267a   0x00000006   Code   RO         2372    i.TIM_GetCounter    stm32f4xx_tim.o
    0x08002680   0x00000022   Code   RO         2374    i.TIM_GetITStatus   stm32f4xx_tim.o
    0x080026a2   0x00000012   Code   RO         2378    i.TIM_ITConfig      stm32f4xx_tim.o
    0x080026b4   0x0000007c   Code   RO         2382    i.TIM_OC1Init       stm32f4xx_tim.o
    0x08002730   0x00000012   Code   RO         2385    i.TIM_OC1PreloadConfig  stm32f4xx_tim.o
    0x08002742   0x00000006   Code   RO         2402    i.TIM_PrescalerConfig  stm32f4xx_tim.o
    0x08002748   0x00000004   Code   RO         2419    i.TIM_SetCounter    stm32f4xx_tim.o
    0x0800274c   0x00000084   Code   RO         2425    i.TIM_TimeBaseInit  stm32f4xx_tim.o
    0x080027d0   0x00000004   Code   RO          314    i.UsageFault_Handler  stm32f4xx_it.o
    0x080027d4   0x00000028   Code   RO         3837    i.__0sprintf        mc_w.l(printfa.o)
    0x080027fc   0x0000000e   Code   RO         3911    i.__scatterload_copy  mc_w.l(handlers.o)
    0x0800280a   0x00000002   Code   RO         3912    i.__scatterload_null  mc_w.l(handlers.o)
    0x0800280c   0x0000000e   Code   RO         3913    i.__scatterload_zeroinit  mc_w.l(handlers.o)
    0x0800281a   0x00000002   PAD
    0x0800281c   0x0000015c   Code   RO         3842    i._fp_digits        mc_w.l(printfa.o)
    0x08002978   0x000006f0   Code   RO         3843    i._printf_core      mc_w.l(printfa.o)
    0x08003068   0x00000026   Code   RO         3844    i._printf_post_padding  mc_w.l(printfa.o)
    0x0800308e   0x00000030   Code   RO         3845    i._printf_pre_padding  mc_w.l(printfa.o)
    0x080030be   0x0000000a   Code   RO         3847    i._sputc            mc_w.l(printfa.o)
    0x080030c8   0x0000001c   Code   RO         3276    i.delay             stm32f429i_discovery_lcd.o
    0x080030e4   0x00000024   Code   RO         3557    i.delay             stm32f429i_discovery_sdram.o
    0x08003108   0x00000080   Code   RO          187    i.externalButton    main.o
    0x08003188   0x00000270   Code   RO          188    i.main              main.o
    0x080033f8   0x0000003c   Code   RO          189    i.randomNumber      main.o
    0x08003434   0x00000038   Code   RO          190    i.resetTimer        main.o
    0x0800346c   0x00000038   Code   RO          191    i.resetTimerLong    main.o
    0x080034a4   0x00000019   Data   RO         3163    .constdata          stm32f429i_discovery.o
    0x080034bd   0x00000001   PAD
    0x080034be   0x000029d0   Data   RO         3277    .constdata          stm32f429i_discovery_lcd.o
    0x08005e8e   0x00000002   PAD
    0x08005e90   0x00000020   Data   RO         3909    Region$$Table       anon$$obj.o


    Execution Region RW_IRAM1 (Base: 0x20000000, Size: 0x000004c0, Max: 0x00030000, ABSOLUTE)

    Base Addr    Size         Type   Attr      Idx    E Section Name        Object

    0x20000000   0x00000026   Data   RW          193    .data               main.o
    0x20000026   0x00000002   PAD
    0x20000028   0x00000014   Data   RW          396    .data               system_stm32f4xx.o
    0x2000003c   0x00000002   Data   RW          437    .data               eeprom.o
    0x2000003e   0x00000002   PAD
    0x20000040   0x00000010   Data   RW         3164    .data               stm32f429i_discovery.o
    0x20000050   0x00000030   Data   RW         3278    .data               stm32f429i_discovery_lcd.o
    0x20000080   0x0000003d   Zero   RW          192    .bss                main.o
    0x200000bd   0x00000003   PAD
    0x200000c0   0x00000400   Zero   RW          484    STACK               startup_stm32f429_439xx.o


==============================================================================

Image component sizes


      Code (inc. data)   RO Data    RW Data    ZI Data      Debug   Object Name

      1128         60          0          2          0       6033   eeprom.o
      1118        116          0         38         61       8488   main.o
       120         12          0          0          0       1216   misc.o
        36          8        428          0       1024        768   startup_stm32f429_439xx.o
       296         60         25         16          0       3962   stm32f429i_discovery.o
      2298        138      10704         48          0      14972   stm32f429i_discovery_lcd.o
       856         28          0          0          0       3553   stm32f429i_discovery_sdram.o
       160         12          0          0          0       1781   stm32f4xx_exti.o
       370         28          0          0          0       3958   stm32f4xx_flash.o
       384         30          0          0          0       3855   stm32f4xx_fmc.o
       232          0          0          0          0       3975   stm32f4xx_gpio.o
       102         16          0          0          0       5042   stm32f4xx_it.o
       774         32          0          0          0       4713   stm32f4xx_ltdc.o
       348         64          0          0          0       7341   stm32f4xx_rcc.o
        48         12          0          0          0     321132   stm32f4xx_rng.o
       282         24          0          0          0       4053   stm32f4xx_spi.o
        64          4          0          0          0        728   stm32f4xx_syscfg.o
       372         38          0          0          0       7571   stm32f4xx_tim.o
       388         32          0         20          0       1701   system_stm32f4xx.o

    ----------------------------------------------------------------------
      9396        714      11192        128       1088     404842   Object Totals
         0          0         32          0          0          0   (incl. Generated)
        20          0          3          4          3          0   (incl. Padding)

    ----------------------------------------------------------------------

      Code (inc. data)   RO Data    RW Data    ZI Data      Debug   Library Member Name

         0          0          0          0          0          0   entry.o
         0          0          0          0          0          0   entry10a.o
         0          0          0          0          0          0   entry11a.o
         8          4          0          0          0          0   entry2.o
         4          0          0          0          0          0   entry5.o
         0          0          0          0          0          0   entry7b.o
         0          0          0          0          0          0   entry8b.o
         8          4          0          0          0          0   entry9a.o
        30          0          0          0          0          0   handlers.o
        36          8          0          0          0         68   init.o
         0          0          0          0          0          0   iusefp.o
        30          0          0          0          0         68   llshl.o
        36          0          0          0          0         68   llsshr.o
        32          0          0          0          0         68   llushr.o
      2260         86          0          0          0        512   printfa.o
        44          0          0          0          0         80   uidiv.o
        98          0          0          0          0         92   uldiv.o
        40          2          0          0          0         68   cdrcmple.o
       334          0          0          0          0        148   dadd.o
       222          0          0          0          0        100   ddiv.o
       190          0          0          0          0        176   depilogue.o
        48          0          0          0          0         68   dfixul.o
       228          0          0          0          0         96   dmul.o

    ----------------------------------------------------------------------
      3652        104          0          0          0       1612   Library Totals
         4          0          0          0          0          0   (incl. Padding)

    ----------------------------------------------------------------------

      Code (inc. data)   RO Data    RW Data    ZI Data      Debug   Library Name

      2586        102          0          0          0        956   mc_w.l
      1062          2          0          0          0        656   mf_w.l

    ----------------------------------------------------------------------
      3652        104          0          0          0       1612   Library Totals

    ----------------------------------------------------------------------

==============================================================================


      Code (inc. data)   RO Data    RW Data    ZI Data      Debug   

     13048        818      11192        128       1088     395422   Grand Totals
     13048        818      11192        128       1088     395422   ELF Image Totals
     13048        818      11192        128          0          0   ROM Totals

==============================================================================

    Total RO  Size (Code + RO Data)                24240 (  23.67kB)
    Total RW  Size (RW Data + ZI Data)              1216 (   1.19kB)
    Total ROM Size (Code + RO Data + RW Data)      24368 (  23.80kB)

==============================================================================

